******************************************************************************
                  TI ARM Linker PC v5.1.1                      
******************************************************************************
>> Linked Mon Nov 18 00:44:01 2013

OUTPUT FILE NAME:   <AeroBal.out>
ENTRY POINT SYMBOL: "_c_int00"  address: 000014bd


MEMORY CONFIGURATION

         name            origin    length      used     unused   attr    fill
----------------------  --------  ---------  --------  --------  ----  --------
  FLASH                 00000000   00040000  00001762  0003e89e  R  X
  SRAM                  20000000   00008000  00000fbc  00007044  RW X


SEGMENT ALLOCATION MAP

run origin  load origin   length   init length attrs members
----------  ----------- ---------- ----------- ----- -------
00000000    00000000    00001768   00001768    r-x
  00000000    00000000    0000026c   0000026c    r-- .intvecs
  0000026c    0000026c    00001456   00001456    r-x .text
  000016c8    000016c8    000000a0   000000a0    r-- .cinit
20000000    20000000    00000fbc   00000000    rw-
  20000000    20000000    00000800   00000000    rw- .sysmem
  20000800    20000800    00000400   00000000    rw- .stack
  20000c00    20000c00    000001f4   00000000    rw- .data
  20000df4    20000df4    000001c8   00000000    rw- .bss


SECTION ALLOCATION MAP

 output                                  attributes/
section   page    origin      length       input sections
--------  ----  ----------  ----------   ----------------
.intvecs   0    00000000    0000026c     
                  00000000    0000026c     tm4c1230h6pm_startup_ccs.obj (.intvecs)

.init_array 
*          0    00000000    00000000     UNINITIALIZED

.text      0    0000026c    00001456     
                  0000026c    000003cc     rtsv7M4_T_le_v4SPD16_eabi.lib : memory.obj (.text)
                  00000638    00000310                                   : lowlev.obj (.text)
                  00000948    000002d4                                   : trgdrv.obj (.text)
                  00000c1c    000001c0                                   : fopen.obj (.text)
                  00000ddc    00000134                                   : fputs.obj (.text)
                  00000f10    000000dc                                   : setvbuf.obj (.text)
                  00000fec    000000c0                                   : fflush.obj (.text)
                  000010ac    000000ac                                   : _io_perm.obj (.text)
                  00001158    0000009c                                   : memcpy_t2.obj (.text)
                  000011f4    00000098                                   : fclose.obj (.text)
                  0000128c    00000094                                   : auto_init.obj (.text)
                  00001320    00000078                                   : memset_t2.obj (.text)
                  00001398    00000064                                   : fseek.obj (.text)
                  000013fc    00000060                                   : trgmsg.obj (.text)
                  0000145c    0000005e                                   : copy_decompress_rle.obj (.text)
                  000014ba    00000002     --HOLE-- [fill = 0]
                  000014bc    00000048                                   : boot.obj (.text)
                  00001504    00000044                                   : cpy_tbl.obj (.text)
                  00001548    00000044                                   : exit.obj (.text)
                  0000158c    00000040     main.obj (.text)
                  000015cc    00000030     rtsv7M4_T_le_v4SPD16_eabi.lib : strncpy.obj (.text)
                  000015fc    00000018                                   : args_main.obj (.text)
                  00001614    00000018                                   : strcmp.obj (.text)
                  0000162c    00000016                                   : memchr.obj (.text)
                  00001642    00000016                                   : strchr.obj (.text)
                  00001658    00000014                                   : _lock.obj (.text)
                  0000166c    00000014                                   : strlen.obj (.text)
                  00001680    00000012                                   : copy_zero_init.obj (.text:decompress:ZI)
                  00001692    00000010                                   : strcpy.obj (.text)
                  000016a2    0000000e                                   : copy_decompress_none.obj (.text:decompress:none)
                  000016b0    0000000c     tm4c1230h6pm_startup_ccs.obj (.text)
                  000016bc    00000006     rtsv7M4_T_le_v4SPD16_eabi.lib : copy_decompress_rle.obj (.text:decompress:rle24)

.cinit     0    000016c8    000000a0     
                  000016c8    00000075     (.cinit..data.load) [load image, compression = rle]
                  0000173d    00000003     --HOLE-- [fill = 0]
                  00001740    0000000c     (__TI_handler_table)
                  0000174c    00000004     --HOLE-- [fill = 0]
                  00001750    00000008     (.cinit..bss.load) [load image, compression = zero_init]
                  00001758    00000010     (__TI_cinit_table)

.sysmem    0    20000000    00000800     UNINITIALIZED
                  20000000    00000008     rtsv7M4_T_le_v4SPD16_eabi.lib : memory.obj (.sysmem)
                  20000008    000007f8     --HOLE--

.stack     0    20000800    00000400     UNINITIALIZED
                  20000800    00000400     --HOLE--

.data      0    20000c00    000001f4     UNINITIALIZED
                  20000c00    000000f0     rtsv7M4_T_le_v4SPD16_eabi.lib : defs.obj (.data:_ftable)
                  20000cf0    000000d0                                   : lowlev.obj (.data)
                  20000dc0    00000010                                   : defs.obj (.data)
                  20000dd0    0000000c                                   : memory.obj (.data)
                  20000ddc    00000008                                   : _lock.obj (.data)
                  20000de4    00000008                                   : exit.obj (.data)
                  20000dec    00000004                                   : fopen.obj (.data)
                  20000df0    00000004                                   : stkdepth_vars.obj (.data)

.bss       0    20000df4    000001c8     UNINITIALIZED
                  20000df4    00000120     rtsv7M4_T_le_v4SPD16_eabi.lib : trgmsg.obj (.bss:__CIOBUF_)
                  20000f14    000000a0                                   : defs.obj (.bss:__TI_tmpnams)
                  20000fb4    00000008     (.common:parmbuf)


LINKER GENERATED COPY TABLES

__TI_cinit_table @ 00001758 records: 2, size/record: 8, table size: 16
	.data: load addr=000016c8, load size=00000075 bytes, run addr=20000c00, run size=000001f4 bytes, compression=rle
	.bss: load addr=00001750, load size=00000008 bytes, run addr=20000df4, run size=000001c8 bytes, compression=zero_init


LINKER GENERATED HANDLER TABLE

__TI_handler_table @ 00001740 records: 3, size/record: 4, table size: 12
	index: 0, handler: __TI_decompress_rle24
	index: 1, handler: __TI_decompress_none
	index: 2, handler: __TI_zero_init


GLOBAL SYMBOLS: SORTED ALPHABETICALLY BY Name 

address    name
--------   ----
00001549   C$$EXIT
00001427   C$$IO$$
00000bd5   HOSTclock
00000b9d   HOSTclose
00000b5f   HOSTgetenv
00000b03   HOSTlseek
00000ab1   HOSTopen
00000a65   HOSTread
00000a07   HOSTrename
000009cd   HOSTtime
00000995   HOSTunlink
00000949   HOSTwrite
000016b1   ResetISR
UNDEFED    SHT$$INIT_ARRAY$$Base
UNDEFED    SHT$$INIT_ARRAY$$Limit
20000df4   __CIOBUF_
20000c00   __STACK_END
00000400   __STACK_SIZE
20000a00   __STACK_TOP
00000800   __SYSMEM_SIZE
00001758   __TI_CINIT_Base
00001768   __TI_CINIT_Limit
00001740   __TI_Handler_Table_Base
0000174c   __TI_Handler_Table_Limit
00000001   __TI_args_main
0000128d   __TI_auto_init
00000ce5   __TI_cleanup
20000de4   __TI_cleanup_ptr
000011f5   __TI_closefile
000016a3   __TI_decompress_none
000016bd   __TI_decompress_rle24
00000fed   __TI_doflush
20000de8   __TI_dtors_ptr
20000dc0   __TI_ft_end
0000110f   __TI_rd_ok
0000142b   __TI_readmsg
00000000   __TI_static_base__
20000f14   __TI_tmpnams
000013fd   __TI_writemsg
000010ad   __TI_wrt_ok
00001681   __TI_zero_init
00001321   __aeabi_memclr
00001321   __aeabi_memclr4
00001321   __aeabi_memclr8
00001159   __aeabi_memcpy
00001159   __aeabi_memcpy4
00001159   __aeabi_memcpy8
00001323   __aeabi_memset
00001323   __aeabi_memset4
00001323   __aeabi_memset8
20000dcc   __aeabi_stderr
20000dc4   __aeabi_stdin
20000dc8   __aeabi_stdout
ffffffff   __binit__
ffffffff   __c_args__
20000800   __stack
000015fd   _args_main
000014bd   _c_int00
20000c00   _ftable
20000ddc   _lock
00001667   _nop
0000165f   _register_lock
00001659   _register_unlock
20000000   _sys_memory
20000de0   _unlock
0000154d   abort
0000089b   add_device
ffffffff   binit
00001597   callFunc
00000601   calloc
00000849   close
00001505   copy_in
00001555   exit
0000125b   fclose
00001039   fflush
00000d3b   fopen
00000ddd   fputs
0000035b   free
00000d11   freopen
00001399   fseek
0000158d   func
00000000   g_pfnVectors
00000825   lseek
000015a1   main
20000df0   main_func_sp
000002f9   malloc
00000521   memalign
0000162d   memchr
00001159   memcpy
00001329   memset
0000026d   minit
00000777   open
00000ee9   puts
00000753   read
0000041b   realloc
000006c9   remove
0000072b   remove_device
000006ed   rename
00000f11   setvbuf
00001643   strchr
00001615   strcmp
00001693   strcpy
0000166d   strlen
000015cd   strncpy
000006c9   unlink
00000639   write


GLOBAL SYMBOLS: SORTED BY Symbol Address 

address    name
--------   ----
00000000   __TI_static_base__
00000000   g_pfnVectors
00000001   __TI_args_main
0000026d   minit
000002f9   malloc
0000035b   free
00000400   __STACK_SIZE
0000041b   realloc
00000521   memalign
00000601   calloc
00000639   write
000006c9   remove
000006c9   unlink
000006ed   rename
0000072b   remove_device
00000753   read
00000777   open
00000800   __SYSMEM_SIZE
00000825   lseek
00000849   close
0000089b   add_device
00000949   HOSTwrite
00000995   HOSTunlink
000009cd   HOSTtime
00000a07   HOSTrename
00000a65   HOSTread
00000ab1   HOSTopen
00000b03   HOSTlseek
00000b5f   HOSTgetenv
00000b9d   HOSTclose
00000bd5   HOSTclock
00000ce5   __TI_cleanup
00000d11   freopen
00000d3b   fopen
00000ddd   fputs
00000ee9   puts
00000f11   setvbuf
00000fed   __TI_doflush
00001039   fflush
000010ad   __TI_wrt_ok
0000110f   __TI_rd_ok
00001159   __aeabi_memcpy
00001159   __aeabi_memcpy4
00001159   __aeabi_memcpy8
00001159   memcpy
000011f5   __TI_closefile
0000125b   fclose
0000128d   __TI_auto_init
00001321   __aeabi_memclr
00001321   __aeabi_memclr4
00001321   __aeabi_memclr8
00001323   __aeabi_memset
00001323   __aeabi_memset4
00001323   __aeabi_memset8
00001329   memset
00001399   fseek
000013fd   __TI_writemsg
00001427   C$$IO$$
0000142b   __TI_readmsg
000014bd   _c_int00
00001505   copy_in
00001549   C$$EXIT
0000154d   abort
00001555   exit
0000158d   func
00001597   callFunc
000015a1   main
000015cd   strncpy
000015fd   _args_main
00001615   strcmp
0000162d   memchr
00001643   strchr
00001659   _register_unlock
0000165f   _register_lock
00001667   _nop
0000166d   strlen
00001681   __TI_zero_init
00001693   strcpy
000016a3   __TI_decompress_none
000016b1   ResetISR
000016bd   __TI_decompress_rle24
00001740   __TI_Handler_Table_Base
0000174c   __TI_Handler_Table_Limit
00001758   __TI_CINIT_Base
00001768   __TI_CINIT_Limit
20000000   _sys_memory
20000800   __stack
20000a00   __STACK_TOP
20000c00   __STACK_END
20000c00   _ftable
20000dc0   __TI_ft_end
20000dc4   __aeabi_stdin
20000dc8   __aeabi_stdout
20000dcc   __aeabi_stderr
20000ddc   _lock
20000de0   _unlock
20000de4   __TI_cleanup_ptr
20000de8   __TI_dtors_ptr
20000df0   main_func_sp
20000df4   __CIOBUF_
20000f14   __TI_tmpnams
ffffffff   __binit__
ffffffff   __c_args__
ffffffff   binit
UNDEFED    SHT$$INIT_ARRAY$$Base
UNDEFED    SHT$$INIT_ARRAY$$Limit

[106 symbols]
