<?xml version="1.0"?>
<link_info>
   <banner>TI ARM Linker PC v5.1.1</banner>
   <copyright>Copyright (c) 1996-2013 Texas Instruments Incorporated</copyright>
   <link_time>0x5289e0e1</link_time>
   <link_errors>0x0</link_errors>
   <output_file>Aerobalv2.out</output_file>
   <entry_point>
      <name>_c_int00</name>
      <address>0x233d</address>
   </entry_point>
   <input_file_list>
      <input_file id="fl-2">
         <path>.\a.lib\</path>
         <kind>object</kind>
         <file>lcd.obj</file>
         <name>lcd.obj</name>
      </input_file>
      <input_file id="fl-3">
         <path>.\a.lib\</path>
         <kind>object</kind>
         <file>gpio.obj</file>
         <name>gpio.obj</name>
      </input_file>
      <input_file id="fl-4">
         <path>.\</path>
         <kind>object</kind>
         <file>tm4c1230h6pm_startup_ccs.obj</file>
         <name>tm4c1230h6pm_startup_ccs.obj</name>
      </input_file>
      <input_file id="fl-5">
         <path>.\</path>
         <kind>object</kind>
         <file>main.obj</file>
         <name>main.obj</name>
      </input_file>
      <input_file id="fl-a">
         <path>C:\ti\TivaWare_C_Series-1.0\examples\boards\ek-tm4c123gxl\project0\ccs\..\..\..\..\..\driverlib\ccs\Debug\</path>
         <kind>archive</kind>
         <file>driverlib.lib</file>
         <name>uart.obj</name>
      </input_file>
      <input_file id="fl-b">
         <path>C:\ti\TivaWare_C_Series-1.0\examples\boards\ek-tm4c123gxl\project0\ccs\..\..\..\..\..\driverlib\ccs\Debug\</path>
         <kind>archive</kind>
         <file>driverlib.lib</file>
         <name>sysctl.obj</name>
      </input_file>
      <input_file id="fl-c">
         <path>C:\ti\TivaWare_C_Series-1.0\examples\boards\ek-tm4c123gxl\project0\ccs\..\..\..\..\..\driverlib\ccs\Debug\</path>
         <kind>archive</kind>
         <file>driverlib.lib</file>
         <name>interrupt.obj</name>
      </input_file>
      <input_file id="fl-d">
         <path>C:\ti\TivaWare_C_Series-1.0\examples\boards\ek-tm4c123gxl\project0\ccs\..\..\..\..\..\driverlib\ccs\Debug\</path>
         <kind>archive</kind>
         <file>driverlib.lib</file>
         <name>gpio.obj</name>
      </input_file>
      <input_file id="fl-e">
         <path>C:\ti\TivaWare_C_Series-1.0\examples\boards\ek-tm4c123gxl\project0\ccs\..\..\..\..\..\driverlib\ccs\Debug\</path>
         <kind>archive</kind>
         <file>driverlib.lib</file>
         <name>fpu.obj</name>
      </input_file>
      <input_file id="fl-f">
         <path>C:\ti\TivaWare_C_Series-1.0\examples\boards\ek-tm4c123gxl\project0\ccs\..\..\..\..\..\driverlib\ccs\Debug\</path>
         <kind>archive</kind>
         <file>driverlib.lib</file>
         <name>cpu.obj</name>
      </input_file>
      <input_file id="fl-139">
         <path>C:\ti\ccsv5\tools\compiler\arm_5.1.1\lib\</path>
         <kind>archive</kind>
         <file>rtsv7M4_T_le_v4SPD16_eabi.lib</file>
         <name>boot.obj</name>
      </input_file>
      <input_file id="fl-13a">
         <path>C:\ti\ccsv5\tools\compiler\arm_5.1.1\lib\</path>
         <kind>archive</kind>
         <file>rtsv7M4_T_le_v4SPD16_eabi.lib</file>
         <name>copy_decompress_none.obj</name>
      </input_file>
      <input_file id="fl-13b">
         <path>C:\ti\ccsv5\tools\compiler\arm_5.1.1\lib\</path>
         <kind>archive</kind>
         <file>rtsv7M4_T_le_v4SPD16_eabi.lib</file>
         <name>copy_decompress_rle.obj</name>
      </input_file>
      <input_file id="fl-13c">
         <path>C:\ti\ccsv5\tools\compiler\arm_5.1.1\lib\</path>
         <kind>archive</kind>
         <file>rtsv7M4_T_le_v4SPD16_eabi.lib</file>
         <name>copy_zero_init.obj</name>
      </input_file>
      <input_file id="fl-13d">
         <path>C:\ti\ccsv5\tools\compiler\arm_5.1.1\lib\</path>
         <kind>archive</kind>
         <file>rtsv7M4_T_le_v4SPD16_eabi.lib</file>
         <name>exit.obj</name>
      </input_file>
      <input_file id="fl-13e">
         <path>C:\ti\ccsv5\tools\compiler\arm_5.1.1\lib\</path>
         <kind>archive</kind>
         <file>rtsv7M4_T_le_v4SPD16_eabi.lib</file>
         <name>fd_add_t2.obj</name>
      </input_file>
      <input_file id="fl-13f">
         <path>C:\ti\ccsv5\tools\compiler\arm_5.1.1\lib\</path>
         <kind>archive</kind>
         <file>rtsv7M4_T_le_v4SPD16_eabi.lib</file>
         <name>fd_cmp_t2.obj</name>
      </input_file>
      <input_file id="fl-140">
         <path>C:\ti\ccsv5\tools\compiler\arm_5.1.1\lib\</path>
         <kind>archive</kind>
         <file>rtsv7M4_T_le_v4SPD16_eabi.lib</file>
         <name>fd_mul_t2.obj</name>
      </input_file>
      <input_file id="fl-141">
         <path>C:\ti\ccsv5\tools\compiler\arm_5.1.1\lib\</path>
         <kind>archive</kind>
         <file>rtsv7M4_T_le_v4SPD16_eabi.lib</file>
         <name>fd_toi_t2.obj</name>
      </input_file>
      <input_file id="fl-142">
         <path>C:\ti\ccsv5\tools\compiler\arm_5.1.1\lib\</path>
         <kind>archive</kind>
         <file>rtsv7M4_T_le_v4SPD16_eabi.lib</file>
         <name>fputs.obj</name>
      </input_file>
      <input_file id="fl-143">
         <path>C:\ti\ccsv5\tools\compiler\arm_5.1.1\lib\</path>
         <kind>archive</kind>
         <file>rtsv7M4_T_le_v4SPD16_eabi.lib</file>
         <name>i_tofd_t2.obj</name>
      </input_file>
      <input_file id="fl-144">
         <path>C:\ti\ccsv5\tools\compiler\arm_5.1.1\lib\</path>
         <kind>archive</kind>
         <file>rtsv7M4_T_le_v4SPD16_eabi.lib</file>
         <name>log10.obj</name>
      </input_file>
      <input_file id="fl-145">
         <path>C:\ti\ccsv5\tools\compiler\arm_5.1.1\lib\</path>
         <kind>archive</kind>
         <file>rtsv7M4_T_le_v4SPD16_eabi.lib</file>
         <name>lowlev.obj</name>
      </input_file>
      <input_file id="fl-146">
         <path>C:\ti\ccsv5\tools\compiler\arm_5.1.1\lib\</path>
         <kind>archive</kind>
         <file>rtsv7M4_T_le_v4SPD16_eabi.lib</file>
         <name>memchr.obj</name>
      </input_file>
      <input_file id="fl-147">
         <path>C:\ti\ccsv5\tools\compiler\arm_5.1.1\lib\</path>
         <kind>archive</kind>
         <file>rtsv7M4_T_le_v4SPD16_eabi.lib</file>
         <name>memcpy_t2.obj</name>
      </input_file>
      <input_file id="fl-148">
         <path>C:\ti\ccsv5\tools\compiler\arm_5.1.1\lib\</path>
         <kind>archive</kind>
         <file>rtsv7M4_T_le_v4SPD16_eabi.lib</file>
         <name>memory.obj</name>
      </input_file>
      <input_file id="fl-149">
         <path>C:\ti\ccsv5\tools\compiler\arm_5.1.1\lib\</path>
         <kind>archive</kind>
         <file>rtsv7M4_T_le_v4SPD16_eabi.lib</file>
         <name>stkdepth_vars.obj</name>
      </input_file>
      <input_file id="fl-14a">
         <path>C:\ti\ccsv5\tools\compiler\arm_5.1.1\lib\</path>
         <kind>archive</kind>
         <file>rtsv7M4_T_le_v4SPD16_eabi.lib</file>
         <name>strchr.obj</name>
      </input_file>
      <input_file id="fl-14b">
         <path>C:\ti\ccsv5\tools\compiler\arm_5.1.1\lib\</path>
         <kind>archive</kind>
         <file>rtsv7M4_T_le_v4SPD16_eabi.lib</file>
         <name>strcmp.obj</name>
      </input_file>
      <input_file id="fl-14c">
         <path>C:\ti\ccsv5\tools\compiler\arm_5.1.1\lib\</path>
         <kind>archive</kind>
         <file>rtsv7M4_T_le_v4SPD16_eabi.lib</file>
         <name>strncpy.obj</name>
      </input_file>
      <input_file id="fl-14d">
         <path>C:\ti\ccsv5\tools\compiler\arm_5.1.1\lib\</path>
         <kind>archive</kind>
         <file>rtsv7M4_T_le_v4SPD16_eabi.lib</file>
         <name>trgdrv.obj</name>
      </input_file>
      <input_file id="fl-14e">
         <path>C:\ti\ccsv5\tools\compiler\arm_5.1.1\lib\</path>
         <kind>archive</kind>
         <file>rtsv7M4_T_le_v4SPD16_eabi.lib</file>
         <name>trgmsg.obj</name>
      </input_file>
      <input_file id="fl-14f">
         <path>C:\ti\ccsv5\tools\compiler\arm_5.1.1\lib\</path>
         <kind>archive</kind>
         <file>rtsv7M4_T_le_v4SPD16_eabi.lib</file>
         <name>u_tofd_t2.obj</name>
      </input_file>
      <input_file id="fl-150">
         <path>C:\ti\ccsv5\tools\compiler\arm_5.1.1\lib\</path>
         <kind>archive</kind>
         <file>rtsv7M4_T_le_v4SPD16_eabi.lib</file>
         <name>xlog.obj</name>
      </input_file>
      <input_file id="fl-151">
         <path>C:\ti\ccsv5\tools\compiler\arm_5.1.1\lib\</path>
         <kind>archive</kind>
         <file>rtsv7M4_T_le_v4SPD16_eabi.lib</file>
         <name>xvalues.obj</name>
      </input_file>
      <input_file id="fl-152">
         <path>C:\ti\ccsv5\tools\compiler\arm_5.1.1\lib\</path>
         <kind>archive</kind>
         <file>rtsv7M4_T_le_v4SPD16_eabi.lib</file>
         <name>_io_perm.obj</name>
      </input_file>
      <input_file id="fl-153">
         <path>C:\ti\ccsv5\tools\compiler\arm_5.1.1\lib\</path>
         <kind>archive</kind>
         <file>rtsv7M4_T_le_v4SPD16_eabi.lib</file>
         <name>_lock.obj</name>
      </input_file>
      <input_file id="fl-154">
         <path>C:\ti\ccsv5\tools\compiler\arm_5.1.1\lib\</path>
         <kind>archive</kind>
         <file>rtsv7M4_T_le_v4SPD16_eabi.lib</file>
         <name>args_main.obj</name>
      </input_file>
      <input_file id="fl-155">
         <path>C:\ti\ccsv5\tools\compiler\arm_5.1.1\lib\</path>
         <kind>archive</kind>
         <file>rtsv7M4_T_le_v4SPD16_eabi.lib</file>
         <name>auto_init.obj</name>
      </input_file>
      <input_file id="fl-156">
         <path>C:\ti\ccsv5\tools\compiler\arm_5.1.1\lib\</path>
         <kind>archive</kind>
         <file>rtsv7M4_T_le_v4SPD16_eabi.lib</file>
         <name>cpy_tbl.obj</name>
      </input_file>
      <input_file id="fl-157">
         <path>C:\ti\ccsv5\tools\compiler\arm_5.1.1\lib\</path>
         <kind>archive</kind>
         <file>rtsv7M4_T_le_v4SPD16_eabi.lib</file>
         <name>defs.obj</name>
      </input_file>
      <input_file id="fl-158">
         <path>C:\ti\ccsv5\tools\compiler\arm_5.1.1\lib\</path>
         <kind>archive</kind>
         <file>rtsv7M4_T_le_v4SPD16_eabi.lib</file>
         <name>fd_div_t2.obj</name>
      </input_file>
      <input_file id="fl-159">
         <path>C:\ti\ccsv5\tools\compiler\arm_5.1.1\lib\</path>
         <kind>archive</kind>
         <file>rtsv7M4_T_le_v4SPD16_eabi.lib</file>
         <name>fflush.obj</name>
      </input_file>
      <input_file id="fl-15a">
         <path>C:\ti\ccsv5\tools\compiler\arm_5.1.1\lib\</path>
         <kind>archive</kind>
         <file>rtsv7M4_T_le_v4SPD16_eabi.lib</file>
         <name>fs_tod_t2.obj</name>
      </input_file>
      <input_file id="fl-15b">
         <path>C:\ti\ccsv5\tools\compiler\arm_5.1.1\lib\</path>
         <kind>archive</kind>
         <file>rtsv7M4_T_le_v4SPD16_eabi.lib</file>
         <name>fseek.obj</name>
      </input_file>
      <input_file id="fl-15c">
         <path>C:\ti\ccsv5\tools\compiler\arm_5.1.1\lib\</path>
         <kind>archive</kind>
         <file>rtsv7M4_T_le_v4SPD16_eabi.lib</file>
         <name>setvbuf.obj</name>
      </input_file>
      <input_file id="fl-15d">
         <path>C:\ti\ccsv5\tools\compiler\arm_5.1.1\lib\</path>
         <kind>archive</kind>
         <file>rtsv7M4_T_le_v4SPD16_eabi.lib</file>
         <name>strcpy.obj</name>
      </input_file>
      <input_file id="fl-15e">
         <path>C:\ti\ccsv5\tools\compiler\arm_5.1.1\lib\</path>
         <kind>archive</kind>
         <file>rtsv7M4_T_le_v4SPD16_eabi.lib</file>
         <name>xdunscal.obj</name>
      </input_file>
      <input_file id="fl-15f">
         <path>C:\ti\ccsv5\tools\compiler\arm_5.1.1\lib\</path>
         <kind>archive</kind>
         <file>rtsv7M4_T_le_v4SPD16_eabi.lib</file>
         <name>xferaise.obj</name>
      </input_file>
      <input_file id="fl-160">
         <path>C:\ti\ccsv5\tools\compiler\arm_5.1.1\lib\</path>
         <kind>archive</kind>
         <file>rtsv7M4_T_le_v4SPD16_eabi.lib</file>
         <name>xfvalues.obj</name>
      </input_file>
      <input_file id="fl-161">
         <path>C:\ti\ccsv5\tools\compiler\arm_5.1.1\lib\</path>
         <kind>archive</kind>
         <file>rtsv7M4_T_le_v4SPD16_eabi.lib</file>
         <name>errno.obj</name>
      </input_file>
      <input_file id="fl-162">
         <path>C:\ti\ccsv5\tools\compiler\arm_5.1.1\lib\</path>
         <kind>archive</kind>
         <file>rtsv7M4_T_le_v4SPD16_eabi.lib</file>
         <name>feraiseexcept.obj</name>
      </input_file>
      <input_file id="fl-163">
         <path>C:\ti\ccsv5\tools\compiler\arm_5.1.1\lib\</path>
         <kind>archive</kind>
         <file>rtsv7M4_T_le_v4SPD16_eabi.lib</file>
         <name>fopen.obj</name>
      </input_file>
      <input_file id="fl-164">
         <path>C:\ti\ccsv5\tools\compiler\arm_5.1.1\lib\</path>
         <kind>archive</kind>
         <file>rtsv7M4_T_le_v4SPD16_eabi.lib</file>
         <name>memset_t2.obj</name>
      </input_file>
      <input_file id="fl-165">
         <path>C:\ti\ccsv5\tools\compiler\arm_5.1.1\lib\</path>
         <kind>archive</kind>
         <file>rtsv7M4_T_le_v4SPD16_eabi.lib</file>
         <name>raise.obj</name>
      </input_file>
      <input_file id="fl-166">
         <path>C:\ti\ccsv5\tools\compiler\arm_5.1.1\lib\</path>
         <kind>archive</kind>
         <file>rtsv7M4_T_le_v4SPD16_eabi.lib</file>
         <name>signal.obj</name>
      </input_file>
      <input_file id="fl-167">
         <path>C:\ti\ccsv5\tools\compiler\arm_5.1.1\lib\</path>
         <kind>archive</kind>
         <file>rtsv7M4_T_le_v4SPD16_eabi.lib</file>
         <name>xdnorm.obj</name>
      </input_file>
      <input_file id="fl-168">
         <path>C:\ti\ccsv5\tools\compiler\arm_5.1.1\lib\</path>
         <kind>archive</kind>
         <file>rtsv7M4_T_le_v4SPD16_eabi.lib</file>
         <name>fclose.obj</name>
      </input_file>
      <input_file id="fl-169">
         <path>C:\ti\ccsv5\tools\compiler\arm_5.1.1\lib\</path>
         <kind>archive</kind>
         <file>rtsv7M4_T_le_v4SPD16_eabi.lib</file>
         <name>remove.obj</name>
      </input_file>
   </input_file_list>
   <object_component_list>
      <object_component id="oc-e">
         <name>.intvecs</name>
         <load_address>0x0</load_address>
         <run_address>0x0</run_address>
         <size>0x26c</size>
         <input_file_ref idref="fl-4"/>
      </object_component>
      <object_component id="oc-24b">
         <name>.text</name>
         <load_address>0x26c</load_address>
         <run_address>0x26c</run_address>
         <size>0x3cc</size>
         <input_file_ref idref="fl-148"/>
      </object_component>
      <object_component id="oc-1e3">
         <name>.text</name>
         <load_address>0x638</load_address>
         <run_address>0x638</run_address>
         <size>0x310</size>
         <input_file_ref idref="fl-145"/>
      </object_component>
      <object_component id="oc-280">
         <name>.text</name>
         <load_address>0x948</load_address>
         <run_address>0x948</run_address>
         <size>0x2ec</size>
         <input_file_ref idref="fl-150"/>
      </object_component>
      <object_component id="oc-26a">
         <name>.text</name>
         <load_address>0xc34</load_address>
         <run_address>0xc34</run_address>
         <size>0x2d4</size>
         <input_file_ref idref="fl-14d"/>
      </object_component>
      <object_component id="oc-250">
         <name>.text</name>
         <load_address>0xf08</load_address>
         <run_address>0xf08</run_address>
         <size>0x1c0</size>
         <input_file_ref idref="fl-163"/>
      </object_component>
      <object_component id="oc-2c5">
         <name>.text</name>
         <load_address>0x10c8</load_address>
         <run_address>0x10c8</run_address>
         <size>0x1b6</size>
         <input_file_ref idref="fl-13e"/>
      </object_component>
      <object_component id="oc-2c9">
         <name>.text</name>
         <load_address>0x127e</load_address>
         <run_address>0x127e</run_address>
         <size>0x136</size>
         <input_file_ref idref="fl-158"/>
      </object_component>
      <object_component id="oc-b9">
         <name>.text:main</name>
         <load_address>0x13b4</load_address>
         <run_address>0x13b4</run_address>
         <size>0x134</size>
         <input_file_ref idref="fl-5"/>
      </object_component>
      <object_component id="oc-167">
         <name>.text</name>
         <load_address>0x14e8</load_address>
         <run_address>0x14e8</run_address>
         <size>0x134</size>
         <input_file_ref idref="fl-142"/>
      </object_component>
      <object_component id="oc-121">
         <name>.text:SysCtlClockSet</name>
         <load_address>0x161c</load_address>
         <run_address>0x161c</run_address>
         <size>0x104</size>
         <input_file_ref idref="fl-b"/>
      </object_component>
      <object_component id="oc-2cd">
         <name>.text</name>
         <load_address>0x1720</load_address>
         <run_address>0x1720</run_address>
         <size>0xfc</size>
         <input_file_ref idref="fl-140"/>
      </object_component>
      <object_component id="oc-3a">
         <name>.text:UARTBTIntHandler</name>
         <load_address>0x181c</load_address>
         <run_address>0x181c</run_address>
         <size>0xe4</size>
         <input_file_ref idref="fl-5"/>
      </object_component>
      <object_component id="oc-20b">
         <name>.text</name>
         <load_address>0x1900</load_address>
         <run_address>0x1900</run_address>
         <size>0xdc</size>
         <input_file_ref idref="fl-15c"/>
      </object_component>
      <object_component id="oc-2f0">
         <name>.text</name>
         <load_address>0x19dc</load_address>
         <run_address>0x19dc</run_address>
         <size>0xc4</size>
         <input_file_ref idref="fl-167"/>
      </object_component>
      <object_component id="oc-1de">
         <name>.text</name>
         <load_address>0x1aa0</load_address>
         <run_address>0x1aa0</run_address>
         <size>0xc0</size>
         <input_file_ref idref="fl-159"/>
      </object_component>
      <object_component id="oc-19a">
         <name>.text:GPIOPadConfigSet</name>
         <load_address>0x1b60</load_address>
         <run_address>0x1b60</run_address>
         <size>0xb8</size>
         <input_file_ref idref="fl-d"/>
      </object_component>
      <object_component id="oc-96">
         <name>.text:SysCtlClockGet</name>
         <load_address>0x1c18</load_address>
         <run_address>0x1c18</run_address>
         <size>0xb4</size>
         <input_file_ref idref="fl-b"/>
      </object_component>
      <object_component id="oc-1cf">
         <name>.text</name>
         <load_address>0x1ccc</load_address>
         <run_address>0x1ccc</run_address>
         <size>0xac</size>
         <input_file_ref idref="fl-152"/>
      </object_component>
      <object_component id="oc-53">
         <name>.text</name>
         <load_address>0x1d78</load_address>
         <run_address>0x1d78</run_address>
         <size>0x9c</size>
         <input_file_ref idref="fl-147"/>
      </object_component>
      <object_component id="oc-28d">
         <name>.text</name>
         <load_address>0x1e14</load_address>
         <run_address>0x1e14</run_address>
         <size>0x98</size>
         <input_file_ref idref="fl-168"/>
      </object_component>
      <object_component id="oc-42">
         <name>.text</name>
         <load_address>0x1eac</load_address>
         <run_address>0x1eac</run_address>
         <size>0x94</size>
         <input_file_ref idref="fl-155"/>
      </object_component>
      <object_component id="oc-2c1">
         <name>.text:__aeabi_cdcmple</name>
         <load_address>0x1f40</load_address>
         <run_address>0x1f40</run_address>
         <size>0x7e</size>
         <input_file_ref idref="fl-13f"/>
      </object_component>
      <object_component id="oc-292">
         <name>.text</name>
         <load_address>0x1fbe</load_address>
         <run_address>0x1fbe</run_address>
         <size>0x78</size>
         <input_file_ref idref="fl-164"/>
      </object_component>
      <object_component id="oc-30">
         <name>.text:FaultISR</name>
         <load_address>0x2036</load_address>
         <run_address>0x2036</run_address>
         <size>0x2</size>
         <input_file_ref idref="fl-4"/>
      </object_component>
      <object_component id="oc-13f">
         <name>.text:gpioSetMasterEnable</name>
         <load_address>0x2038</load_address>
         <run_address>0x2038</run_address>
         <size>0x6c</size>
         <input_file_ref idref="fl-3"/>
      </object_component>
      <object_component id="oc-162">
         <name>.text:ftoa</name>
         <load_address>0x20a4</load_address>
         <run_address>0x20a4</run_address>
         <size>0x68</size>
         <input_file_ref idref="fl-5"/>
      </object_component>
      <object_component id="oc-206">
         <name>.text</name>
         <load_address>0x210c</load_address>
         <run_address>0x210c</run_address>
         <size>0x64</size>
         <input_file_ref idref="fl-15b"/>
      </object_component>
      <object_component id="oc-2b3">
         <name>.text</name>
         <load_address>0x2170</load_address>
         <run_address>0x2170</run_address>
         <size>0x64</size>
         <input_file_ref idref="fl-15e"/>
      </object_component>
      <object_component id="oc-153">
         <name>.text:IntEnable</name>
         <load_address>0x21d4</load_address>
         <run_address>0x21d4</run_address>
         <size>0x60</size>
         <input_file_ref idref="fl-c"/>
      </object_component>
      <object_component id="oc-2a1">
         <name>.text</name>
         <load_address>0x2234</load_address>
         <run_address>0x2234</run_address>
         <size>0x60</size>
         <input_file_ref idref="fl-14e"/>
      </object_component>
      <object_component id="oc-65">
         <name>.text</name>
         <load_address>0x2294</load_address>
         <run_address>0x2294</run_address>
         <size>0x5e</size>
         <input_file_ref idref="fl-13b"/>
      </object_component>
      <object_component id="oc-35">
         <name>.text:IntDefaultHandler</name>
         <load_address>0x22f2</load_address>
         <run_address>0x22f2</run_address>
         <size>0x2</size>
         <input_file_ref idref="fl-4"/>
      </object_component>
      <object_component id="oc-135">
         <name>.text:GPIOPinConfigure</name>
         <load_address>0x22f4</load_address>
         <run_address>0x22f4</run_address>
         <size>0x48</size>
         <input_file_ref idref="fl-d"/>
      </object_component>
      <object_component id="oc-10">
         <name>.text</name>
         <load_address>0x233c</load_address>
         <run_address>0x233c</run_address>
         <size>0x48</size>
         <input_file_ref idref="fl-139"/>
      </object_component>
      <object_component id="oc-244">
         <name>.text</name>
         <load_address>0x2384</load_address>
         <run_address>0x2384</run_address>
         <size>0x48</size>
         <input_file_ref idref="fl-141"/>
      </object_component>
      <object_component id="oc-87">
         <name>.text:evaluateBuffer</name>
         <load_address>0x23cc</load_address>
         <run_address>0x23cc</run_address>
         <size>0x44</size>
         <input_file_ref idref="fl-5"/>
      </object_component>
      <object_component id="oc-b3">
         <name>.text</name>
         <load_address>0x2410</load_address>
         <run_address>0x2410</run_address>
         <size>0x44</size>
         <input_file_ref idref="fl-156"/>
      </object_component>
      <object_component id="oc-4b">
         <name>.text</name>
         <load_address>0x2454</load_address>
         <run_address>0x2454</run_address>
         <size>0x44</size>
         <input_file_ref idref="fl-13d"/>
      </object_component>
      <object_component id="oc-14e">
         <name>.text:UARTConfigSetExpClk</name>
         <load_address>0x2498</load_address>
         <run_address>0x2498</run_address>
         <size>0x40</size>
         <input_file_ref idref="fl-a"/>
      </object_component>
      <object_component id="oc-32c">
         <name>.text</name>
         <load_address>0x24d8</load_address>
         <run_address>0x24d8</run_address>
         <size>0x40</size>
         <input_file_ref idref="fl-166"/>
      </object_component>
      <object_component id="oc-2bd">
         <name>.text</name>
         <load_address>0x2518</load_address>
         <run_address>0x2518</run_address>
         <size>0x38</size>
         <input_file_ref idref="fl-15a"/>
      </object_component>
      <object_component id="oc-f9">
         <name>.text:turnPowerOff</name>
         <load_address>0x2550</load_address>
         <run_address>0x2550</run_address>
         <size>0x38</size>
         <input_file_ref idref="fl-5"/>
      </object_component>
      <object_component id="oc-1c4">
         <name>.text:itoa</name>
         <load_address>0x2588</load_address>
         <run_address>0x2588</run_address>
         <size>0x36</size>
         <input_file_ref idref="fl-5"/>
      </object_component>
      <object_component id="oc-2b">
         <name>.text:NmiSR</name>
         <load_address>0x25be</load_address>
         <run_address>0x25be</run_address>
         <size>0x2</size>
         <input_file_ref idref="fl-4"/>
      </object_component>
      <object_component id="oc-126">
         <name>.text:SysCtlPeripheralEnable</name>
         <load_address>0x25c0</load_address>
         <run_address>0x25c0</run_address>
         <size>0x34</size>
         <input_file_ref idref="fl-b"/>
      </object_component>
      <object_component id="oc-2f7">
         <name>.text</name>
         <load_address>0x25f4</load_address>
         <run_address>0x25f4</run_address>
         <size>0x34</size>
         <input_file_ref idref="fl-162"/>
      </object_component>
      <object_component id="oc-fe">
         <name>.text:turnPowerOn</name>
         <load_address>0x2628</load_address>
         <run_address>0x2628</run_address>
         <size>0x34</size>
         <input_file_ref idref="fl-5"/>
      </object_component>
      <object_component id="oc-223">
         <name>.text</name>
         <load_address>0x265c</load_address>
         <run_address>0x265c</run_address>
         <size>0x30</size>
         <input_file_ref idref="fl-14c"/>
      </object_component>
      <object_component id="oc-2b8">
         <name>.text</name>
         <load_address>0x268c</load_address>
         <run_address>0x268c</run_address>
         <size>0x30</size>
         <input_file_ref idref="fl-15f"/>
      </object_component>
      <object_component id="oc-2d1">
         <name>.text</name>
         <load_address>0x26bc</load_address>
         <run_address>0x26bc</run_address>
         <size>0x2e</size>
         <input_file_ref idref="fl-143"/>
      </object_component>
      <object_component id="oc-320">
         <name>.text</name>
         <load_address>0x26ea</load_address>
         <run_address>0x26ea</run_address>
         <size>0x2e</size>
         <input_file_ref idref="fl-165"/>
      </object_component>
      <object_component id="oc-19f">
         <name>.text:GPIODirModeSet</name>
         <load_address>0x2718</load_address>
         <run_address>0x2718</run_address>
         <size>0x2a</size>
         <input_file_ref idref="fl-d"/>
      </object_component>
      <object_component id="oc-1c9">
         <name>.text:concat</name>
         <load_address>0x2742</load_address>
         <run_address>0x2742</run_address>
         <size>0x2a</size>
         <input_file_ref idref="fl-5"/>
      </object_component>
      <object_component id="oc-1ff">
         <name>.text:GetNumberOfDigits</name>
         <load_address>0x276c</load_address>
         <run_address>0x276c</run_address>
         <size>0x20</size>
         <input_file_ref idref="fl-5"/>
      </object_component>
      <object_component id="oc-23b">
         <name>.text</name>
         <load_address>0x278c</load_address>
         <run_address>0x278c</run_address>
         <size>0x20</size>
         <input_file_ref idref="fl-14f"/>
      </object_component>
      <object_component id="oc-f4">
         <name>.text:strequals</name>
         <load_address>0x27ac</load_address>
         <run_address>0x27ac</run_address>
         <size>0x1e</size>
         <input_file_ref idref="fl-5"/>
      </object_component>
      <object_component id="oc-15d">
         <name>.text:UARTBTSend</name>
         <load_address>0x27cc</load_address>
         <run_address>0x27cc</run_address>
         <size>0x1c</size>
         <input_file_ref idref="fl-5"/>
      </object_component>
      <object_component id="oc-1b3">
         <name>.text:UARTDisable</name>
         <load_address>0x27e8</load_address>
         <run_address>0x27e8</run_address>
         <size>0x1c</size>
         <input_file_ref idref="fl-a"/>
      </object_component>
      <object_component id="oc-23f">
         <name>.text</name>
         <load_address>0x2804</load_address>
         <run_address>0x2804</run_address>
         <size>0x1a</size>
         <input_file_ref idref="fl-144"/>
      </object_component>
      <object_component id="oc-46">
         <name>.text</name>
         <load_address>0x2820</load_address>
         <run_address>0x2820</run_address>
         <size>0x18</size>
         <input_file_ref idref="fl-154"/>
      </object_component>
      <object_component id="oc-219">
         <name>.text</name>
         <load_address>0x2838</load_address>
         <run_address>0x2838</run_address>
         <size>0x18</size>
         <input_file_ref idref="fl-14b"/>
      </object_component>
      <object_component id="oc-1d9">
         <name>.text</name>
         <load_address>0x2850</load_address>
         <run_address>0x2850</run_address>
         <size>0x16</size>
         <input_file_ref idref="fl-146"/>
      </object_component>
      <object_component id="oc-21e">
         <name>.text</name>
         <load_address>0x2866</load_address>
         <run_address>0x2866</run_address>
         <size>0x16</size>
         <input_file_ref idref="fl-14a"/>
      </object_component>
      <object_component id="oc-1b8">
         <name>.text:UARTEnable</name>
         <load_address>0x287c</load_address>
         <run_address>0x287c</run_address>
         <size>0x14</size>
         <input_file_ref idref="fl-a"/>
      </object_component>
      <object_component id="oc-174">
         <name>.text</name>
         <load_address>0x2890</load_address>
         <run_address>0x2890</run_address>
         <size>0x14</size>
         <input_file_ref idref="fl-153"/>
      </object_component>
      <object_component id="oc-12b">
         <name>.text:GPIOPinTypeGPIOOutput</name>
         <load_address>0x28a4</load_address>
         <run_address>0x28a4</run_address>
         <size>0x12</size>
         <input_file_ref idref="fl-d"/>
      </object_component>
      <object_component id="oc-13a">
         <name>.text:GPIOPinTypeUART</name>
         <load_address>0x28b6</load_address>
         <run_address>0x28b6</run_address>
         <size>0x12</size>
         <input_file_ref idref="fl-d"/>
      </object_component>
      <object_component id="oc-19">
         <name>.text:decompress:ZI</name>
         <load_address>0x28c8</load_address>
         <run_address>0x28c8</run_address>
         <size>0x12</size>
         <input_file_ref idref="fl-13c"/>
      </object_component>
      <object_component id="oc-149">
         <name>.text:gpioSetDigitalEnable</name>
         <load_address>0x28da</load_address>
         <run_address>0x28da</run_address>
         <size>0x12</size>
         <input_file_ref idref="fl-3"/>
      </object_component>
      <object_component id="oc-1d4">
         <name>.text:strlen</name>
         <load_address>0x28ec</load_address>
         <run_address>0x28ec</run_address>
         <size>0x12</size>
         <input_file_ref idref="fl-5"/>
      </object_component>
      <object_component id="oc-117">
         <name>.text:FPUEnable</name>
         <load_address>0x2900</load_address>
         <run_address>0x2900</run_address>
         <size>0x10</size>
         <input_file_ref idref="fl-e"/>
      </object_component>
      <object_component id="oc-11c">
         <name>.text:FPULazyStackingEnable</name>
         <load_address>0x2910</load_address>
         <run_address>0x2910</run_address>
         <size>0x10</size>
         <input_file_ref idref="fl-e"/>
      </object_component>
      <object_component id="oc-183">
         <name>.text:gpioSetData</name>
         <load_address>0x2920</load_address>
         <run_address>0x2920</run_address>
         <size>0x10</size>
         <input_file_ref idref="fl-3"/>
      </object_component>
      <object_component id="oc-144">
         <name>.text:gpioSetDirection</name>
         <load_address>0x2930</load_address>
         <run_address>0x2930</run_address>
         <size>0x10</size>
         <input_file_ref idref="fl-3"/>
      </object_component>
      <object_component id="oc-2a6">
         <name>.text</name>
         <load_address>0x2940</load_address>
         <run_address>0x2940</run_address>
         <size>0x10</size>
         <input_file_ref idref="fl-15d"/>
      </object_component>
      <object_component id="oc-14">
         <name>.text:decompress:none</name>
         <load_address>0x2950</load_address>
         <run_address>0x2950</run_address>
         <size>0xe</size>
         <input_file_ref idref="fl-13a"/>
      </object_component>
      <object_component id="oc-1a5">
         <name>.text:CPUcpsie</name>
         <load_address>0x295e</load_address>
         <run_address>0x295e</run_address>
         <size>0xc</size>
         <input_file_ref idref="fl-f"/>
      </object_component>
      <object_component id="oc-9c">
         <name>.text:UARTCharsAvail</name>
         <load_address>0x296a</load_address>
         <run_address>0x296a</run_address>
         <size>0xc</size>
         <input_file_ref idref="fl-a"/>
      </object_component>
      <object_component id="oc-130">
         <name>.text:IntMasterEnable</name>
         <load_address>0x2976</load_address>
         <run_address>0x2976</run_address>
         <size>0xa</size>
         <input_file_ref idref="fl-c"/>
      </object_component>
      <object_component id="oc-82">
         <name>.text:UARTCharGet</name>
         <load_address>0x2980</load_address>
         <run_address>0x2980</run_address>
         <size>0xa</size>
         <input_file_ref idref="fl-a"/>
      </object_component>
      <object_component id="oc-8c">
         <name>.text:UARTCharPut</name>
         <load_address>0x298a</load_address>
         <run_address>0x298a</run_address>
         <size>0xa</size>
         <input_file_ref idref="fl-a"/>
      </object_component>
      <object_component id="oc-78">
         <name>.text:UARTIntStatus</name>
         <load_address>0x2994</load_address>
         <run_address>0x2994</run_address>
         <size>0xa</size>
         <input_file_ref idref="fl-a"/>
      </object_component>
      <object_component id="oc-158">
         <name>.text:UARTIntEnable</name>
         <load_address>0x299e</load_address>
         <run_address>0x299e</run_address>
         <size>0x8</size>
         <input_file_ref idref="fl-a"/>
      </object_component>
      <object_component id="oc-91">
         <name>.text:GPIOPinWrite</name>
         <load_address>0x29a6</load_address>
         <run_address>0x29a6</run_address>
         <size>0x6</size>
         <input_file_ref idref="fl-d"/>
      </object_component>
      <object_component id="oc-26">
         <name>.text:ResetISR</name>
         <load_address>0x29ac</load_address>
         <run_address>0x29ac</run_address>
         <size>0x6</size>
         <input_file_ref idref="fl-4"/>
      </object_component>
      <object_component id="oc-9b">
         <name>.text:SysCtlDelay</name>
         <load_address>0x29b2</load_address>
         <run_address>0x29b2</run_address>
         <size>0x6</size>
         <input_file_ref idref="fl-b"/>
      </object_component>
      <object_component id="oc-1e">
         <name>.text:decompress:rle24</name>
         <load_address>0x29b8</load_address>
         <run_address>0x29b8</run_address>
         <size>0x6</size>
         <input_file_ref idref="fl-13b"/>
      </object_component>
      <object_component id="oc-7d">
         <name>.text:UARTIntClear</name>
         <load_address>0x29be</load_address>
         <run_address>0x29be</run_address>
         <size>0x4</size>
         <input_file_ref idref="fl-a"/>
      </object_component>
      <object_component id="oc-1ab">
         <name>.const:g_pui32GPIOBaseAddrs</name>
         <load_address>0x29c8</load_address>
         <run_address>0x29c8</run_address>
         <size>0x78</size>
         <input_file_ref idref="fl-d"/>
      </object_component>
      <object_component id="oc-1be">
         <name>.const</name>
         <load_address>0x2a40</load_address>
         <run_address>0x2a40</run_address>
         <size>0x70</size>
         <input_file_ref idref="fl-c"/>
      </object_component>
      <object_component id="oc-108">
         <name>.const:g_pui32Xtals</name>
         <load_address>0x2ab0</load_address>
         <run_address>0x2ab0</run_address>
         <size>0x6c</size>
         <input_file_ref idref="fl-b"/>
      </object_component>
      <object_component id="oc-2d7">
         <name>.const:p</name>
         <load_address>0x2b20</load_address>
         <run_address>0x2b20</run_address>
         <size>0x38</size>
         <input_file_ref idref="fl-150"/>
      </object_component>
      <object_component id="oc-368">
         <name>.cinit..data.load</name>
         <load_address>0x2b58</load_address>
         <run_address>0x2b58</run_address>
         <size>0xca</size>
      </object_component>
      <object_component id="oc-366">
         <name>__TI_handler_table</name>
         <load_address>0x2c24</load_address>
         <run_address>0x2c24</run_address>
         <size>0xc</size>
      </object_component>
      <object_component id="oc-369">
         <name>.cinit..bss.load</name>
         <load_address>0x2c30</load_address>
         <run_address>0x2c30</run_address>
         <size>0x8</size>
      </object_component>
      <object_component id="oc-367">
         <name>__TI_cinit_table</name>
         <load_address>0x2c38</load_address>
         <run_address>0x2c38</run_address>
         <size>0x10</size>
      </object_component>
      <object_component id="oc-50">
         <name>.data</name>
         <load_address>0x20000794</load_address>
         <run_address>0x20000794</run_address>
         <size>0x4</size>
         <input_file_ref idref="fl-149"/>
      </object_component>
      <object_component id="oc-a1">
         <name>.data</name>
         <load_address>0x20000798</load_address>
         <run_address>0x20000798</run_address>
         <size>0x1</size>
         <input_file_ref idref="fl-5"/>
      </object_component>
      <object_component id="oc-c0">
         <name>.data</name>
         <load_address>0x20000774</load_address>
         <run_address>0x20000774</run_address>
         <size>0x8</size>
         <input_file_ref idref="fl-153"/>
      </object_component>
      <object_component id="oc-c2">
         <name>.data</name>
         <load_address>0x2000077c</load_address>
         <run_address>0x2000077c</run_address>
         <size>0x8</size>
         <input_file_ref idref="fl-13d"/>
      </object_component>
      <object_component id="oc-1e8">
         <name>.data:_ftable</name>
         <load_address>0x20000400</load_address>
         <run_address>0x20000400</run_address>
         <size>0xf0</size>
         <input_file_ref idref="fl-157"/>
      </object_component>
      <object_component id="oc-215">
         <name>.data</name>
         <load_address>0x20000758</load_address>
         <run_address>0x20000758</run_address>
         <size>0x10</size>
         <input_file_ref idref="fl-157"/>
      </object_component>
      <object_component id="oc-228">
         <name>.data</name>
         <load_address>0x200004f0</load_address>
         <run_address>0x200004f0</run_address>
         <size>0xd0</size>
         <input_file_ref idref="fl-145"/>
      </object_component>
      <object_component id="oc-28a">
         <name>.data</name>
         <load_address>0x20000768</load_address>
         <run_address>0x20000768</run_address>
         <size>0xc</size>
         <input_file_ref idref="fl-148"/>
      </object_component>
      <object_component id="oc-296">
         <name>.data</name>
         <load_address>0x20000790</load_address>
         <run_address>0x20000790</run_address>
         <size>0x4</size>
         <input_file_ref idref="fl-163"/>
      </object_component>
      <object_component id="oc-2d5">
         <name>.data</name>
         <load_address>0x200006f0</load_address>
         <run_address>0x200006f0</run_address>
         <size>0x68</size>
         <input_file_ref idref="fl-160"/>
      </object_component>
      <object_component id="oc-2d9">
         <name>.data</name>
         <load_address>0x20000670</load_address>
         <run_address>0x20000670</run_address>
         <size>0x80</size>
         <input_file_ref idref="fl-151"/>
      </object_component>
      <object_component id="oc-2fc">
         <name>.data</name>
         <load_address>0x2000078c</load_address>
         <run_address>0x2000078c</run_address>
         <size>0x4</size>
         <input_file_ref idref="fl-161"/>
      </object_component>
      <object_component id="oc-325">
         <name>.data</name>
         <load_address>0x20000784</load_address>
         <run_address>0x20000784</run_address>
         <size>0x8</size>
         <input_file_ref idref="fl-162"/>
      </object_component>
      <object_component id="oc-33b">
         <name>.data:sigtable</name>
         <load_address>0x200005c0</load_address>
         <run_address>0x200005c0</run_address>
         <size>0xb0</size>
         <input_file_ref idref="fl-166"/>
      </object_component>
      <object_component id="oc-2e1">
         <name>.bss:__TI_tmpnams</name>
         <uninitialized>true</uninitialized>
         <run_address>0x200008bc</run_address>
         <size>0xa0</size>
         <input_file_ref idref="fl-157"/>
      </object_component>
      <object_component id="oc-2e8">
         <name>.bss:__CIOBUF_</name>
         <uninitialized>true</uninitialized>
         <run_address>0x2000079c</run_address>
         <size>0x120</size>
         <input_file_ref idref="fl-14e"/>
      </object_component>
      <object_component id="oc-103">
         <name>.common:buffer</name>
         <uninitialized>true</uninitialized>
         <run_address>0x2000095c</run_address>
         <size>0x14</size>
      </object_component>
      <object_component id="oc-a3">
         <name>.common:count</name>
         <uninitialized>true</uninitialized>
         <run_address>0x20000978</run_address>
         <size>0x1</size>
      </object_component>
      <object_component id="oc-2ab">
         <name>.common:parmbuf</name>
         <uninitialized>true</uninitialized>
         <run_address>0x20000970</run_address>
         <size>0x8</size>
      </object_component>
      <object_component id="oc-24">
         <name>.sysmem</name>
         <uninitialized>true</uninitialized>
         <run_address>0x20000980</run_address>
         <size>0x8</size>
         <input_file_ref idref="fl-148"/>
      </object_component>
      <object_component id="oc-36b">
         <name>.sysmem</name>
         <uninitialized>true</uninitialized>
         <run_address>0x20000980</run_address>
         <size>0x0</size>
      </object_component>
      <object_component id="oc-23">
         <name>.stack</name>
         <uninitialized>true</uninitialized>
         <run_address>0x20000000</run_address>
         <size>0x0</size>
         <input_file_ref idref="fl-139"/>
      </object_component>
      <object_component id="oc-36a">
         <name>.stack</name>
         <uninitialized>true</uninitialized>
         <run_address>0x20000000</run_address>
         <size>0x0</size>
      </object_component>
      <object_component id="oc-f">
         <name>.debug_info</name>
         <load_address>0x0</load_address>
         <run_address>0x0</run_address>
         <size>0x111</size>
         <input_file_ref idref="fl-4"/>
      </object_component>
      <object_component id="oc-12">
         <name>.debug_info</name>
         <load_address>0x111</load_address>
         <run_address>0x111</run_address>
         <size>0xf3</size>
         <input_file_ref idref="fl-139"/>
      </object_component>
      <object_component id="oc-15">
         <name>.debug_info</name>
         <load_address>0x204</load_address>
         <run_address>0x204</run_address>
         <size>0x194</size>
         <input_file_ref idref="fl-13a"/>
      </object_component>
      <object_component id="oc-1a">
         <name>.debug_info</name>
         <load_address>0x398</load_address>
         <run_address>0x398</run_address>
         <size>0x16a</size>
         <input_file_ref idref="fl-13c"/>
      </object_component>
      <object_component id="oc-1f">
         <name>.debug_info</name>
         <load_address>0x502</load_address>
         <run_address>0x502</run_address>
         <size>0x18e</size>
         <input_file_ref idref="fl-13b"/>
      </object_component>
      <object_component id="oc-25">
         <name>.debug_info</name>
         <load_address>0x690</load_address>
         <run_address>0x690</run_address>
         <size>0xb6</size>
         <input_file_ref idref="fl-148"/>
      </object_component>
      <object_component id="oc-27">
         <name>.debug_info</name>
         <load_address>0x746</load_address>
         <run_address>0x746</run_address>
         <size>0x15b</size>
         <input_file_ref idref="fl-4"/>
      </object_component>
      <object_component id="oc-2c">
         <name>.debug_info</name>
         <load_address>0x8a1</load_address>
         <run_address>0x8a1</run_address>
         <size>0x14c</size>
         <input_file_ref idref="fl-4"/>
      </object_component>
      <object_component id="oc-31">
         <name>.debug_info</name>
         <load_address>0x9ed</load_address>
         <run_address>0x9ed</run_address>
         <size>0x152</size>
         <input_file_ref idref="fl-4"/>
      </object_component>
      <object_component id="oc-36">
         <name>.debug_info</name>
         <load_address>0xb3f</load_address>
         <run_address>0xb3f</run_address>
         <size>0x164</size>
         <input_file_ref idref="fl-4"/>
      </object_component>
      <object_component id="oc-3b">
         <name>.debug_info</name>
         <load_address>0xca3</load_address>
         <run_address>0xca3</run_address>
         <size>0x21c</size>
         <input_file_ref idref="fl-5"/>
      </object_component>
      <object_component id="oc-41">
         <name>.debug_info</name>
         <load_address>0xebf</load_address>
         <run_address>0xebf</run_address>
         <size>0x154</size>
         <input_file_ref idref="fl-4"/>
      </object_component>
      <object_component id="oc-44">
         <name>.debug_info</name>
         <load_address>0x1013</load_address>
         <run_address>0x1013</run_address>
         <size>0x13d</size>
         <input_file_ref idref="fl-155"/>
      </object_component>
      <object_component id="oc-47">
         <name>.debug_info</name>
         <load_address>0x1150</load_address>
         <run_address>0x1150</run_address>
         <size>0x11c</size>
         <input_file_ref idref="fl-154"/>
      </object_component>
      <object_component id="oc-4c">
         <name>.debug_info</name>
         <load_address>0x126c</load_address>
         <run_address>0x126c</run_address>
         <size>0x1c2</size>
         <input_file_ref idref="fl-13d"/>
      </object_component>
      <object_component id="oc-51">
         <name>.debug_info</name>
         <load_address>0x142e</load_address>
         <run_address>0x142e</run_address>
         <size>0xbe</size>
         <input_file_ref idref="fl-149"/>
      </object_component>
      <object_component id="oc-55">
         <name>.debug_info</name>
         <load_address>0x14ec</load_address>
         <run_address>0x14ec</run_address>
         <size>0xcc</size>
         <input_file_ref idref="fl-147"/>
      </object_component>
      <object_component id="oc-58">
         <name>.debug_info</name>
         <load_address>0x15b8</load_address>
         <run_address>0x15b8</run_address>
         <size>0x46</size>
         <input_file_ref idref="fl-13a"/>
      </object_component>
      <object_component id="oc-5d">
         <name>.debug_info</name>
         <load_address>0x15fe</load_address>
         <run_address>0x15fe</run_address>
         <size>0xf2</size>
         <input_file_ref idref="fl-13a"/>
      </object_component>
      <object_component id="oc-5f">
         <name>.debug_info</name>
         <load_address>0x16f0</load_address>
         <run_address>0x16f0</run_address>
         <size>0x46</size>
         <input_file_ref idref="fl-13c"/>
      </object_component>
      <object_component id="oc-64">
         <name>.debug_info</name>
         <load_address>0x1736</load_address>
         <run_address>0x1736</run_address>
         <size>0xad</size>
         <input_file_ref idref="fl-13c"/>
      </object_component>
      <object_component id="oc-66">
         <name>.debug_info</name>
         <load_address>0x17e3</load_address>
         <run_address>0x17e3</run_address>
         <size>0x1ef</size>
         <input_file_ref idref="fl-13b"/>
      </object_component>
      <object_component id="oc-6b">
         <name>.debug_info</name>
         <load_address>0x19d2</load_address>
         <run_address>0x19d2</run_address>
         <size>0xb7</size>
         <input_file_ref idref="fl-13b"/>
      </object_component>
      <object_component id="oc-6c">
         <name>.debug_info</name>
         <load_address>0x1a89</load_address>
         <run_address>0x1a89</run_address>
         <size>0x39</size>
         <input_file_ref idref="fl-13b"/>
      </object_component>
      <object_component id="oc-73">
         <name>.debug_info</name>
         <load_address>0x1ac2</load_address>
         <run_address>0x1ac2</run_address>
         <size>0x1d7</size>
         <input_file_ref idref="fl-148"/>
      </object_component>
      <object_component id="oc-79">
         <name>.debug_info</name>
         <load_address>0x1c99</load_address>
         <run_address>0x1c99</run_address>
         <size>0x1e3</size>
         <input_file_ref idref="fl-a"/>
      </object_component>
      <object_component id="oc-7e">
         <name>.debug_info</name>
         <load_address>0x1e7c</load_address>
         <run_address>0x1e7c</run_address>
         <size>0x1f1</size>
         <input_file_ref idref="fl-a"/>
      </object_component>
      <object_component id="oc-83">
         <name>.debug_info</name>
         <load_address>0x206d</load_address>
         <run_address>0x206d</run_address>
         <size>0x237</size>
         <input_file_ref idref="fl-a"/>
      </object_component>
      <object_component id="oc-88">
         <name>.debug_info</name>
         <load_address>0x22a4</load_address>
         <run_address>0x22a4</run_address>
         <size>0x176</size>
         <input_file_ref idref="fl-5"/>
      </object_component>
      <object_component id="oc-8d">
         <name>.debug_info</name>
         <load_address>0x241a</load_address>
         <run_address>0x241a</run_address>
         <size>0x25d</size>
         <input_file_ref idref="fl-a"/>
      </object_component>
      <object_component id="oc-92">
         <name>.debug_info</name>
         <load_address>0x2677</load_address>
         <run_address>0x2677</run_address>
         <size>0x207</size>
         <input_file_ref idref="fl-d"/>
      </object_component>
      <object_component id="oc-97">
         <name>.debug_info</name>
         <load_address>0x287e</load_address>
         <run_address>0x287e</run_address>
         <size>0x202</size>
         <input_file_ref idref="fl-b"/>
      </object_component>
      <object_component id="oc-9d">
         <name>.debug_info</name>
         <load_address>0x2a80</load_address>
         <run_address>0x2a80</run_address>
         <size>0x1b7</size>
         <input_file_ref idref="fl-a"/>
      </object_component>
      <object_component id="oc-a2">
         <name>.debug_info</name>
         <load_address>0x2c37</load_address>
         <run_address>0x2c37</run_address>
         <size>0xef</size>
         <input_file_ref idref="fl-5"/>
      </object_component>
      <object_component id="oc-a4">
         <name>.debug_info</name>
         <load_address>0x2d26</load_address>
         <run_address>0x2d26</run_address>
         <size>0x7e1</size>
         <input_file_ref idref="fl-5"/>
      </object_component>
      <object_component id="oc-a7">
         <name>.debug_info</name>
         <load_address>0x3507</load_address>
         <run_address>0x3507</run_address>
         <size>0x84</size>
         <input_file_ref idref="fl-2"/>
      </object_component>
      <object_component id="oc-ac">
         <name>.debug_info</name>
         <load_address>0x358b</load_address>
         <run_address>0x358b</run_address>
         <size>0x18b</size>
         <input_file_ref idref="fl-2"/>
      </object_component>
      <object_component id="oc-b4">
         <name>.debug_info</name>
         <load_address>0x3716</load_address>
         <run_address>0x3716</run_address>
         <size>0x14b</size>
         <input_file_ref idref="fl-156"/>
      </object_component>
      <object_component id="oc-ba">
         <name>.debug_info</name>
         <load_address>0x3861</load_address>
         <run_address>0x3861</run_address>
         <size>0x3eb</size>
         <input_file_ref idref="fl-5"/>
      </object_component>
      <object_component id="oc-bf">
         <name>.debug_info</name>
         <load_address>0x3c4c</load_address>
         <run_address>0x3c4c</run_address>
         <size>0x11b</size>
         <input_file_ref idref="fl-154"/>
      </object_component>
      <object_component id="oc-c1">
         <name>.debug_info</name>
         <load_address>0x3d67</load_address>
         <run_address>0x3d67</run_address>
         <size>0xc8</size>
         <input_file_ref idref="fl-153"/>
      </object_component>
      <object_component id="oc-c3">
         <name>.debug_info</name>
         <load_address>0x3e2f</load_address>
         <run_address>0x3e2f</run_address>
         <size>0xeb</size>
         <input_file_ref idref="fl-13d"/>
      </object_component>
      <object_component id="oc-c5">
         <name>.debug_info</name>
         <load_address>0x3f1a</load_address>
         <run_address>0x3f1a</run_address>
         <size>0x146</size>
         <input_file_ref idref="fl-13d"/>
      </object_component>
      <object_component id="oc-c9">
         <name>.debug_info</name>
         <load_address>0x4060</load_address>
         <run_address>0x4060</run_address>
         <size>0x2c</size>
         <input_file_ref idref="fl-13a"/>
      </object_component>
      <object_component id="oc-d0">
         <name>.debug_info</name>
         <load_address>0x408c</load_address>
         <run_address>0x408c</run_address>
         <size>0x2c</size>
         <input_file_ref idref="fl-13c"/>
      </object_component>
      <object_component id="oc-dc">
         <name>.debug_info</name>
         <load_address>0x40b8</load_address>
         <run_address>0x40b8</run_address>
         <size>0x2c</size>
         <input_file_ref idref="fl-148"/>
      </object_component>
      <object_component id="oc-e1">
         <name>.debug_info</name>
         <load_address>0x40e4</load_address>
         <run_address>0x40e4</run_address>
         <size>0x62</size>
         <input_file_ref idref="fl-148"/>
      </object_component>
      <object_component id="oc-e7">
         <name>.debug_info</name>
         <load_address>0x4146</load_address>
         <run_address>0x4146</run_address>
         <size>0x18b</size>
         <input_file_ref idref="fl-a"/>
      </object_component>
      <object_component id="oc-ec">
         <name>.debug_info</name>
         <load_address>0x42d1</load_address>
         <run_address>0x42d1</run_address>
         <size>0x90</size>
         <input_file_ref idref="fl-a"/>
      </object_component>
      <object_component id="oc-f1">
         <name>.debug_info</name>
         <load_address>0x4361</load_address>
         <run_address>0x4361</run_address>
         <size>0x1c8</size>
         <input_file_ref idref="fl-a"/>
      </object_component>
      <object_component id="oc-f5">
         <name>.debug_info</name>
         <load_address>0x4529</load_address>
         <run_address>0x4529</run_address>
         <size>0x161</size>
         <input_file_ref idref="fl-5"/>
      </object_component>
      <object_component id="oc-fa">
         <name>.debug_info</name>
         <load_address>0x468a</load_address>
         <run_address>0x468a</run_address>
         <size>0x155</size>
         <input_file_ref idref="fl-5"/>
      </object_component>
      <object_component id="oc-ff">
         <name>.debug_info</name>
         <load_address>0x47df</load_address>
         <run_address>0x47df</run_address>
         <size>0x153</size>
         <input_file_ref idref="fl-5"/>
      </object_component>
      <object_component id="oc-107">
         <name>.debug_info</name>
         <load_address>0x4932</load_address>
         <run_address>0x4932</run_address>
         <size>0x1d1</size>
         <input_file_ref idref="fl-d"/>
      </object_component>
      <object_component id="oc-109">
         <name>.debug_info</name>
         <load_address>0x4b03</load_address>
         <run_address>0x4b03</run_address>
         <size>0xff</size>
         <input_file_ref idref="fl-b"/>
      </object_component>
      <object_component id="oc-110">
         <name>.debug_info</name>
         <load_address>0x4c02</load_address>
         <run_address>0x4c02</run_address>
         <size>0xc8</size>
         <input_file_ref idref="fl-5"/>
      </object_component>
      <object_component id="oc-116">
         <name>.debug_info</name>
         <load_address>0x4cca</load_address>
         <run_address>0x4cca</run_address>
         <size>0x148</size>
         <input_file_ref idref="fl-156"/>
      </object_component>
      <object_component id="oc-118">
         <name>.debug_info</name>
         <load_address>0x4e12</load_address>
         <run_address>0x4e12</run_address>
         <size>0x171</size>
         <input_file_ref idref="fl-e"/>
      </object_component>
      <object_component id="oc-11d">
         <name>.debug_info</name>
         <load_address>0x4f83</load_address>
         <run_address>0x4f83</run_address>
         <size>0x189</size>
         <input_file_ref idref="fl-e"/>
      </object_component>
      <object_component id="oc-122">
         <name>.debug_info</name>
         <load_address>0x510c</load_address>
         <run_address>0x510c</run_address>
         <size>0x2d4</size>
         <input_file_ref idref="fl-b"/>
      </object_component>
      <object_component id="oc-127">
         <name>.debug_info</name>
         <load_address>0x53e0</load_address>
         <run_address>0x53e0</run_address>
         <size>0x1e1</size>
         <input_file_ref idref="fl-b"/>
      </object_component>
      <object_component id="oc-12c">
         <name>.debug_info</name>
         <load_address>0x55c1</load_address>
         <run_address>0x55c1</run_address>
         <size>0x1eb</size>
         <input_file_ref idref="fl-d"/>
      </object_component>
      <object_component id="oc-131">
         <name>.debug_info</name>
         <load_address>0x57ac</load_address>
         <run_address>0x57ac</run_address>
         <size>0x1a2</size>
         <input_file_ref idref="fl-c"/>
      </object_component>
      <object_component id="oc-136">
         <name>.debug_info</name>
         <load_address>0x594e</load_address>
         <run_address>0x594e</run_address>
         <size>0x1e4</size>
         <input_file_ref idref="fl-d"/>
      </object_component>
      <object_component id="oc-13b">
         <name>.debug_info</name>
         <load_address>0x5b32</load_address>
         <run_address>0x5b32</run_address>
         <size>0x1df</size>
         <input_file_ref idref="fl-d"/>
      </object_component>
      <object_component id="oc-140">
         <name>.debug_info</name>
         <load_address>0x5d11</load_address>
         <run_address>0x5d11</run_address>
         <size>0x169</size>
         <input_file_ref idref="fl-3"/>
      </object_component>
      <object_component id="oc-145">
         <name>.debug_info</name>
         <load_address>0x5e7a</load_address>
         <run_address>0x5e7a</run_address>
         <size>0x1bb</size>
         <input_file_ref idref="fl-3"/>
      </object_component>
      <object_component id="oc-14a">
         <name>.debug_info</name>
         <load_address>0x6035</load_address>
         <run_address>0x6035</run_address>
         <size>0x1b7</size>
         <input_file_ref idref="fl-3"/>
      </object_component>
      <object_component id="oc-14f">
         <name>.debug_info</name>
         <load_address>0x61ec</load_address>
         <run_address>0x61ec</run_address>
         <size>0x28a</size>
         <input_file_ref idref="fl-a"/>
      </object_component>
      <object_component id="oc-154">
         <name>.debug_info</name>
         <load_address>0x6476</load_address>
         <run_address>0x6476</run_address>
         <size>0x1cc</size>
         <input_file_ref idref="fl-c"/>
      </object_component>
      <object_component id="oc-159">
         <name>.debug_info</name>
         <load_address>0x6642</load_address>
         <run_address>0x6642</run_address>
         <size>0x1f3</size>
         <input_file_ref idref="fl-a"/>
      </object_component>
      <object_component id="oc-15e">
         <name>.debug_info</name>
         <load_address>0x6835</load_address>
         <run_address>0x6835</run_address>
         <size>0x1a5</size>
         <input_file_ref idref="fl-5"/>
      </object_component>
      <object_component id="oc-163">
         <name>.debug_info</name>
         <load_address>0x69da</load_address>
         <run_address>0x69da</run_address>
         <size>0x1a1</size>
         <input_file_ref idref="fl-5"/>
      </object_component>
      <object_component id="oc-168">
         <name>.debug_info</name>
         <load_address>0x6b7b</load_address>
         <run_address>0x6b7b</run_address>
         <size>0x31f</size>
         <input_file_ref idref="fl-142"/>
      </object_component>
      <object_component id="oc-16f">
         <name>.debug_info</name>
         <load_address>0x6e9a</load_address>
         <run_address>0x6e9a</run_address>
         <size>0x5e</size>
         <input_file_ref idref="fl-154"/>
      </object_component>
      <object_component id="oc-175">
         <name>.debug_info</name>
         <load_address>0x6ef8</load_address>
         <run_address>0x6ef8</run_address>
         <size>0x1d4</size>
         <input_file_ref idref="fl-153"/>
      </object_component>
      <object_component id="oc-17b">
         <name>.debug_info</name>
         <load_address>0x70cc</load_address>
         <run_address>0x70cc</run_address>
         <size>0xd9</size>
         <input_file_ref idref="fl-153"/>
      </object_component>
      <object_component id="oc-184">
         <name>.debug_info</name>
         <load_address>0x71a5</load_address>
         <run_address>0x71a5</run_address>
         <size>0x19d</size>
         <input_file_ref idref="fl-3"/>
      </object_component>
      <object_component id="oc-18e">
         <name>.debug_info</name>
         <load_address>0x7342</load_address>
         <run_address>0x7342</run_address>
         <size>0x1e2</size>
         <input_file_ref idref="fl-b"/>
      </object_component>
      <object_component id="oc-191">
         <name>.debug_info</name>
         <load_address>0x7524</load_address>
         <run_address>0x7524</run_address>
         <size>0xcd</size>
         <input_file_ref idref="fl-156"/>
      </object_component>
      <object_component id="oc-19b">
         <name>.debug_info</name>
         <load_address>0x75f1</load_address>
         <run_address>0x75f1</run_address>
         <size>0x265</size>
         <input_file_ref idref="fl-d"/>
      </object_component>
      <object_component id="oc-1a0">
         <name>.debug_info</name>
         <load_address>0x7856</load_address>
         <run_address>0x7856</run_address>
         <size>0x215</size>
         <input_file_ref idref="fl-d"/>
      </object_component>
      <object_component id="oc-1a6">
         <name>.debug_info</name>
         <load_address>0x7a6b</load_address>
         <run_address>0x7a6b</run_address>
         <size>0x176</size>
         <input_file_ref idref="fl-f"/>
      </object_component>
      <object_component id="oc-1ac">
         <name>.debug_info</name>
         <load_address>0x7be1</load_address>
         <run_address>0x7be1</run_address>
         <size>0x10d</size>
         <input_file_ref idref="fl-d"/>
      </object_component>
      <object_component id="oc-1b0">
         <name>.debug_info</name>
         <load_address>0x7cee</load_address>
         <run_address>0x7cee</run_address>
         <size>0x139</size>
         <input_file_ref idref="fl-3"/>
      </object_component>
      <object_component id="oc-1b4">
         <name>.debug_info</name>
         <load_address>0x7e27</load_address>
         <run_address>0x7e27</run_address>
         <size>0x233</size>
         <input_file_ref idref="fl-a"/>
      </object_component>
      <object_component id="oc-1b9">
         <name>.debug_info</name>
         <load_address>0x805a</load_address>
         <run_address>0x805a</run_address>
         <size>0x1ab</size>
         <input_file_ref idref="fl-a"/>
      </object_component>
      <object_component id="oc-1bf">
         <name>.debug_info</name>
         <load_address>0x8205</load_address>
         <run_address>0x8205</run_address>
         <size>0x1c2</size>
         <input_file_ref idref="fl-c"/>
      </object_component>
      <object_component id="oc-1c1">
         <name>.debug_info</name>
         <load_address>0x83c7</load_address>
         <run_address>0x83c7</run_address>
         <size>0x1ba</size>
         <input_file_ref idref="fl-c"/>
      </object_component>
      <object_component id="oc-1c5">
         <name>.debug_info</name>
         <load_address>0x8581</load_address>
         <run_address>0x8581</run_address>
         <size>0x187</size>
         <input_file_ref idref="fl-5"/>
      </object_component>
      <object_component id="oc-1ca">
         <name>.debug_info</name>
         <load_address>0x8708</load_address>
         <run_address>0x8708</run_address>
         <size>0x183</size>
         <input_file_ref idref="fl-5"/>
      </object_component>
      <object_component id="oc-1d0">
         <name>.debug_info</name>
         <load_address>0x888b</load_address>
         <run_address>0x888b</run_address>
         <size>0x1e5</size>
         <input_file_ref idref="fl-152"/>
      </object_component>
      <object_component id="oc-1d5">
         <name>.debug_info</name>
         <load_address>0x8a70</load_address>
         <run_address>0x8a70</run_address>
         <size>0x157</size>
         <input_file_ref idref="fl-5"/>
      </object_component>
      <object_component id="oc-1da">
         <name>.debug_info</name>
         <load_address>0x8bc7</load_address>
         <run_address>0x8bc7</run_address>
         <size>0x16b</size>
         <input_file_ref idref="fl-146"/>
      </object_component>
      <object_component id="oc-1df">
         <name>.debug_info</name>
         <load_address>0x8d32</load_address>
         <run_address>0x8d32</run_address>
         <size>0x20f</size>
         <input_file_ref idref="fl-159"/>
      </object_component>
      <object_component id="oc-1e4">
         <name>.debug_info</name>
         <load_address>0x8f41</load_address>
         <run_address>0x8f41</run_address>
         <size>0xb71</size>
         <input_file_ref idref="fl-145"/>
      </object_component>
      <object_component id="oc-1e9">
         <name>.debug_info</name>
         <load_address>0x9ab2</load_address>
         <run_address>0x9ab2</run_address>
         <size>0xac</size>
         <input_file_ref idref="fl-157"/>
      </object_component>
      <object_component id="oc-1eb">
         <name>.debug_info</name>
         <load_address>0x9b5e</load_address>
         <run_address>0x9b5e</run_address>
         <size>0x224</size>
         <input_file_ref idref="fl-142"/>
      </object_component>
      <object_component id="oc-200">
         <name>.debug_info</name>
         <load_address>0x9d82</load_address>
         <run_address>0x9d82</run_address>
         <size>0x186</size>
         <input_file_ref idref="fl-5"/>
      </object_component>
      <object_component id="oc-207">
         <name>.debug_info</name>
         <load_address>0x9f08</load_address>
         <run_address>0x9f08</run_address>
         <size>0x196</size>
         <input_file_ref idref="fl-15b"/>
      </object_component>
      <object_component id="oc-20c">
         <name>.debug_info</name>
         <load_address>0xa09e</load_address>
         <run_address>0xa09e</run_address>
         <size>0x1b5</size>
         <input_file_ref idref="fl-15c"/>
      </object_component>
      <object_component id="oc-211">
         <name>.debug_info</name>
         <load_address>0xa253</load_address>
         <run_address>0xa253</run_address>
         <size>0x106</size>
         <input_file_ref idref="fl-152"/>
      </object_component>
      <object_component id="oc-214">
         <name>.debug_info</name>
         <load_address>0xa359</load_address>
         <run_address>0xa359</run_address>
         <size>0xb5</size>
         <input_file_ref idref="fl-146"/>
      </object_component>
      <object_component id="oc-216">
         <name>.debug_info</name>
         <load_address>0xa40e</load_address>
         <run_address>0xa40e</run_address>
         <size>0x139</size>
         <input_file_ref idref="fl-157"/>
      </object_component>
      <object_component id="oc-218">
         <name>.debug_info</name>
         <load_address>0xa547</load_address>
         <run_address>0xa547</run_address>
         <size>0x157</size>
         <input_file_ref idref="fl-159"/>
      </object_component>
      <object_component id="oc-21a">
         <name>.debug_info</name>
         <load_address>0xa69e</load_address>
         <run_address>0xa69e</run_address>
         <size>0x17e</size>
         <input_file_ref idref="fl-14b"/>
      </object_component>
      <object_component id="oc-21f">
         <name>.debug_info</name>
         <load_address>0xa81c</load_address>
         <run_address>0xa81c</run_address>
         <size>0x16d</size>
         <input_file_ref idref="fl-14a"/>
      </object_component>
      <object_component id="oc-224">
         <name>.debug_info</name>
         <load_address>0xa989</load_address>
         <run_address>0xa989</run_address>
         <size>0x182</size>
         <input_file_ref idref="fl-14c"/>
      </object_component>
      <object_component id="oc-229">
         <name>.debug_info</name>
         <load_address>0xab0b</load_address>
         <run_address>0xab0b</run_address>
         <size>0xcb</size>
         <input_file_ref idref="fl-145"/>
      </object_component>
      <object_component id="oc-22b">
         <name>.debug_info</name>
         <load_address>0xabd6</load_address>
         <run_address>0xabd6</run_address>
         <size>0x45a</size>
         <input_file_ref idref="fl-145"/>
      </object_component>
      <object_component id="oc-22c">
         <name>.debug_info</name>
         <load_address>0xb030</load_address>
         <run_address>0xb030</run_address>
         <size>0x2c</size>
         <input_file_ref idref="fl-145"/>
      </object_component>
      <object_component id="oc-233">
         <name>.debug_info</name>
         <load_address>0xb05c</load_address>
         <run_address>0xb05c</run_address>
         <size>0xc5</size>
         <input_file_ref idref="fl-157"/>
      </object_component>
      <object_component id="oc-236">
         <name>.debug_info</name>
         <load_address>0xb121</load_address>
         <run_address>0xb121</run_address>
         <size>0xae</size>
         <input_file_ref idref="fl-142"/>
      </object_component>
      <object_component id="oc-23c">
         <name>.debug_info</name>
         <load_address>0xb1cf</load_address>
         <run_address>0xb1cf</run_address>
         <size>0xe1</size>
         <input_file_ref idref="fl-14f"/>
      </object_component>
      <object_component id="oc-240">
         <name>.debug_info</name>
         <load_address>0xb2b0</load_address>
         <run_address>0xb2b0</run_address>
         <size>0x104</size>
         <input_file_ref idref="fl-144"/>
      </object_component>
      <object_component id="oc-245">
         <name>.debug_info</name>
         <load_address>0xb3b4</load_address>
         <run_address>0xb3b4</run_address>
         <size>0xe1</size>
         <input_file_ref idref="fl-141"/>
      </object_component>
      <object_component id="oc-24a">
         <name>.debug_info</name>
         <load_address>0xb495</load_address>
         <run_address>0xb495</run_address>
         <size>0x134</size>
         <input_file_ref idref="fl-15b"/>
      </object_component>
      <object_component id="oc-24c">
         <name>.debug_info</name>
         <load_address>0xb5c9</load_address>
         <run_address>0xb5c9</run_address>
         <size>0x855</size>
         <input_file_ref idref="fl-148"/>
      </object_component>
      <object_component id="oc-251">
         <name>.debug_info</name>
         <load_address>0xbe1e</load_address>
         <run_address>0xbe1e</run_address>
         <size>0x40a</size>
         <input_file_ref idref="fl-163"/>
      </object_component>
      <object_component id="oc-256">
         <name>.debug_info</name>
         <load_address>0xc228</load_address>
         <run_address>0xc228</run_address>
         <size>0x175</size>
         <input_file_ref idref="fl-15c"/>
      </object_component>
      <object_component id="oc-257">
         <name>.debug_info</name>
         <load_address>0xc39d</load_address>
         <run_address>0xc39d</run_address>
         <size>0xbb</size>
         <input_file_ref idref="fl-152"/>
      </object_component>
      <object_component id="oc-265">
         <name>.debug_info</name>
         <load_address>0xc458</load_address>
         <run_address>0xc458</run_address>
         <size>0x9a</size>
         <input_file_ref idref="fl-14b"/>
      </object_component>
      <object_component id="oc-267">
         <name>.debug_info</name>
         <load_address>0xc4f2</load_address>
         <run_address>0xc4f2</run_address>
         <size>0xaa</size>
         <input_file_ref idref="fl-14a"/>
      </object_component>
      <object_component id="oc-269">
         <name>.debug_info</name>
         <load_address>0xc59c</load_address>
         <run_address>0xc59c</run_address>
         <size>0xab</size>
         <input_file_ref idref="fl-14c"/>
      </object_component>
      <object_component id="oc-26b">
         <name>.debug_info</name>
         <load_address>0xc647</load_address>
         <run_address>0xc647</run_address>
         <size>0x9e2</size>
         <input_file_ref idref="fl-14d"/>
      </object_component>
      <object_component id="oc-273">
         <name>.debug_info</name>
         <load_address>0xd029</load_address>
         <run_address>0xd029</run_address>
         <size>0x2c</size>
         <input_file_ref idref="fl-145"/>
      </object_component>
      <object_component id="oc-278">
         <name>.debug_info</name>
         <load_address>0xd055</load_address>
         <run_address>0xd055</run_address>
         <size>0x120</size>
         <input_file_ref idref="fl-145"/>
      </object_component>
      <object_component id="oc-281">
         <name>.debug_info</name>
         <load_address>0xd175</load_address>
         <run_address>0xd175</run_address>
         <size>0x496</size>
         <input_file_ref idref="fl-150"/>
      </object_component>
      <object_component id="oc-286">
         <name>.debug_info</name>
         <load_address>0xd60b</load_address>
         <run_address>0xd60b</run_address>
         <size>0xb6</size>
         <input_file_ref idref="fl-144"/>
      </object_component>
      <object_component id="oc-28b">
         <name>.debug_info</name>
         <load_address>0xd6c1</load_address>
         <run_address>0xd6c1</run_address>
         <size>0x101</size>
         <input_file_ref idref="fl-148"/>
      </object_component>
      <object_component id="oc-28e">
         <name>.debug_info</name>
         <load_address>0xd7c2</load_address>
         <run_address>0xd7c2</run_address>
         <size>0x24d</size>
         <input_file_ref idref="fl-168"/>
      </object_component>
      <object_component id="oc-294">
         <name>.debug_info</name>
         <load_address>0xda0f</load_address>
         <run_address>0xda0f</run_address>
         <size>0xfc</size>
         <input_file_ref idref="fl-164"/>
      </object_component>
      <object_component id="oc-298">
         <name>.debug_info</name>
         <load_address>0xdb0b</load_address>
[...]
      </symbol>
      <symbol id="sm-281">
         <name>__stack</name>
         <value>0x20000000</value>
         <object_component_ref idref="oc-23"/>
      </symbol>
      <symbol id="sm-297">
         <name>__TI_decompress_none</name>
         <value>0x2951</value>
         <object_component_ref idref="oc-14"/>
      </symbol>
      <symbol id="sm-2b9">
         <name>__TI_decompress_rle24</name>
         <value>0x29b9</value>
         <object_component_ref idref="oc-1e"/>
      </symbol>
      <symbol id="sm-2d1">
         <name>__TI_zero_init</name>
         <value>0x28c9</value>
         <object_component_ref idref="oc-19"/>
      </symbol>
      <symbol id="sm-2ed">
         <name>C$$EXIT</name>
         <value>0x2455</value>
         <object_component_ref idref="oc-4b"/>
      </symbol>
      <symbol id="sm-2ee">
         <name>abort</name>
         <value>0x2459</value>
         <object_component_ref idref="oc-4b"/>
      </symbol>
      <symbol id="sm-2ef">
         <name>exit</name>
         <value>0x2461</value>
         <object_component_ref idref="oc-4b"/>
      </symbol>
      <symbol id="sm-2f0">
         <name>__TI_dtors_ptr</name>
         <value>0x20000780</value>
         <object_component_ref idref="oc-c2"/>
      </symbol>
      <symbol id="sm-2f1">
         <name>__TI_cleanup_ptr</name>
         <value>0x2000077c</value>
         <object_component_ref idref="oc-c2"/>
      </symbol>
      <symbol id="sm-307">
         <name>__aeabi_dsub</name>
         <value>0x10c9</value>
         <object_component_ref idref="oc-2c5"/>
      </symbol>
      <symbol id="sm-308">
         <name>__aeabi_dadd</name>
         <value>0x10d3</value>
         <object_component_ref idref="oc-2c5"/>
      </symbol>
      <symbol id="sm-319">
         <name>__aeabi_cdcmpeq</name>
         <value>0x1f41</value>
         <object_component_ref idref="oc-2c1"/>
      </symbol>
      <symbol id="sm-31a">
         <name>__aeabi_cdcmple</name>
         <value>0x1f41</value>
         <object_component_ref idref="oc-2c1"/>
      </symbol>
      <symbol id="sm-324">
         <name>__aeabi_dmul</name>
         <value>0x1721</value>
         <object_component_ref idref="oc-2cd"/>
      </symbol>
      <symbol id="sm-32d">
         <name>__aeabi_d2iz</name>
         <value>0x2385</value>
         <object_component_ref idref="oc-244"/>
      </symbol>
      <symbol id="sm-353">
         <name>puts</name>
         <value>0x15f5</value>
         <object_component_ref idref="oc-167"/>
      </symbol>
      <symbol id="sm-354">
         <name>fputs</name>
         <value>0x14e9</value>
         <object_component_ref idref="oc-167"/>
      </symbol>
      <symbol id="sm-35d">
         <name>__aeabi_i2d</name>
         <value>0x26bd</value>
         <object_component_ref idref="oc-2d1"/>
      </symbol>
      <symbol id="sm-369">
         <name>log10</name>
         <value>0x2805</value>
         <object_component_ref idref="oc-23f"/>
      </symbol>
      <symbol id="sm-3b9">
         <name>open</name>
         <value>0x777</value>
         <object_component_ref idref="oc-1e3"/>
      </symbol>
      <symbol id="sm-3ba">
         <name>add_device</name>
         <value>0x89b</value>
         <object_component_ref idref="oc-1e3"/>
      </symbol>
      <symbol id="sm-3bb">
         <name>remove_device</name>
         <value>0x72b</value>
         <object_component_ref idref="oc-1e3"/>
      </symbol>
      <symbol id="sm-3bc">
         <name>lseek</name>
         <value>0x825</value>
         <object_component_ref idref="oc-1e3"/>
      </symbol>
      <symbol id="sm-3bd">
         <name>read</name>
         <value>0x753</value>
         <object_component_ref idref="oc-1e3"/>
      </symbol>
      <symbol id="sm-3be">
         <name>rename</name>
         <value>0x6ed</value>
         <object_component_ref idref="oc-1e3"/>
      </symbol>
      <symbol id="sm-3bf">
         <name>write</name>
         <value>0x639</value>
         <object_component_ref idref="oc-1e3"/>
      </symbol>
      <symbol id="sm-3c0">
         <name>close</name>
         <value>0x849</value>
         <object_component_ref idref="oc-1e3"/>
      </symbol>
      <symbol id="sm-3c1">
         <name>unlink</name>
         <value>0x6c9</value>
         <object_component_ref idref="oc-1e3"/>
      </symbol>
      <symbol id="sm-3d0">
         <name>memchr</name>
         <value>0x2851</value>
         <object_component_ref idref="oc-1d9"/>
      </symbol>
      <symbol id="sm-3ea">
         <name>memcpy</name>
         <value>0x1d79</value>
         <object_component_ref idref="oc-53"/>
      </symbol>
      <symbol id="sm-3eb">
         <name>__aeabi_memcpy</name>
         <value>0x1d79</value>
         <object_component_ref idref="oc-53"/>
      </symbol>
      <symbol id="sm-3ec">
         <name>__aeabi_memcpy8</name>
         <value>0x1d79</value>
         <object_component_ref idref="oc-53"/>
      </symbol>
      <symbol id="sm-3ed">
         <name>__aeabi_memcpy4</name>
         <value>0x1d79</value>
         <object_component_ref idref="oc-53"/>
      </symbol>
      <symbol id="sm-45e">
         <name>_sys_memory</name>
         <value>0x20000980</value>
         <object_component_ref idref="oc-24"/>
      </symbol>
      <symbol id="sm-45f">
         <name>free</name>
         <value>0x35b</value>
         <object_component_ref idref="oc-24b"/>
      </symbol>
      <symbol id="sm-460">
         <name>realloc</name>
         <value>0x41b</value>
         <object_component_ref idref="oc-24b"/>
      </symbol>
      <symbol id="sm-461">
         <name>memalign</name>
         <value>0x521</value>
         <object_component_ref idref="oc-24b"/>
      </symbol>
      <symbol id="sm-462">
         <name>calloc</name>
         <value>0x601</value>
         <object_component_ref idref="oc-24b"/>
      </symbol>
      <symbol id="sm-463">
         <name>malloc</name>
         <value>0x2f9</value>
         <object_component_ref idref="oc-24b"/>
      </symbol>
      <symbol id="sm-464">
         <name>minit</name>
         <value>0x26d</value>
         <object_component_ref idref="oc-24b"/>
      </symbol>
      <symbol id="sm-46b">
         <name>main_func_sp</name>
         <value>0x20000794</value>
         <object_component_ref idref="oc-50"/>
      </symbol>
      <symbol id="sm-47a">
         <name>strchr</name>
         <value>0x2867</value>
         <object_component_ref idref="oc-21e"/>
      </symbol>
      <symbol id="sm-488">
         <name>strcmp</name>
         <value>0x2839</value>
         <object_component_ref idref="oc-219"/>
      </symbol>
      <symbol id="sm-497">
         <name>strncpy</name>
         <value>0x265d</value>
         <object_component_ref idref="oc-223"/>
      </symbol>
      <symbol id="sm-4b6">
         <name>HOSTgetenv</name>
         <value>0xe4b</value>
         <object_component_ref idref="oc-26a"/>
      </symbol>
      <symbol id="sm-4b7">
         <name>HOSTrename</name>
         <value>0xcf3</value>
         <object_component_ref idref="oc-26a"/>
      </symbol>
      <symbol id="sm-4b8">
         <name>HOSTclose</name>
         <value>0xe89</value>
         <object_component_ref idref="oc-26a"/>
      </symbol>
      <symbol id="sm-4b9">
         <name>HOSTunlink</name>
         <value>0xc81</value>
         <object_component_ref idref="oc-26a"/>
      </symbol>
      <symbol id="sm-4ba">
         <name>HOSTlseek</name>
         <value>0xdef</value>
         <object_component_ref idref="oc-26a"/>
      </symbol>
      <symbol id="sm-4bb">
         <name>HOSTopen</name>
         <value>0xd9d</value>
         <object_component_ref idref="oc-26a"/>
      </symbol>
      <symbol id="sm-4bc">
         <name>HOSTclock</name>
         <value>0xec1</value>
         <object_component_ref idref="oc-26a"/>
      </symbol>
      <symbol id="sm-4bd">
         <name>HOSTwrite</name>
         <value>0xc35</value>
         <object_component_ref idref="oc-26a"/>
      </symbol>
      <symbol id="sm-4be">
         <name>HOSTread</name>
         <value>0xd51</value>
         <object_component_ref idref="oc-26a"/>
      </symbol>
      <symbol id="sm-4bf">
         <name>HOSTtime</name>
         <value>0xcb9</value>
         <object_component_ref idref="oc-26a"/>
      </symbol>
      <symbol id="sm-4d8">
         <name>__TI_readmsg</name>
         <value>0x2263</value>
         <object_component_ref idref="oc-2a1"/>
      </symbol>
      <symbol id="sm-4d9">
         <name>C$$IO$$</name>
         <value>0x225f</value>
         <object_component_ref idref="oc-2a1"/>
      </symbol>
      <symbol id="sm-4da">
         <name>__CIOBUF_</name>
         <value>0x2000079c</value>
         <object_component_ref idref="oc-2e8"/>
      </symbol>
      <symbol id="sm-4db">
         <name>__TI_writemsg</name>
         <value>0x2235</value>
         <object_component_ref idref="oc-2a1"/>
      </symbol>
      <symbol id="sm-4e4">
         <name>__aeabi_ui2d</name>
         <value>0x278d</value>
         <object_component_ref idref="oc-23b"/>
      </symbol>
      <symbol id="sm-512">
         <name>_Log</name>
         <value>0x949</value>
         <object_component_ref idref="oc-280"/>
      </symbol>
      <symbol id="sm-521">
         <name>_Rteps</name>
         <value>0x200006d0</value>
         <object_component_ref idref="oc-2d9"/>
      </symbol>
      <symbol id="sm-522">
         <name>_Zero</name>
         <value>0x200006e8</value>
         <object_component_ref idref="oc-2d9"/>
      </symbol>
      <symbol id="sm-523">
         <name>_Hugeval</name>
         <value>0x20000690</value>
         <object_component_ref idref="oc-2d9"/>
      </symbol>
      <symbol id="sm-524">
         <name>_Snan</name>
         <value>0x200006c0</value>
         <object_component_ref idref="oc-2d9"/>
      </symbol>
      <symbol id="sm-525">
         <name>_Nan</name>
         <value>0x200006b0</value>
         <object_component_ref idref="oc-2d9"/>
      </symbol>
      <symbol id="sm-526">
         <name>_Inf</name>
         <value>0x200006a0</value>
         <object_component_ref idref="oc-2d9"/>
      </symbol>
      <symbol id="sm-527">
         <name>_Xbig</name>
         <value>0x200006e0</value>
         <object_component_ref idref="oc-2d9"/>
      </symbol>
      <symbol id="sm-528">
         <name>_Eps</name>
         <value>0x20000680</value>
         <object_component_ref idref="oc-2d9"/>
      </symbol>
      <symbol id="sm-529">
         <name>_Denorm</name>
         <value>0x20000670</value>
         <object_component_ref idref="oc-2d9"/>
      </symbol>
      <symbol id="sm-546">
         <name>__TI_wrt_ok</name>
         <value>0x1ccd</value>
         <object_component_ref idref="oc-1cf"/>
      </symbol>
      <symbol id="sm-547">
         <name>__TI_rd_ok</name>
         <value>0x1d2f</value>
         <object_component_ref idref="oc-1cf"/>
      </symbol>
      <symbol id="sm-55d">
         <name>_nop</name>
         <value>0x289f</value>
         <object_component_ref idref="oc-174"/>
      </symbol>
      <symbol id="sm-55e">
         <name>_lock</name>
         <value>0x20000774</value>
         <object_component_ref idref="oc-c0"/>
      </symbol>
      <symbol id="sm-55f">
         <name>_unlock</name>
         <value>0x20000778</value>
         <object_component_ref idref="oc-c0"/>
      </symbol>
      <symbol id="sm-560">
         <name>_register_lock</name>
         <value>0x2897</value>
         <object_component_ref idref="oc-174"/>
      </symbol>
      <symbol id="sm-561">
         <name>_register_unlock</name>
         <value>0x2891</value>
         <object_component_ref idref="oc-174"/>
      </symbol>
      <symbol id="sm-574">
         <name>_args_main</name>
         <value>0x2821</value>
         <object_component_ref idref="oc-46"/>
      </symbol>
      <symbol id="sm-590">
         <name>__TI_auto_init</name>
         <value>0x1ead</value>
         <object_component_ref idref="oc-42"/>
      </symbol>
      <symbol id="sm-5a8">
         <name>copy_in</name>
         <value>0x2411</value>
         <object_component_ref idref="oc-b3"/>
      </symbol>
      <symbol id="sm-5be">
         <name>__aeabi_stdout</name>
         <value>0x20000760</value>
         <object_component_ref idref="oc-215"/>
      </symbol>
      <symbol id="sm-5bf">
         <name>__TI_tmpnams</name>
         <value>0x200008bc</value>
         <object_component_ref idref="oc-2e1"/>
      </symbol>
      <symbol id="sm-5c0">
         <name>__aeabi_stderr</name>
         <value>0x20000764</value>
         <object_component_ref idref="oc-215"/>
      </symbol>
      <symbol id="sm-5c1">
         <name>__aeabi_stdin</name>
         <value>0x2000075c</value>
         <object_component_ref idref="oc-215"/>
      </symbol>
      <symbol id="sm-5c2">
         <name>_ftable</name>
         <value>0x20000400</value>
         <object_component_ref idref="oc-1e8"/>
      </symbol>
      <symbol id="sm-5c3">
         <name>__TI_ft_end</name>
         <value>0x20000758</value>
         <object_component_ref idref="oc-215"/>
      </symbol>
      <symbol id="sm-5d6">
         <name>__aeabi_ddiv</name>
         <value>0x127f</value>
         <object_component_ref idref="oc-2c9"/>
      </symbol>
      <symbol id="sm-5ef">
         <name>__TI_doflush</name>
         <value>0x1aa1</value>
         <object_component_ref idref="oc-1de"/>
      </symbol>
      <symbol id="sm-5f0">
         <name>fflush</name>
         <value>0x1aed</value>
         <object_component_ref idref="oc-1de"/>
      </symbol>
      <symbol id="sm-5fa">
         <name>__aeabi_f2d</name>
         <value>0x2519</value>
         <object_component_ref idref="oc-2bd"/>
      </symbol>
      <symbol id="sm-60b">
         <name>fseek</name>
         <value>0x210d</value>
         <object_component_ref idref="oc-206"/>
      </symbol>
      <symbol id="sm-626">
         <name>setvbuf</name>
         <value>0x1901</value>
         <object_component_ref idref="oc-20b"/>
      </symbol>
      <symbol id="sm-633">
         <name>strcpy</name>
         <value>0x2941</value>
         <object_component_ref idref="oc-2a6"/>
      </symbol>
      <symbol id="sm-646">
         <name>_Dunscale</name>
         <value>0x2171</value>
         <object_component_ref idref="oc-2b3"/>
      </symbol>
      <symbol id="sm-654">
         <name>_Feraise</name>
         <value>0x268d</value>
         <object_component_ref idref="oc-2b8"/>
      </symbol>
      <symbol id="sm-662">
         <name>_FZero</name>
         <value>0x20000754</value>
         <object_component_ref idref="oc-2d5"/>
      </symbol>
      <symbol id="sm-663">
         <name>_FRteps</name>
         <value>0x20000740</value>
         <object_component_ref idref="oc-2d5"/>
      </symbol>
      <symbol id="sm-664">
         <name>_FSnan</name>
         <value>0x20000730</value>
         <object_component_ref idref="oc-2d5"/>
      </symbol>
      <symbol id="sm-665">
         <name>_FNan</name>
         <value>0x20000720</value>
         <object_component_ref idref="oc-2d5"/>
      </symbol>
      <symbol id="sm-666">
         <name>_FInf</name>
         <value>0x20000710</value>
         <object_component_ref idref="oc-2d5"/>
      </symbol>
      <symbol id="sm-667">
         <name>_FEps</name>
         <value>0x20000700</value>
         <object_component_ref idref="oc-2d5"/>
      </symbol>
      <symbol id="sm-668">
         <name>_FXbig</name>
         <value>0x20000750</value>
         <object_component_ref idref="oc-2d5"/>
      </symbol>
      <symbol id="sm-669">
         <name>_FDenorm</name>
         <value>0x200006f0</value>
         <object_component_ref idref="oc-2d5"/>
      </symbol>
      <symbol id="sm-670">
         <name>_Errno</name>
         <value>0x2000078c</value>
         <object_component_ref idref="oc-2fc"/>
      </symbol>
      <symbol id="sm-68b">
         <name>feraiseexcept</name>
         <value>0x25f5</value>
         <object_component_ref idref="oc-2f7"/>
      </symbol>
      <symbol id="sm-68c">
         <name>_Tls_setup__Fenv</name>
         <value>0x20000788</value>
         <object_component_ref idref="oc-325"/>
      </symbol>
      <symbol id="sm-68d">
         <name>_Fenv</name>
         <value>0x20000784</value>
         <object_component_ref idref="oc-325"/>
      </symbol>
      <symbol id="sm-6bf">
         <name>__TI_cleanup</name>
         <value>0xfd1</value>
         <object_component_ref idref="oc-250"/>
      </symbol>
      <symbol id="sm-6c0">
         <name>freopen</name>
         <value>0xffd</value>
         <object_component_ref idref="oc-250"/>
      </symbol>
      <symbol id="sm-6c1">
         <name>fopen</name>
         <value>0x1027</value>
         <object_component_ref idref="oc-250"/>
      </symbol>
      <symbol id="sm-6cf">
         <name>__aeabi_memset</name>
         <value>0x1fc1</value>
         <object_component_ref idref="oc-292"/>
      </symbol>
      <symbol id="sm-6d0">
         <name>memset</name>
         <value>0x1fc7</value>
         <object_component_ref idref="oc-292"/>
      </symbol>
      <symbol id="sm-6d1">
         <name>__aeabi_memset8</name>
         <value>0x1fc1</value>
         <object_component_ref idref="oc-292"/>
      </symbol>
      <symbol id="sm-6d2">
         <name>__aeabi_memset4</name>
         <value>0x1fc1</value>
         <object_component_ref idref="oc-292"/>
      </symbol>
      <symbol id="sm-6d3">
         <name>__aeabi_memclr8</name>
         <value>0x1fbf</value>
         <object_component_ref idref="oc-292"/>
      </symbol>
      <symbol id="sm-6d4">
         <name>__aeabi_memclr4</name>
         <value>0x1fbf</value>
         <object_component_ref idref="oc-292"/>
      </symbol>
      <symbol id="sm-6d5">
         <name>__aeabi_memclr</name>
         <value>0x1fbf</value>
         <object_component_ref idref="oc-292"/>
      </symbol>
      <symbol id="sm-6e8">
         <name>raise</name>
         <value>0x26eb</value>
         <object_component_ref idref="oc-320"/>
      </symbol>
      <symbol id="sm-700">
         <name>signal</name>
         <value>0x24d9</value>
         <object_component_ref idref="oc-32c"/>
      </symbol>
      <symbol id="sm-714">
         <name>_Dnorm</name>
         <value>0x19dd</value>
         <object_component_ref idref="oc-2f0"/>
      </symbol>
      <symbol id="sm-729">
         <name>__TI_closefile</name>
         <value>0x1e15</value>
         <object_component_ref idref="oc-28d"/>
      </symbol>
      <symbol id="sm-72a">
         <name>fclose</name>
         <value>0x1e7b</value>
         <object_component_ref idref="oc-28d"/>
      </symbol>
      <symbol id="sm-72c">
         <name>__TI_static_base__</name>
         <value>0x0</value>
      </symbol>
      <symbol id="sm-72d">
         <name>__TI_args_main</name>
         <value>0x1</value>
      </symbol>
      <symbol id="sm-72e">
         <name>SHT$$INIT_ARRAY$$Limit</name>
         <value>0x0</value>
      </symbol>
      <symbol id="sm-72f">
         <name>SHT$$INIT_ARRAY$$Base</name>
         <value>0x0</value>
      </symbol>
      <symbol id="sm-733">
         <name>remove</name>
         <value>0x6c9</value>
      </symbol>
   </symbol_table>
   <title>Link successful</title>
</link_info>
