******************************************************************************
                  TI ARM Linker PC v5.1.1                      
******************************************************************************
>> Linked Mon Nov 18 05:41:53 2013

OUTPUT FILE NAME:   <Aerobalv2.out>
ENTRY POINT SYMBOL: "_c_int00"  address: 0000233d


MEMORY CONFIGURATION

         name            origin    length      used     unused   attr    fill
----------------------  --------  ---------  --------  --------  ----  --------
  FLASH                 00000000   00040000  00002c42  0003d3be  R  X
  SRAM                  20000000   00008000  0000097e  00007682  RW X


SEGMENT ALLOCATION MAP

run origin  load origin   length   init length attrs members
----------  ----------- ---------- ----------- ----- -------
00000000    00000000    00002c48   00002c48    r-x
  00000000    00000000    0000026c   0000026c    r-- .intvecs
  0000026c    0000026c    00002756   00002756    r-x .text
  000029c8    000029c8    00000190   00000190    r-- .const
  00002b58    00002b58    000000f0   000000f0    r-- .cinit
20000000    20000000    00000988   00000000    rw-
  20000000    20000000    00000400   00000000    rw- .stack
  20000400    20000400    00000399   00000000    rw- .data
  2000079c    2000079c    000001dd   00000000    rw- .bss
  20000980    20000980    00000008   00000000    rw- .sysmem


SECTION ALLOCATION MAP

 output                                  attributes/
section   page    origin      length       input sections
--------  ----  ----------  ----------   ----------------
.intvecs   0    00000000    0000026c     
                  00000000    0000026c     tm4c1230h6pm_startup_ccs.obj (.intvecs)

.init_array 
*          0    00000000    00000000     UNINITIALIZED

.text      0    0000026c    00002756     
                  0000026c    000003cc     rtsv7M4_T_le_v4SPD16_eabi.lib : memory.obj (.text)
                  00000638    00000310                                   : lowlev.obj (.text)
                  00000948    000002ec                                   : xlog.obj (.text)
                  00000c34    000002d4                                   : trgdrv.obj (.text)
                  00000f08    000001c0                                   : fopen.obj (.text)
                  000010c8    000001b6                                   : fd_add_t2.obj (.text)
                  0000127e    00000136                                   : fd_div_t2.obj (.text)
                  000013b4    00000134     main.obj (.text:main)
                  000014e8    00000134     rtsv7M4_T_le_v4SPD16_eabi.lib : fputs.obj (.text)
                  0000161c    00000104     driverlib.lib : sysctl.obj (.text:SysCtlClockSet)
                  00001720    000000fc     rtsv7M4_T_le_v4SPD16_eabi.lib : fd_mul_t2.obj (.text)
                  0000181c    000000e4     main.obj (.text:UARTBTIntHandler)
                  00001900    000000dc     rtsv7M4_T_le_v4SPD16_eabi.lib : setvbuf.obj (.text)
                  000019dc    000000c4                                   : xdnorm.obj (.text)
                  00001aa0    000000c0                                   : fflush.obj (.text)
                  00001b60    000000b8     driverlib.lib : gpio.obj (.text:GPIOPadConfigSet)
                  00001c18    000000b4                   : sysctl.obj (.text:SysCtlClockGet)
                  00001ccc    000000ac     rtsv7M4_T_le_v4SPD16_eabi.lib : _io_perm.obj (.text)
                  00001d78    0000009c                                   : memcpy_t2.obj (.text)
                  00001e14    00000098                                   : fclose.obj (.text)
                  00001eac    00000094                                   : auto_init.obj (.text)
                  00001f40    0000007e                                   : fd_cmp_t2.obj (.text:__aeabi_cdcmple)
                  00001fbe    00000078                                   : memset_t2.obj (.text)
                  00002036    00000002     tm4c1230h6pm_startup_ccs.obj (.text:FaultISR)
                  00002038    0000006c     gpio.obj (.text:gpioSetMasterEnable)
                  000020a4    00000068     main.obj (.text:ftoa)
                  0000210c    00000064     rtsv7M4_T_le_v4SPD16_eabi.lib : fseek.obj (.text)
                  00002170    00000064                                   : xdunscal.obj (.text)
                  000021d4    00000060     driverlib.lib : interrupt.obj (.text:IntEnable)
                  00002234    00000060     rtsv7M4_T_le_v4SPD16_eabi.lib : trgmsg.obj (.text)
                  00002294    0000005e                                   : copy_decompress_rle.obj (.text)
                  000022f2    00000002     tm4c1230h6pm_startup_ccs.obj (.text:IntDefaultHandler)
                  000022f4    00000048     driverlib.lib : gpio.obj (.text:GPIOPinConfigure)
                  0000233c    00000048     rtsv7M4_T_le_v4SPD16_eabi.lib : boot.obj (.text)
                  00002384    00000048                                   : fd_toi_t2.obj (.text)
                  000023cc    00000044     main.obj (.text:evaluateBuffer)
                  00002410    00000044     rtsv7M4_T_le_v4SPD16_eabi.lib : cpy_tbl.obj (.text)
                  00002454    00000044                                   : exit.obj (.text)
                  00002498    00000040     driverlib.lib : uart.obj (.text:UARTConfigSetExpClk)
                  000024d8    00000040     rtsv7M4_T_le_v4SPD16_eabi.lib : signal.obj (.text)
                  00002518    00000038                                   : fs_tod_t2.obj (.text)
                  00002550    00000038     main.obj (.text:turnPowerOff)
                  00002588    00000036     main.obj (.text:itoa)
                  000025be    00000002     tm4c1230h6pm_startup_ccs.obj (.text:NmiSR)
                  000025c0    00000034     driverlib.lib : sysctl.obj (.text:SysCtlPeripheralEnable)
                  000025f4    00000034     rtsv7M4_T_le_v4SPD16_eabi.lib : feraiseexcept.obj (.text)
                  00002628    00000034     main.obj (.text:turnPowerOn)
                  0000265c    00000030     rtsv7M4_T_le_v4SPD16_eabi.lib : strncpy.obj (.text)
                  0000268c    00000030                                   : xferaise.obj (.text)
                  000026bc    0000002e                                   : i_tofd_t2.obj (.text)
                  000026ea    0000002e                                   : raise.obj (.text)
                  00002718    0000002a     driverlib.lib : gpio.obj (.text:GPIODirModeSet)
                  00002742    0000002a     main.obj (.text:concat)
                  0000276c    00000020     main.obj (.text:GetNumberOfDigits)
                  0000278c    00000020     rtsv7M4_T_le_v4SPD16_eabi.lib : u_tofd_t2.obj (.text)
                  000027ac    0000001e     main.obj (.text:strequals)
                  000027ca    00000002     --HOLE-- [fill = 0]
                  000027cc    0000001c     main.obj (.text:UARTBTSend)
                  000027e8    0000001c     driverlib.lib : uart.obj (.text:UARTDisable)
                  00002804    0000001a     rtsv7M4_T_le_v4SPD16_eabi.lib : log10.obj (.text)
                  0000281e    00000002     --HOLE-- [fill = 0]
                  00002820    00000018                                   : args_main.obj (.text)
                  00002838    00000018                                   : strcmp.obj (.text)
                  00002850    00000016                                   : memchr.obj (.text)
                  00002866    00000016                                   : strchr.obj (.text)
                  0000287c    00000014     driverlib.lib : uart.obj (.text:UARTEnable)
                  00002890    00000014     rtsv7M4_T_le_v4SPD16_eabi.lib : _lock.obj (.text)
                  000028a4    00000012     driverlib.lib : gpio.obj (.text:GPIOPinTypeGPIOOutput)
                  000028b6    00000012                   : gpio.obj (.text:GPIOPinTypeUART)
                  000028c8    00000012     rtsv7M4_T_le_v4SPD16_eabi.lib : copy_zero_init.obj (.text:decompress:ZI)
                  000028da    00000012     gpio.obj (.text:gpioSetDigitalEnable)
                  000028ec    00000012     main.obj (.text:strlen)
                  000028fe    00000002     --HOLE-- [fill = 0]
                  00002900    00000010     driverlib.lib : fpu.obj (.text:FPUEnable)
                  00002910    00000010                   : fpu.obj (.text:FPULazyStackingEnable)
                  00002920    00000010     gpio.obj (.text:gpioSetData)
                  00002930    00000010     gpio.obj (.text:gpioSetDirection)
                  00002940    00000010     rtsv7M4_T_le_v4SPD16_eabi.lib : strcpy.obj (.text)
                  00002950    0000000e                                   : copy_decompress_none.obj (.text:decompress:none)
                  0000295e    0000000c     driverlib.lib : cpu.obj (.text:CPUcpsie)
                  0000296a    0000000c                   : uart.obj (.text:UARTCharsAvail)
                  00002976    0000000a                   : interrupt.obj (.text:IntMasterEnable)
                  00002980    0000000a                   : uart.obj (.text:UARTCharGet)
                  0000298a    0000000a                   : uart.obj (.text:UARTCharPut)
                  00002994    0000000a                   : uart.obj (.text:UARTIntStatus)
                  0000299e    00000008                   : uart.obj (.text:UARTIntEnable)
                  000029a6    00000006                   : gpio.obj (.text:GPIOPinWrite)
                  000029ac    00000006     tm4c1230h6pm_startup_ccs.obj (.text:ResetISR)
                  000029b2    00000006     driverlib.lib : sysctl.obj (.text:SysCtlDelay)
                  000029b8    00000006     rtsv7M4_T_le_v4SPD16_eabi.lib : copy_decompress_rle.obj (.text:decompress:rle24)
                  000029be    00000004     driverlib.lib : uart.obj (.text:UARTIntClear)

.const     0    000029c8    00000190     
                  000029c8    00000078     driverlib.lib : gpio.obj (.const:g_pui32GPIOBaseAddrs)
                  00002a40    00000070                   : interrupt.obj (.const)
                  00002ab0    0000006c                   : sysctl.obj (.const:g_pui32Xtals)
                  00002b1c    00000004     --HOLE-- [fill = 0]
                  00002b20    00000038     rtsv7M4_T_le_v4SPD16_eabi.lib : xlog.obj (.const:p)

.cinit     0    00002b58    000000f0     
                  00002b58    000000ca     (.cinit..data.load) [load image, compression = rle]
                  00002c22    00000002     --HOLE-- [fill = 0]
                  00002c24    0000000c     (__TI_handler_table)
                  00002c30    00000008     (.cinit..bss.load) [load image, compression = zero_init]
                  00002c38    00000010     (__TI_cinit_table)

.stack     0    20000000    00000400     UNINITIALIZED
                  20000000    00000400     --HOLE--

.data      0    20000400    00000399     UNINITIALIZED
                  20000400    000000f0     rtsv7M4_T_le_v4SPD16_eabi.lib : defs.obj (.data:_ftable)
                  200004f0    000000d0                                   : lowlev.obj (.data)
                  200005c0    000000b0                                   : signal.obj (.data:sigtable)
                  20000670    00000080                                   : xvalues.obj (.data)
                  200006f0    00000068                                   : xfvalues.obj (.data)
                  20000758    00000010                                   : defs.obj (.data)
                  20000768    0000000c                                   : memory.obj (.data)
                  20000774    00000008                                   : _lock.obj (.data)
                  2000077c    00000008                                   : exit.obj (.data)
                  20000784    00000008                                   : feraiseexcept.obj (.data)
                  2000078c    00000004                                   : errno.obj (.data)
                  20000790    00000004                                   : fopen.obj (.data)
                  20000794    00000004                                   : stkdepth_vars.obj (.data)
                  20000798    00000001     main.obj (.data)

.bss       0    2000079c    000001dd     UNINITIALIZED
                  2000079c    00000120     rtsv7M4_T_le_v4SPD16_eabi.lib : trgmsg.obj (.bss:__CIOBUF_)
                  200008bc    000000a0                                   : defs.obj (.bss:__TI_tmpnams)
                  2000095c    00000014     (.common:buffer)
                  20000970    00000008     (.common:parmbuf)
                  20000978    00000001     (.common:count)

.sysmem    0    20000980    00000008     UNINITIALIZED
                  20000980    00000008     rtsv7M4_T_le_v4SPD16_eabi.lib : memory.obj (.sysmem)


LINKER GENERATED COPY TABLES

__TI_cinit_table @ 00002c38 records: 2, size/record: 8, table size: 16
	.data: load addr=00002b58, load size=000000ca bytes, run addr=20000400, run size=00000399 bytes, compression=rle
	.bss: load addr=00002c30, load size=00000008 bytes, run addr=2000079c, run size=000001dd bytes, compression=zero_init


LINKER GENERATED HANDLER TABLE

__TI_handler_table @ 00002c24 records: 3, size/record: 4, table size: 12
	index: 0, handler: __TI_decompress_rle24
	index: 1, handler: __TI_decompress_none
	index: 2, handler: __TI_zero_init


GLOBAL SYMBOLS: SORTED ALPHABETICALLY BY Name 

address    name
--------   ----
00002455   C$$EXIT
0000225f   C$$IO$$
0000295f   CPUcpsie
00002901   FPUEnable
00002911   FPULazyStackingEnable
00002719   GPIODirModeSet
00001b61   GPIOPadConfigSet
000022f5   GPIOPinConfigure
000028a5   GPIOPinTypeGPIOOutput
000028b7   GPIOPinTypeUART
000029a7   GPIOPinWrite
0000276d   GetNumberOfDigits
00000ec1   HOSTclock
00000e89   HOSTclose
00000e4b   HOSTgetenv
00000def   HOSTlseek
00000d9d   HOSTopen
00000d51   HOSTread
00000cf3   HOSTrename
00000cb9   HOSTtime
00000c81   HOSTunlink
00000c35   HOSTwrite
000021d5   IntEnable
00002977   IntMasterEnable
000029ad   ResetISR
UNDEFED    SHT$$INIT_ARRAY$$Base
UNDEFED    SHT$$INIT_ARRAY$$Limit
00001c19   SysCtlClockGet
0000161d   SysCtlClockSet
000029b3   SysCtlDelay
000025c1   SysCtlPeripheralEnable
0000181d   UARTBTIntHandler
000027cd   UARTBTSend
00002981   UARTCharGet
0000298b   UARTCharPut
0000296b   UARTCharsAvail
00002499   UARTConfigSetExpClk
000027e9   UARTDisable
0000287d   UARTEnable
000029bf   UARTIntClear
0000299f   UARTIntEnable
00002995   UARTIntStatus
20000670   _Denorm
000019dd   _Dnorm
00002171   _Dunscale
20000680   _Eps
2000078c   _Errno
200006f0   _FDenorm
20000700   _FEps
20000710   _FInf
20000720   _FNan
20000740   _FRteps
20000730   _FSnan
20000750   _FXbig
20000754   _FZero
20000784   _Fenv
0000268d   _Feraise
20000690   _Hugeval
200006a0   _Inf
00000949   _Log
200006b0   _Nan
200006d0   _Rteps
200006c0   _Snan
20000788   _Tls_setup__Fenv
200006e0   _Xbig
200006e8   _Zero
2000079c   __CIOBUF_
20000400   __STACK_END
00000400   __STACK_SIZE
20000200   __STACK_TOP
00000008   __SYSMEM_SIZE
00002c38   __TI_CINIT_Base
00002c48   __TI_CINIT_Limit
00002c24   __TI_Handler_Table_Base
00002c30   __TI_Handler_Table_Limit
00000001   __TI_args_main
00001ead   __TI_auto_init
00000fd1   __TI_cleanup
2000077c   __TI_cleanup_ptr
00001e15   __TI_closefile
00002951   __TI_decompress_none
000029b9   __TI_decompress_rle24
00001aa1   __TI_doflush
20000780   __TI_dtors_ptr
20000758   __TI_ft_end
00001d2f   __TI_rd_ok
00002263   __TI_readmsg
00000000   __TI_static_base__
200008bc   __TI_tmpnams
00002235   __TI_writemsg
00001ccd   __TI_wrt_ok
000028c9   __TI_zero_init
00001f41   __aeabi_cdcmpeq
00001f41   __aeabi_cdcmple
00002385   __aeabi_d2iz
000010d3   __aeabi_dadd
0000127f   __aeabi_ddiv
00001721   __aeabi_dmul
000010c9   __aeabi_dsub
00002519   __aeabi_f2d
000026bd   __aeabi_i2d
00001fbf   __aeabi_memclr
00001fbf   __aeabi_memclr4
00001fbf   __aeabi_memclr8
00001d79   __aeabi_memcpy
00001d79   __aeabi_memcpy4
00001d79   __aeabi_memcpy8
00001fc1   __aeabi_memset
00001fc1   __aeabi_memset4
00001fc1   __aeabi_memset8
20000764   __aeabi_stderr
2000075c   __aeabi_stdin
20000760   __aeabi_stdout
0000278d   __aeabi_ui2d
ffffffff   __binit__
ffffffff   __c_args__
20000000   __stack
00002821   _args_main
0000233d   _c_int00
20000400   _ftable
20000774   _lock
0000289f   _nop
00002897   _register_lock
00002891   _register_unlock
20000980   _sys_memory
20000778   _unlock
00002459   abort
0000089b   add_device
ffffffff   binit
2000095c   buffer
00000601   calloc
00000849   close
00002743   concat
00002411   copy_in
20000978   count
000023cd   evaluateBuffer
00002461   exit
00001e7b   fclose
000025f5   feraiseexcept
00001aed   fflush
00001027   fopen
000014e9   fputs
0000035b   free
00000ffd   freopen
0000210d   fseek
000020a5   ftoa
00000000   g_pfnVectors
00002921   gpioSetData
000028db   gpioSetDigitalEnable
00002931   gpioSetDirection
00002039   gpioSetMasterEnable
00002589   itoa
00002805   log10
00000825   lseek
000013b5   main
20000794   main_func_sp
000002f9   malloc
00000521   memalign
00002851   memchr
00001d79   memcpy
00001fc7   memset
0000026d   minit
00000777   open
000015f5   puts
000026eb   raise
00000753   read
0000041b   realloc
000006c9   remove
0000072b   remove_device
000006ed   rename
00001901   setvbuf
000024d9   signal
20000798   state
00002867   strchr
00002839   strcmp
00002941   strcpy
000027ad   strequals
000028ed   strlen
0000265d   strncpy
00002551   turnPowerOff
00002629   turnPowerOn
000006c9   unlink
00000639   write


GLOBAL SYMBOLS: SORTED BY Symbol Address 

address    name
--------   ----
00000000   __TI_static_base__
00000000   g_pfnVectors
00000001   __TI_args_main
00000008   __SYSMEM_SIZE
0000026d   minit
000002f9   malloc
0000035b   free
00000400   __STACK_SIZE
0000041b   realloc
00000521   memalign
00000601   calloc
00000639   write
000006c9   remove
000006c9   unlink
000006ed   rename
0000072b   remove_device
00000753   read
00000777   open
00000825   lseek
00000849   close
0000089b   add_device
00000949   _Log
00000c35   HOSTwrite
00000c81   HOSTunlink
00000cb9   HOSTtime
00000cf3   HOSTrename
00000d51   HOSTread
00000d9d   HOSTopen
00000def   HOSTlseek
00000e4b   HOSTgetenv
00000e89   HOSTclose
00000ec1   HOSTclock
00000fd1   __TI_cleanup
00000ffd   freopen
00001027   fopen
000010c9   __aeabi_dsub
000010d3   __aeabi_dadd
0000127f   __aeabi_ddiv
000013b5   main
000014e9   fputs
000015f5   puts
0000161d   SysCtlClockSet
00001721   __aeabi_dmul
0000181d   UARTBTIntHandler
00001901   setvbuf
000019dd   _Dnorm
00001aa1   __TI_doflush
00001aed   fflush
00001b61   GPIOPadConfigSet
00001c19   SysCtlClockGet
00001ccd   __TI_wrt_ok
00001d2f   __TI_rd_ok
00001d79   __aeabi_memcpy
00001d79   __aeabi_memcpy4
00001d79   __aeabi_memcpy8
00001d79   memcpy
00001e15   __TI_closefile
00001e7b   fclose
00001ead   __TI_auto_init
00001f41   __aeabi_cdcmpeq
00001f41   __aeabi_cdcmple
00001fbf   __aeabi_memclr
00001fbf   __aeabi_memclr4
00001fbf   __aeabi_memclr8
00001fc1   __aeabi_memset
00001fc1   __aeabi_memset4
00001fc1   __aeabi_memset8
00001fc7   memset
00002039   gpioSetMasterEnable
000020a5   ftoa
0000210d   fseek
00002171   _Dunscale
000021d5   IntEnable
00002235   __TI_writemsg
0000225f   C$$IO$$
00002263   __TI_readmsg
000022f5   GPIOPinConfigure
0000233d   _c_int00
00002385   __aeabi_d2iz
000023cd   evaluateBuffer
00002411   copy_in
00002455   C$$EXIT
00002459   abort
00002461   exit
00002499   UARTConfigSetExpClk
000024d9   signal
00002519   __aeabi_f2d
00002551   turnPowerOff
00002589   itoa
000025c1   SysCtlPeripheralEnable
000025f5   feraiseexcept
00002629   turnPowerOn
0000265d   strncpy
0000268d   _Feraise
000026bd   __aeabi_i2d
000026eb   raise
00002719   GPIODirModeSet
00002743   concat
0000276d   GetNumberOfDigits
0000278d   __aeabi_ui2d
000027ad   strequals
000027cd   UARTBTSend
000027e9   UARTDisable
00002805   log10
00002821   _args_main
00002839   strcmp
00002851   memchr
00002867   strchr
0000287d   UARTEnable
00002891   _register_unlock
00002897   _register_lock
0000289f   _nop
000028a5   GPIOPinTypeGPIOOutput
000028b7   GPIOPinTypeUART
000028c9   __TI_zero_init
000028db   gpioSetDigitalEnable
000028ed   strlen
00002901   FPUEnable
00002911   FPULazyStackingEnable
00002921   gpioSetData
00002931   gpioSetDirection
00002941   strcpy
00002951   __TI_decompress_none
0000295f   CPUcpsie
0000296b   UARTCharsAvail
00002977   IntMasterEnable
00002981   UARTCharGet
0000298b   UARTCharPut
00002995   UARTIntStatus
0000299f   UARTIntEnable
000029a7   GPIOPinWrite
000029ad   ResetISR
000029b3   SysCtlDelay
000029b9   __TI_decompress_rle24
000029bf   UARTIntClear
00002c24   __TI_Handler_Table_Base
00002c30   __TI_Handler_Table_Limit
00002c38   __TI_CINIT_Base
00002c48   __TI_CINIT_Limit
20000000   __stack
20000200   __STACK_TOP
20000400   __STACK_END
20000400   _ftable
20000670   _Denorm
20000680   _Eps
20000690   _Hugeval
200006a0   _Inf
200006b0   _Nan
200006c0   _Snan
200006d0   _Rteps
200006e0   _Xbig
200006e8   _Zero
200006f0   _FDenorm
20000700   _FEps
20000710   _FInf
20000720   _FNan
20000730   _FSnan
20000740   _FRteps
20000750   _FXbig
20000754   _FZero
20000758   __TI_ft_end
2000075c   __aeabi_stdin
20000760   __aeabi_stdout
20000764   __aeabi_stderr
20000774   _lock
20000778   _unlock
2000077c   __TI_cleanup_ptr
20000780   __TI_dtors_ptr
20000784   _Fenv
20000788   _Tls_setup__Fenv
2000078c   _Errno
20000794   main_func_sp
20000798   state
2000079c   __CIOBUF_
200008bc   __TI_tmpnams
2000095c   buffer
20000978   count
20000980   _sys_memory
ffffffff   __binit__
ffffffff   __c_args__
ffffffff   binit
UNDEFED    SHT$$INIT_ARRAY$$Base
UNDEFED    SHT$$INIT_ARRAY$$Limit

[183 symbols]
