<?xml version="1.0"?>
<link_info>
   <banner>TI ARM Linker PC v5.1.1</banner>
   <copyright>Copyright (c) 1996-2013 Texas Instruments Incorporated</copyright>
   <link_time>0x528c930c</link_time>
   <link_errors>0x0</link_errors>
   <output_file>AB_PressureSensor.out</output_file>
   <entry_point>
      <name>_c_int00</name>
      <address>0x24fd</address>
   </entry_point>
   <input_file_list>
      <input_file id="fl-2">
         <path>.\a.lib\</path>
         <kind>object</kind>
         <file>lcd.obj</file>
         <name>lcd.obj</name>
      </input_file>
      <input_file id="fl-3">
         <path>.\a.lib\</path>
         <kind>object</kind>
         <file>gpio.obj</file>
         <name>gpio.obj</name>
      </input_file>
      <input_file id="fl-4">
         <path>.\drivers\</path>
         <kind>object</kind>
         <file>rgb.obj</file>
         <name>rgb.obj</name>
      </input_file>
      <input_file id="fl-5">
         <path>.\utils\</path>
         <kind>object</kind>
         <file>uartstdio.obj</file>
         <name>uartstdio.obj</name>
      </input_file>
      <input_file id="fl-6">
         <path>.\</path>
         <kind>object</kind>
         <file>startup_ccs.obj</file>
         <name>startup_ccs.obj</name>
      </input_file>
      <input_file id="fl-7">
         <path>.\</path>
         <kind>object</kind>
         <file>pressure_bmp180.obj</file>
         <name>pressure_bmp180.obj</name>
      </input_file>
      <input_file id="fl-136">
         <path>C:\ti\ccsv5\tools\compiler\arm_5.1.1\lib\</path>
         <kind>archive</kind>
         <file>rtsv7M4_T_le_v4SPD16_eabi.lib</file>
         <name>boot.obj</name>
      </input_file>
      <input_file id="fl-137">
         <path>C:\ti\ccsv5\tools\compiler\arm_5.1.1\lib\</path>
         <kind>archive</kind>
         <file>rtsv7M4_T_le_v4SPD16_eabi.lib</file>
         <name>copy_decompress_none.obj</name>
      </input_file>
      <input_file id="fl-138">
         <path>C:\ti\ccsv5\tools\compiler\arm_5.1.1\lib\</path>
         <kind>archive</kind>
         <file>rtsv7M4_T_le_v4SPD16_eabi.lib</file>
         <name>copy_decompress_rle.obj</name>
      </input_file>
      <input_file id="fl-139">
         <path>C:\ti\ccsv5\tools\compiler\arm_5.1.1\lib\</path>
         <kind>archive</kind>
         <file>rtsv7M4_T_le_v4SPD16_eabi.lib</file>
         <name>copy_zero_init.obj</name>
      </input_file>
      <input_file id="fl-13a">
         <path>C:\ti\ccsv5\tools\compiler\arm_5.1.1\lib\</path>
         <kind>archive</kind>
         <file>rtsv7M4_T_le_v4SPD16_eabi.lib</file>
         <name>exit.obj</name>
      </input_file>
      <input_file id="fl-13b">
         <path>C:\ti\ccsv5\tools\compiler\arm_5.1.1\lib\</path>
         <kind>archive</kind>
         <file>rtsv7M4_T_le_v4SPD16_eabi.lib</file>
         <name>fd_add_t2.obj</name>
      </input_file>
      <input_file id="fl-13c">
         <path>C:\ti\ccsv5\tools\compiler\arm_5.1.1\lib\</path>
         <kind>archive</kind>
         <file>rtsv7M4_T_le_v4SPD16_eabi.lib</file>
         <name>fd_cmp_t2.obj</name>
      </input_file>
      <input_file id="fl-13d">
         <path>C:\ti\ccsv5\tools\compiler\arm_5.1.1\lib\</path>
         <kind>archive</kind>
         <file>rtsv7M4_T_le_v4SPD16_eabi.lib</file>
         <name>fd_mul_t2.obj</name>
      </input_file>
      <input_file id="fl-13e">
         <path>C:\ti\ccsv5\tools\compiler\arm_5.1.1\lib\</path>
         <kind>archive</kind>
         <file>rtsv7M4_T_le_v4SPD16_eabi.lib</file>
         <name>fd_toi_t2.obj</name>
      </input_file>
      <input_file id="fl-13f">
         <path>C:\ti\ccsv5\tools\compiler\arm_5.1.1\lib\</path>
         <kind>archive</kind>
         <file>rtsv7M4_T_le_v4SPD16_eabi.lib</file>
         <name>fs_tod_t2.obj</name>
      </input_file>
      <input_file id="fl-140">
         <path>C:\ti\ccsv5\tools\compiler\arm_5.1.1\lib\</path>
         <kind>archive</kind>
         <file>rtsv7M4_T_le_v4SPD16_eabi.lib</file>
         <name>fs_toull_t2.obj</name>
      </input_file>
      <input_file id="fl-141">
         <path>C:\ti\ccsv5\tools\compiler\arm_5.1.1\lib\</path>
         <kind>archive</kind>
         <file>rtsv7M4_T_le_v4SPD16_eabi.lib</file>
         <name>i_tofd_t2.obj</name>
      </input_file>
      <input_file id="fl-142">
         <path>C:\ti\ccsv5\tools\compiler\arm_5.1.1\lib\</path>
         <kind>archive</kind>
         <file>rtsv7M4_T_le_v4SPD16_eabi.lib</file>
         <name>memcpy_t2.obj</name>
      </input_file>
      <input_file id="fl-143">
         <path>C:\ti\ccsv5\tools\compiler\arm_5.1.1\lib\</path>
         <kind>archive</kind>
         <file>rtsv7M4_T_le_v4SPD16_eabi.lib</file>
         <name>powf.obj</name>
      </input_file>
      <input_file id="fl-144">
         <path>C:\ti\ccsv5\tools\compiler\arm_5.1.1\lib\</path>
         <kind>archive</kind>
         <file>rtsv7M4_T_le_v4SPD16_eabi.lib</file>
         <name>stkdepth_vars.obj</name>
      </input_file>
      <input_file id="fl-145">
         <path>C:\ti\ccsv5\tools\compiler\arm_5.1.1\lib\</path>
         <kind>archive</kind>
         <file>rtsv7M4_T_le_v4SPD16_eabi.lib</file>
         <name>u_divt2.obj</name>
      </input_file>
      <input_file id="fl-146">
         <path>C:\ti\ccsv5\tools\compiler\arm_5.1.1\lib\</path>
         <kind>archive</kind>
         <file>rtsv7M4_T_le_v4SPD16_eabi.lib</file>
         <name>xfdint.obj</name>
      </input_file>
      <input_file id="fl-147">
         <path>C:\ti\ccsv5\tools\compiler\arm_5.1.1\lib\</path>
         <kind>archive</kind>
         <file>rtsv7M4_T_le_v4SPD16_eabi.lib</file>
         <name>xfdunsca.obj</name>
      </input_file>
      <input_file id="fl-148">
         <path>C:\ti\ccsv5\tools\compiler\arm_5.1.1\lib\</path>
         <kind>archive</kind>
         <file>rtsv7M4_T_le_v4SPD16_eabi.lib</file>
         <name>xferaise.obj</name>
      </input_file>
      <input_file id="fl-149">
         <path>C:\ti\ccsv5\tools\compiler\arm_5.1.1\lib\</path>
         <kind>archive</kind>
         <file>rtsv7M4_T_le_v4SPD16_eabi.lib</file>
         <name>xfexp.obj</name>
      </input_file>
      <input_file id="fl-14a">
         <path>C:\ti\ccsv5\tools\compiler\arm_5.1.1\lib\</path>
         <kind>archive</kind>
         <file>rtsv7M4_T_le_v4SPD16_eabi.lib</file>
         <name>xfvalues.obj</name>
      </input_file>
      <input_file id="fl-14b">
         <path>C:\ti\ccsv5\tools\compiler\arm_5.1.1\lib\</path>
         <kind>archive</kind>
         <file>rtsv7M4_T_le_v4SPD16_eabi.lib</file>
         <name>_lock.obj</name>
      </input_file>
      <input_file id="fl-14c">
         <path>C:\ti\ccsv5\tools\compiler\arm_5.1.1\lib\</path>
         <kind>archive</kind>
         <file>rtsv7M4_T_le_v4SPD16_eabi.lib</file>
         <name>args_main.obj</name>
      </input_file>
      <input_file id="fl-14d">
         <path>C:\ti\ccsv5\tools\compiler\arm_5.1.1\lib\</path>
         <kind>archive</kind>
         <file>rtsv7M4_T_le_v4SPD16_eabi.lib</file>
         <name>auto_init.obj</name>
      </input_file>
      <input_file id="fl-14e">
         <path>C:\ti\ccsv5\tools\compiler\arm_5.1.1\lib\</path>
         <kind>archive</kind>
         <file>rtsv7M4_T_le_v4SPD16_eabi.lib</file>
         <name>cpy_tbl.obj</name>
      </input_file>
      <input_file id="fl-14f">
         <path>C:\ti\ccsv5\tools\compiler\arm_5.1.1\lib\</path>
         <kind>archive</kind>
         <file>rtsv7M4_T_le_v4SPD16_eabi.lib</file>
         <name>errno.obj</name>
      </input_file>
      <input_file id="fl-150">
         <path>C:\ti\ccsv5\tools\compiler\arm_5.1.1\lib\</path>
         <kind>archive</kind>
         <file>rtsv7M4_T_le_v4SPD16_eabi.lib</file>
         <name>fd_div_t2.obj</name>
      </input_file>
      <input_file id="fl-151">
         <path>C:\ti\ccsv5\tools\compiler\arm_5.1.1\lib\</path>
         <kind>archive</kind>
         <file>rtsv7M4_T_le_v4SPD16_eabi.lib</file>
         <name>fd_tos_t2.obj</name>
      </input_file>
      <input_file id="fl-152">
         <path>C:\ti\ccsv5\tools\compiler\arm_5.1.1\lib\</path>
         <kind>archive</kind>
         <file>rtsv7M4_T_le_v4SPD16_eabi.lib</file>
         <name>feraiseexcept.obj</name>
      </input_file>
      <input_file id="fl-153">
         <path>C:\ti\ccsv5\tools\compiler\arm_5.1.1\lib\</path>
         <kind>archive</kind>
         <file>rtsv7M4_T_le_v4SPD16_eabi.lib</file>
         <name>logf.obj</name>
      </input_file>
      <input_file id="fl-154">
         <path>C:\ti\ccsv5\tools\compiler\arm_5.1.1\lib\</path>
         <kind>archive</kind>
         <file>rtsv7M4_T_le_v4SPD16_eabi.lib</file>
         <name>raise.obj</name>
      </input_file>
      <input_file id="fl-155">
         <path>C:\ti\ccsv5\tools\compiler\arm_5.1.1\lib\</path>
         <kind>archive</kind>
         <file>rtsv7M4_T_le_v4SPD16_eabi.lib</file>
         <name>signal.obj</name>
      </input_file>
      <input_file id="fl-156">
         <path>C:\ti\ccsv5\tools\compiler\arm_5.1.1\lib\</path>
         <kind>archive</kind>
         <file>rtsv7M4_T_le_v4SPD16_eabi.lib</file>
         <name>xfdnorm.obj</name>
      </input_file>
      <input_file id="fl-157">
         <path>C:\ti\ccsv5\tools\compiler\arm_5.1.1\lib\</path>
         <kind>archive</kind>
         <file>rtsv7M4_T_le_v4SPD16_eabi.lib</file>
         <name>xfdscale.obj</name>
      </input_file>
      <input_file id="fl-158">
         <path>C:\ti\ccsv5\tools\compiler\arm_5.1.1\lib\</path>
         <kind>archive</kind>
         <file>rtsv7M4_T_le_v4SPD16_eabi.lib</file>
         <name>xflog.obj</name>
      </input_file>
      <input_file id="fl-159">
         <path>C:\ti\TivaWare_C_Series-1.0\examples\boards\ek-tm4c123gxl-boostxl-senshub\pressure_bmp180\ccs\..\..\..\..\..\driverlib\ccs\Debug\</path>
         <kind>archive</kind>
         <file>driverlib.lib</file>
         <name>uart.obj</name>
      </input_file>
      <input_file id="fl-15a">
         <path>C:\ti\TivaWare_C_Series-1.0\examples\boards\ek-tm4c123gxl-boostxl-senshub\pressure_bmp180\ccs\..\..\..\..\..\driverlib\ccs\Debug\</path>
         <kind>archive</kind>
         <file>driverlib.lib</file>
         <name>systick.obj</name>
      </input_file>
      <input_file id="fl-15b">
         <path>C:\ti\TivaWare_C_Series-1.0\examples\boards\ek-tm4c123gxl-boostxl-senshub\pressure_bmp180\ccs\..\..\..\..\..\driverlib\ccs\Debug\</path>
         <kind>archive</kind>
         <file>driverlib.lib</file>
         <name>sysctl.obj</name>
      </input_file>
      <input_file id="fl-15c">
         <path>C:\ti\TivaWare_C_Series-1.0\examples\boards\ek-tm4c123gxl-boostxl-senshub\pressure_bmp180\ccs\..\..\..\..\..\driverlib\ccs\Debug\</path>
         <kind>archive</kind>
         <file>driverlib.lib</file>
         <name>interrupt.obj</name>
      </input_file>
      <input_file id="fl-15d">
         <path>C:\ti\TivaWare_C_Series-1.0\examples\boards\ek-tm4c123gxl-boostxl-senshub\pressure_bmp180\ccs\..\..\..\..\..\driverlib\ccs\Debug\</path>
         <kind>archive</kind>
         <file>driverlib.lib</file>
         <name>gpio.obj</name>
      </input_file>
      <input_file id="fl-15e">
         <path>C:\ti\TivaWare_C_Series-1.0\examples\boards\ek-tm4c123gxl-boostxl-senshub\pressure_bmp180\ccs\..\..\..\..\..\driverlib\ccs\Debug\</path>
         <kind>archive</kind>
         <file>driverlib.lib</file>
         <name>cpu.obj</name>
      </input_file>
      <input_file id="fl-15f">
         <path>C:\ti\TivaWare_C_Series-1.0\examples\boards\ek-tm4c123gxl-boostxl-senshub\pressure_bmp180\ccs\..\..\..\..\..\sensorlib\ccs\Debug\</path>
         <kind>archive</kind>
         <file>sensorlib.lib</file>
         <name>i2cm_drv.obj</name>
      </input_file>
      <input_file id="fl-160">
         <path>C:\ti\TivaWare_C_Series-1.0\examples\boards\ek-tm4c123gxl-boostxl-senshub\pressure_bmp180\ccs\..\..\..\..\..\sensorlib\ccs\Debug\</path>
         <kind>archive</kind>
         <file>sensorlib.lib</file>
         <name>bmp180.obj</name>
      </input_file>
      <input_file id="fl-161">
         <path>C:\ti\TivaWare_C_Series-1.0\examples\boards\ek-tm4c123gxl-boostxl-senshub\pressure_bmp180\ccs\..\..\..\..\..\driverlib\ccs\Debug\</path>
         <kind>archive</kind>
         <file>driverlib.lib</file>
         <name>i2c.obj</name>
      </input_file>
   </input_file_list>
   <object_component_list>
      <object_component id="oc-e">
         <name>.intvecs</name>
         <load_address>0x0</load_address>
         <run_address>0x0</run_address>
         <size>0x26c</size>
         <input_file_ref idref="fl-6"/>
      </object_component>
      <object_component id="oc-1a4">
         <name>.text</name>
         <load_address>0x26c</load_address>
         <run_address>0x26c</run_address>
         <size>0x3f0</size>
         <input_file_ref idref="fl-143"/>
      </object_component>
      <object_component id="oc-b0">
         <name>.text:main</name>
         <load_address>0x65c</load_address>
         <run_address>0x65c</run_address>
         <size>0x2c8</size>
         <input_file_ref idref="fl-7"/>
      </object_component>
      <object_component id="oc-19f">
         <name>.text:BMP180DataPressureGetFloat</name>
         <load_address>0x924</load_address>
         <run_address>0x924</run_address>
         <size>0x1ec</size>
         <input_file_ref idref="fl-160"/>
      </object_component>
      <object_component id="oc-dd">
         <name>.text:BMP180Callback</name>
         <load_address>0xb10</load_address>
         <run_address>0xb10</run_address>
         <size>0x1dc</size>
         <input_file_ref idref="fl-160"/>
      </object_component>
      <object_component id="oc-307">
         <name>.text</name>
         <load_address>0xcec</load_address>
         <run_address>0xcec</run_address>
         <size>0x1b6</size>
         <input_file_ref idref="fl-13b"/>
      </object_component>
      <object_component id="oc-2e">
         <name>.text:FaultISR</name>
         <load_address>0xea2</load_address>
         <run_address>0xea2</run_address>
         <size>0x2</size>
         <input_file_ref idref="fl-6"/>
      </object_component>
      <object_component id="oc-293">
         <name>.text</name>
         <load_address>0xea4</load_address>
         <run_address>0xea4</run_address>
         <size>0x184</size>
         <input_file_ref idref="fl-149"/>
      </object_component>
      <object_component id="oc-300">
         <name>.text</name>
         <load_address>0x1028</load_address>
         <run_address>0x1028</run_address>
         <size>0x178</size>
         <input_file_ref idref="fl-158"/>
      </object_component>
      <object_component id="oc-30b">
         <name>.text</name>
         <load_address>0x11a0</load_address>
         <run_address>0x11a0</run_address>
         <size>0x136</size>
         <input_file_ref idref="fl-150"/>
      </object_component>
      <object_component id="oc-33">
         <name>.text:IntDefaultHandler</name>
         <load_address>0x12d6</load_address>
         <run_address>0x12d6</run_address>
         <size>0x2</size>
         <input_file_ref idref="fl-6"/>
      </object_component>
      <object_component id="oc-145">
         <name>.text:SysCtlClockSet</name>
         <load_address>0x12d8</load_address>
         <run_address>0x12d8</run_address>
         <size>0x104</size>
         <input_file_ref idref="fl-15b"/>
      </object_component>
      <object_component id="oc-14a">
         <name>.text:RGBInit</name>
         <load_address>0x13dc</load_address>
         <run_address>0x13dc</run_address>
         <size>0x100</size>
         <input_file_ref idref="fl-4"/>
      </object_component>
      <object_component id="oc-1b7">
         <name>.text</name>
         <load_address>0x14dc</load_address>
         <run_address>0x14dc</run_address>
         <size>0xfc</size>
         <input_file_ref idref="fl-13d"/>
      </object_component>
      <object_component id="oc-8f">
         <name>.text:I2CMIntHandler</name>
         <load_address>0x15d8</load_address>
         <run_address>0x15d8</run_address>
         <size>0xea</size>
         <input_file_ref idref="fl-15f"/>
      </object_component>
      <object_component id="oc-29">
         <name>.text:NmiSR</name>
         <load_address>0x16c2</load_address>
         <run_address>0x16c2</run_address>
         <size>0x2</size>
         <input_file_ref idref="fl-6"/>
      </object_component>
      <object_component id="oc-241">
         <name>.text:lcdInit</name>
         <load_address>0x16c4</load_address>
         <run_address>0x16c4</run_address>
         <size>0xc8</size>
         <input_file_ref idref="fl-2"/>
      </object_component>
      <object_component id="oc-97">
         <name>.text:RGBEnable</name>
         <load_address>0x178c</load_address>
         <run_address>0x178c</run_address>
         <size>0xc0</size>
         <input_file_ref idref="fl-4"/>
      </object_component>
      <object_component id="oc-313">
         <name>.text</name>
         <load_address>0x184c</load_address>
         <run_address>0x184c</run_address>
         <size>0xc0</size>
         <input_file_ref idref="fl-157"/>
      </object_component>
      <object_component id="oc-255">
         <name>.text:GPIOPadConfigSet</name>
         <load_address>0x190c</load_address>
         <run_address>0x190c</run_address>
         <size>0xb8</size>
         <input_file_ref idref="fl-15d"/>
      </object_component>
      <object_component id="oc-273">
         <name>.text:SysCtlClockGet</name>
         <load_address>0x19c4</load_address>
         <run_address>0x19c4</run_address>
         <size>0xb4</size>
         <input_file_ref idref="fl-15b"/>
      </object_component>
      <object_component id="oc-5b">
         <name>.text</name>
         <load_address>0x1a78</load_address>
         <run_address>0x1a78</run_address>
         <size>0x9c</size>
         <input_file_ref idref="fl-142"/>
      </object_component>
      <object_component id="oc-134">
         <name>.text:I2CMStateIdle</name>
         <load_address>0x1b14</load_address>
         <run_address>0x1b14</run_address>
         <size>0x98</size>
         <input_file_ref idref="fl-15f"/>
      </object_component>
      <object_component id="oc-42">
         <name>.text:RGBBlinkIntHandler</name>
         <load_address>0x1bac</load_address>
         <run_address>0x1bac</run_address>
         <size>0x94</size>
         <input_file_ref idref="fl-4"/>
      </object_component>
      <object_component id="oc-4a">
         <name>.text</name>
         <load_address>0x1c40</load_address>
         <run_address>0x1c40</run_address>
         <size>0x94</size>
         <input_file_ref idref="fl-14d"/>
      </object_component>
      <object_component id="oc-14f">
         <name>.text:RGBColorSet</name>
         <load_address>0x1cd4</load_address>
         <run_address>0x1cd4</run_address>
         <size>0x90</size>
         <input_file_ref idref="fl-4"/>
      </object_component>
      <object_component id="oc-284">
         <name>.text</name>
         <load_address>0x1d64</load_address>
         <run_address>0x1d64</run_address>
         <size>0x90</size>
         <input_file_ref idref="fl-146"/>
      </object_component>
      <object_component id="oc-d8">
         <name>.text:I2CMCommand</name>
         <load_address>0x1df4</load_address>
         <run_address>0x1df4</run_address>
         <size>0x84</size>
         <input_file_ref idref="fl-15f"/>
      </object_component>
      <object_component id="oc-19a">
         <name>.text:BMP180DataTemperatureGetFloat</name>
         <load_address>0x1e78</load_address>
         <run_address>0x1e78</run_address>
         <size>0x80</size>
         <input_file_ref idref="fl-160"/>
      </object_component>
      <object_component id="oc-2ee">
         <name>.text</name>
         <load_address>0x1ef8</load_address>
         <run_address>0x1ef8</run_address>
         <size>0x7a</size>
         <input_file_ref idref="fl-156"/>
      </object_component>
      <object_component id="oc-195">
         <name>.text:RGBBlinkRateSet</name>
         <load_address>0x1f74</load_address>
         <run_address>0x1f74</run_address>
         <size>0x78</size>
         <input_file_ref idref="fl-4"/>
      </object_component>
      <object_component id="oc-2c2">
         <name>.text:gpioSetMasterEnable</name>
         <load_address>0x1fec</load_address>
         <run_address>0x1fec</run_address>
         <size>0x6c</size>
         <input_file_ref idref="fl-3"/>
      </object_component>
      <object_component id="oc-1e2">
         <name>.text:IntIsEnabled</name>
         <load_address>0x2058</load_address>
         <run_address>0x2058</run_address>
         <size>0x64</size>
         <input_file_ref idref="fl-15c"/>
      </object_component>
      <object_component id="oc-1e7">
         <name>.text:IntDisable</name>
         <load_address>0x20bc</load_address>
         <run_address>0x20bc</run_address>
         <size>0x60</size>
         <input_file_ref idref="fl-15c"/>
      </object_component>
      <object_component id="oc-1f1">
         <name>.text:IntEnable</name>
         <load_address>0x211c</load_address>
         <run_address>0x211c</run_address>
         <size>0x60</size>
         <input_file_ref idref="fl-15c"/>
      </object_component>
      <object_component id="oc-125">
         <name>.text:I2CMStateWritePause</name>
         <load_address>0x217c</load_address>
         <run_address>0x217c</run_address>
         <size>0x5e</size>
         <input_file_ref idref="fl-15f"/>
      </object_component>
      <object_component id="oc-6d">
         <name>.text</name>
         <load_address>0x21da</load_address>
         <run_address>0x21da</run_address>
         <size>0x5e</size>
         <input_file_ref idref="fl-138"/>
      </object_component>
      <object_component id="oc-82">
         <name>.text:BMP180DataRead</name>
         <load_address>0x2238</load_address>
         <run_address>0x2238</run_address>
         <size>0x58</size>
         <input_file_ref idref="fl-160"/>
      </object_component>
      <object_component id="oc-181">
         <name>.text:BMP180Init</name>
         <load_address>0x2290</load_address>
         <run_address>0x2290</run_address>
         <size>0x58</size>
         <input_file_ref idref="fl-160"/>
      </object_component>
      <object_component id="oc-27f">
         <name>.text</name>
         <load_address>0x22e8</load_address>
         <run_address>0x22e8</run_address>
         <size>0x54</size>
         <input_file_ref idref="fl-147"/>
      </object_component>
      <object_component id="oc-278">
         <name>.text</name>
         <load_address>0x233c</load_address>
         <run_address>0x233c</run_address>
         <size>0x50</size>
         <input_file_ref idref="fl-140"/>
      </object_component>
      <object_component id="oc-12a">
         <name>.text:I2CMStateWriteFinal</name>
         <load_address>0x238c</load_address>
         <run_address>0x238c</run_address>
         <size>0x4e</size>
         <input_file_ref idref="fl-15f"/>
      </object_component>
      <object_component id="oc-30f">
         <name>.text</name>
         <load_address>0x23da</load_address>
         <run_address>0x23da</run_address>
         <size>0x4a</size>
         <input_file_ref idref="fl-151"/>
      </object_component>
      <object_component id="oc-163">
         <name>.text:GPIOPinConfigure</name>
         <load_address>0x2424</load_address>
         <run_address>0x2424</run_address>
         <size>0x48</size>
         <input_file_ref idref="fl-15d"/>
      </object_component>
      <object_component id="oc-116">
         <name>.text:I2CMStateReadNext</name>
         <load_address>0x246c</load_address>
         <run_address>0x246c</run_address>
         <size>0x48</size>
         <input_file_ref idref="fl-15f"/>
      </object_component>
      <object_component id="oc-263">
         <name>.text:I2CMasterInitExpClk</name>
         <load_address>0x24b4</load_address>
         <run_address>0x24b4</run_address>
         <size>0x48</size>
         <input_file_ref idref="fl-161"/>
      </object_component>
      <object_component id="oc-10">
         <name>.text</name>
         <load_address>0x24fc</load_address>
         <run_address>0x24fc</run_address>
         <size>0x48</size>
         <input_file_ref idref="fl-136"/>
      </object_component>
      <object_component id="oc-1bb">
         <name>.text</name>
         <load_address>0x2544</load_address>
         <run_address>0x2544</run_address>
         <size>0x48</size>
         <input_file_ref idref="fl-13e"/>
      </object_component>
      <object_component id="oc-12f">
         <name>.text:I2CMStateWriteNext</name>
         <load_address>0x258c</load_address>
         <run_address>0x258c</run_address>
         <size>0x46</size>
         <input_file_ref idref="fl-15f"/>
      </object_component>
      <object_component id="oc-aa">
         <name>.text</name>
         <load_address>0x25d4</load_address>
         <run_address>0x25d4</run_address>
         <size>0x44</size>
         <input_file_ref idref="fl-14e"/>
      </object_component>
      <object_component id="oc-53">
         <name>.text</name>
         <load_address>0x2618</load_address>
         <run_address>0x2618</run_address>
         <size>0x44</size>
         <input_file_ref idref="fl-13a"/>
      </object_component>
      <object_component id="oc-102">
         <name>.text:I2CMStateCallback</name>
         <load_address>0x265c</load_address>
         <run_address>0x265c</run_address>
         <size>0x40</size>
         <input_file_ref idref="fl-15f"/>
      </object_component>
      <object_component id="oc-369">
         <name>.text</name>
         <load_address>0x269c</load_address>
         <run_address>0x269c</run_address>
         <size>0x40</size>
         <input_file_ref idref="fl-155"/>
      </object_component>
      <object_component id="oc-111">
         <name>.text:I2CMStateReadFinal</name>
         <load_address>0x26dc</load_address>
         <run_address>0x26dc</run_address>
         <size>0x3e</size>
         <input_file_ref idref="fl-15f"/>
      </object_component>
      <object_component id="oc-10c">
         <name>.text:I2CMStateReadPause</name>
         <load_address>0x271a</load_address>
         <run_address>0x271a</run_address>
         <size>0x3e</size>
         <input_file_ref idref="fl-15f"/>
      </object_component>
      <object_component id="oc-1b3">
         <name>.text</name>
         <load_address>0x2758</load_address>
         <run_address>0x2758</run_address>
         <size>0x38</size>
         <input_file_ref idref="fl-13f"/>
      </object_component>
      <object_component id="oc-17c">
         <name>.text:I2CMInit</name>
         <load_address>0x2790</load_address>
         <run_address>0x2790</run_address>
         <size>0x34</size>
         <input_file_ref idref="fl-15f"/>
      </object_component>
      <object_component id="oc-15e">
         <name>.text:SysCtlPeripheralEnable</name>
         <load_address>0x27c4</load_address>
         <run_address>0x27c4</run_address>
         <size>0x34</size>
         <input_file_ref idref="fl-15b"/>
      </object_component>
      <object_component id="oc-2f8">
         <name>.text</name>
         <load_address>0x27f8</load_address>
         <run_address>0x27f8</run_address>
         <size>0x34</size>
         <input_file_ref idref="fl-152"/>
      </object_component>
      <object_component id="oc-2d1">
         <name>.text:lcdWriteLine</name>
         <load_address>0x282c</load_address>
         <run_address>0x282c</run_address>
         <size>0x32</size>
         <input_file_ref idref="fl-2"/>
      </object_component>
      <object_component id="oc-38">
         <name>.text:SysTickIntHandler</name>
         <load_address>0x2860</load_address>
         <run_address>0x2860</run_address>
         <size>0x30</size>
         <input_file_ref idref="fl-7"/>
      </object_component>
      <object_component id="oc-325">
         <name>.text:lcdWriteToPort</name>
         <load_address>0x2890</load_address>
         <run_address>0x2890</run_address>
         <size>0x30</size>
         <input_file_ref idref="fl-2"/>
      </object_component>
      <object_component id="oc-289">
         <name>.text</name>
         <load_address>0x28c0</load_address>
         <run_address>0x28c0</run_address>
         <size>0x30</size>
         <input_file_ref idref="fl-148"/>
      </object_component>
      <object_component id="oc-347">
         <name>.text</name>
         <load_address>0x28f0</load_address>
         <run_address>0x28f0</run_address>
         <size>0x2e</size>
         <input_file_ref idref="fl-154"/>
      </object_component>
      <object_component id="oc-250">
         <name>.text:GPIODirModeSet</name>
         <load_address>0x291e</load_address>
         <run_address>0x291e</run_address>
         <size>0x2a</size>
         <input_file_ref idref="fl-15d"/>
      </object_component>
      <object_component id="oc-11b">
         <name>.text:I2CMStateReadFirst</name>
         <load_address>0x2948</load_address>
         <run_address>0x2948</run_address>
         <size>0x2a</size>
         <input_file_ref idref="fl-15f"/>
      </object_component>
      <object_component id="oc-32a">
         <name>.text:lcdWriteCommit</name>
         <load_address>0x2974</load_address>
         <run_address>0x2974</run_address>
         <size>0x28</size>
         <input_file_ref idref="fl-2"/>
      </object_component>
      <object_component id="oc-2a2">
         <name>.text:lcdWriteData</name>
         <load_address>0x299c</load_address>
         <run_address>0x299c</run_address>
         <size>0x28</size>
         <input_file_ref idref="fl-2"/>
      </object_component>
      <object_component id="oc-120">
         <name>.text:I2CMStateReadOne</name>
         <load_address>0x29c4</load_address>
         <run_address>0x29c4</run_address>
         <size>0x20</size>
         <input_file_ref idref="fl-15f"/>
      </object_component>
      <object_component id="oc-159">
         <name>.text:initLCD</name>
         <load_address>0x29e4</load_address>
         <run_address>0x29e4</run_address>
         <size>0x20</size>
         <input_file_ref idref="fl-7"/>
      </object_component>
      <object_component id="oc-29c">
         <name>.text:lcdWriteCommand</name>
         <load_address>0x2a04</load_address>
         <run_address>0x2a04</run_address>
         <size>0x1c</size>
         <input_file_ref idref="fl-2"/>
      </object_component>
      <object_component id="oc-107">
         <name>.text:I2CMStateReadWait</name>
         <load_address>0x2a20</load_address>
         <run_address>0x2a20</run_address>
         <size>0x18</size>
         <input_file_ref idref="fl-15f"/>
      </object_component>
      <object_component id="oc-4e">
         <name>.text</name>
         <load_address>0x2a38</load_address>
         <run_address>0x2a38</run_address>
         <size>0x18</size>
         <input_file_ref idref="fl-14c"/>
      </object_component>
      <object_component id="oc-f8">
         <name>.text:I2CMasterErr</name>
         <load_address>0x2a50</load_address>
         <run_address>0x2a50</run_address>
         <size>0x16</size>
         <input_file_ref idref="fl-161"/>
      </object_component>
      <object_component id="oc-154">
         <name>.text:RGBIntensitySet</name>
         <load_address>0x2a68</load_address>
         <run_address>0x2a68</run_address>
         <size>0x14</size>
         <input_file_ref idref="fl-4"/>
      </object_component>
      <object_component id="oc-190">
         <name>.text:SysTickEnable</name>
         <load_address>0x2a7c</load_address>
         <run_address>0x2a7c</run_address>
         <size>0x14</size>
         <input_file_ref idref="fl-15a"/>
      </object_component>
      <object_component id="oc-18b">
         <name>.text:SysTickIntEnable</name>
         <load_address>0x2a90</load_address>
         <run_address>0x2a90</run_address>
         <size>0x14</size>
         <input_file_ref idref="fl-15a"/>
      </object_component>
      <object_component id="oc-1cf">
         <name>.text</name>
         <load_address>0x2aa4</load_address>
         <run_address>0x2aa4</run_address>
         <size>0x14</size>
         <input_file_ref idref="fl-14b"/>
      </object_component>
      <object_component id="oc-172">
         <name>.text:GPIOPinTypeGPIOOutput</name>
         <load_address>0x2ab8</load_address>
         <run_address>0x2ab8</run_address>
         <size>0x12</size>
         <input_file_ref idref="fl-15d"/>
      </object_component>
      <object_component id="oc-16d">
         <name>.text:GPIOPinTypeI2C</name>
         <load_address>0x2aca</load_address>
         <run_address>0x2aca</run_address>
         <size>0x12</size>
         <input_file_ref idref="fl-15d"/>
      </object_component>
      <object_component id="oc-168">
         <name>.text:GPIOPinTypeI2CSCL</name>
         <load_address>0x2adc</load_address>
         <run_address>0x2adc</run_address>
         <size>0x12</size>
         <input_file_ref idref="fl-15d"/>
      </object_component>
      <object_component id="oc-19">
         <name>.text:decompress:ZI</name>
         <load_address>0x2aee</load_address>
         <run_address>0x2aee</run_address>
         <size>0x12</size>
         <input_file_ref idref="fl-139"/>
      </object_component>
      <object_component id="oc-2cc">
         <name>.text:gpioSetDigitalEnable</name>
         <load_address>0x2b00</load_address>
         <run_address>0x2b00</run_address>
         <size>0x12</size>
         <input_file_ref idref="fl-3"/>
      </object_component>
      <object_component id="oc-89">
         <name>.text:BMP180AppCallback</name>
         <load_address>0x2b14</load_address>
         <run_address>0x2b14</run_address>
         <size>0x10</size>
         <input_file_ref idref="fl-7"/>
      </object_component>
      <object_component id="oc-186">
         <name>.text:SysTickPeriodSet</name>
         <load_address>0x2b24</load_address>
         <run_address>0x2b24</run_address>
         <size>0x10</size>
         <input_file_ref idref="fl-15a"/>
      </object_component>
      <object_component id="oc-2c7">
         <name>.text:gpioSetDirection</name>
         <load_address>0x2b34</load_address>
         <run_address>0x2b34</run_address>
         <size>0x10</size>
         <input_file_ref idref="fl-3"/>
      </object_component>
      <object_component id="oc-14">
         <name>.text:decompress:none</name>
         <load_address>0x2b44</load_address>
         <run_address>0x2b44</run_address>
         <size>0xe</size>
         <input_file_ref idref="fl-137"/>
      </object_component>
      <object_component id="oc-3d">
         <name>.text:BMP180I2CIntHandler</name>
         <load_address>0x2b54</load_address>
         <run_address>0x2b54</run_address>
         <size>0xc</size>
         <input_file_ref idref="fl-7"/>
      </object_component>
      <object_component id="oc-25d">
         <name>.text:CPUcpsie</name>
         <load_address>0x2b60</load_address>
         <run_address>0x2b60</run_address>
         <size>0xc</size>
         <input_file_ref idref="fl-15e"/>
      </object_component>
      <object_component id="oc-1ec">
         <name>.text:IntTrigger</name>
         <load_address>0x2b6c</load_address>
         <run_address>0x2b6c</run_address>
         <size>0xc</size>
         <input_file_ref idref="fl-15c"/>
      </object_component>
      <object_component id="oc-2e1">
         <name>.text:I2CMasterEnable</name>
         <load_address>0x2b78</load_address>
         <run_address>0x2b78</run_address>
         <size>0xa</size>
         <input_file_ref idref="fl-161"/>
      </object_component>
      <object_component id="oc-177">
         <name>.text:IntMasterEnable</name>
         <load_address>0x2b82</load_address>
         <run_address>0x2b82</run_address>
         <size>0xa</size>
         <input_file_ref idref="fl-15c"/>
      </object_component>
      <object_component id="oc-f3">
         <name>.text:I2CMasterIntClear</name>
         <load_address>0x2b8c</load_address>
         <run_address>0x2b8c</run_address>
         <size>0x8</size>
         <input_file_ref idref="fl-161"/>
      </object_component>
      <object_component id="oc-268">
         <name>.text:I2CMasterIntEnableEx</name>
         <load_address>0x2b94</load_address>
         <run_address>0x2b94</run_address>
         <size>0x8</size>
         <input_file_ref idref="fl-161"/>
      </object_component>
      <object_component id="oc-219">
         <name>.text:I2CMasterSlaveAddrSet</name>
         <load_address>0x2b9c</load_address>
         <run_address>0x2b9c</run_address>
         <size>0x8</size>
         <input_file_ref idref="fl-161"/>
      </object_component>
      <object_component id="oc-7d">
         <name>.text:GPIOPinWrite</name>
         <load_address>0x2ba4</load_address>
         <run_address>0x2ba4</run_address>
         <size>0x6</size>
         <input_file_ref idref="fl-15d"/>
      </object_component>
      <object_component id="oc-24">
         <name>.text:ResetISR</name>
         <load_address>0x2baa</load_address>
         <run_address>0x2baa</run_address>
         <size>0x6</size>
         <input_file_ref idref="fl-6"/>
      </object_component>
      <object_component id="oc-1c4">
         <name>.text:SysCtlDelay</name>
         <load_address>0x2bb0</load_address>
         <run_address>0x2bb0</run_address>
         <size>0x6</size>
         <input_file_ref idref="fl-15b"/>
      </object_component>
      <object_component id="oc-1e">
         <name>.text:decompress:rle24</name>
         <load_address>0x2bb6</load_address>
         <run_address>0x2bb6</run_address>
         <size>0x6</size>
         <input_file_ref idref="fl-138"/>
      </object_component>
      <object_component id="oc-246">
         <name>.text:lcdClear</name>
         <load_address>0x2bbc</load_address>
         <run_address>0x2bbc</run_address>
         <size>0x6</size>
         <input_file_ref idref="fl-2"/>
      </object_component>
      <object_component id="oc-1a9">
         <name>.text:lcdCursorHome</name>
         <load_address>0x2bc2</load_address>
         <run_address>0x2bc2</run_address>
         <size>0x6</size>
         <input_file_ref idref="fl-2"/>
      </object_component>
      <object_component id="oc-1bf">
         <name>.text:lcdCursorHomeDown</name>
         <load_address>0x2bc8</load_address>
         <run_address>0x2bc8</run_address>
         <size>0x6</size>
         <input_file_ref idref="fl-2"/>
      </object_component>
      <object_component id="oc-28e">
         <name>.text</name>
         <load_address>0x2bce</load_address>
         <run_address>0x2bce</run_address>
         <size>0x6</size>
         <input_file_ref idref="fl-153"/>
      </object_component>
      <object_component id="oc-fd">
         <name>.text:I2CMasterControl</name>
         <load_address>0x2bd4</load_address>
         <run_address>0x2bd4</run_address>
         <size>0x4</size>
         <input_file_ref idref="fl-161"/>
      </object_component>
      <object_component id="oc-210">
         <name>.text:I2CMasterDataGet</name>
         <load_address>0x2bd8</load_address>
         <run_address>0x2bd8</run_address>
         <size>0x4</size>
         <input_file_ref idref="fl-161"/>
      </object_component>
      <object_component id="oc-220">
         <name>.text:I2CMasterDataPut</name>
         <load_address>0x2bdc</load_address>
         <run_address>0x2bdc</run_address>
         <size>0x4</size>
         <input_file_ref idref="fl-161"/>
      </object_component>
      <object_component id="oc-1ae">
         <name>.text:lcdWriteLetter</name>
         <load_address>0x2be0</load_address>
         <run_address>0x2be0</run_address>
         <size>0x4</size>
         <input_file_ref idref="fl-2"/>
      </object_component>
      <object_component id="oc-24d">
         <name>.const:g_pui32GPIOBaseAddrs</name>
         <load_address>0x2be4</load_address>
         <run_address>0x2be4</run_address>
         <size>0x78</size>
         <input_file_ref idref="fl-15d"/>
      </object_component>
      <object_component id="oc-2b0">
         <name>.const</name>
         <load_address>0x2c5c</load_address>
         <run_address>0x2c5c</run_address>
         <size>0x70</size>
         <input_file_ref idref="fl-15c"/>
      </object_component>
      <object_component id="oc-2ea">
         <name>.const:g_pui32Xtals</name>
         <load_address>0x2ccc</load_address>
         <run_address>0x2ccc</run_address>
         <size>0x6c</size>
         <input_file_ref idref="fl-15b"/>
      </object_component>
      <object_component id="oc-351">
         <name>.const</name>
         <load_address>0x2d38</load_address>
         <run_address>0x2d38</run_address>
         <size>0x38</size>
         <input_file_ref idref="fl-158"/>
      </object_component>
      <object_component id="oc-2f5">
         <name>.const</name>
         <load_address>0x2d70</load_address>
         <run_address>0x2d70</run_address>
         <size>0x28</size>
         <input_file_ref idref="fl-146"/>
      </object_component>
      <object_component id="oc-318">
         <name>.const</name>
         <load_address>0x2d98</load_address>
         <run_address>0x2d98</run_address>
         <size>0x1c</size>
         <input_file_ref idref="fl-149"/>
      </object_component>
      <object_component id="oc-3ab">
         <name>.cinit..data.load</name>
         <load_address>0x2db8</load_address>
         <run_address>0x2db8</run_address>
         <size>0x3f</size>
      </object_component>
      <object_component id="oc-3a9">
         <name>__TI_handler_table</name>
         <load_address>0x2df8</load_address>
         <run_address>0x2df8</run_address>
         <size>0xc</size>
      </object_component>
      <object_component id="oc-3ac">
         <name>.cinit..bss.load</name>
         <load_address>0x2e08</load_address>
         <run_address>0x2e08</run_address>
         <size>0x8</size>
      </object_component>
      <object_component id="oc-3aa">
         <name>__TI_cinit_table</name>
         <load_address>0x2e10</load_address>
         <run_address>0x2e10</run_address>
         <size>0x10</size>
      </object_component>
      <object_component id="oc-58">
         <name>.data</name>
         <load_address>0x200006d0</load_address>
         <run_address>0x200006d0</run_address>
         <size>0x4</size>
         <input_file_ref idref="fl-144"/>
      </object_component>
      <object_component id="oc-b7">
         <name>.data</name>
         <load_address>0x200006b0</load_address>
         <run_address>0x200006b0</run_address>
         <size>0x8</size>
         <input_file_ref idref="fl-14b"/>
      </object_component>
      <object_component id="oc-b9">
         <name>.data</name>
         <load_address>0x200006b8</load_address>
         <run_address>0x200006b8</run_address>
         <size>0x8</size>
         <input_file_ref idref="fl-13a"/>
      </object_component>
      <object_component id="oc-23b">
         <name>.data</name>
         <load_address>0x200006c8</load_address>
         <run_address>0x200006c8</run_address>
         <size>0x4</size>
         <input_file_ref idref="fl-4"/>
      </object_component>
      <object_component id="oc-298">
         <name>.data</name>
         <load_address>0x20000648</load_address>
         <run_address>0x20000648</run_address>
         <size>0x68</size>
         <input_file_ref idref="fl-14a"/>
      </object_component>
      <object_component id="oc-2fd">
         <name>.data</name>
         <load_address>0x200006cc</load_address>
         <run_address>0x200006cc</run_address>
         <size>0x4</size>
         <input_file_ref idref="fl-14f"/>
      </object_component>
      <object_component id="oc-34c">
         <name>.data</name>
         <load_address>0x200006c0</load_address>
         <run_address>0x200006c0</run_address>
         <size>0x8</size>
         <input_file_ref idref="fl-152"/>
      </object_component>
      <object_component id="oc-37e">
         <name>.data:sigtable</name>
         <load_address>0x20000598</load_address>
         <run_address>0x20000598</run_address>
         <size>0xb0</size>
         <input_file_ref idref="fl-155"/>
      </object_component>
      <object_component id="oc-87">
         <name>.bss:g_sBMP180Inst</name>
         <uninitialized>true</uninitialized>
         <run_address>0x20000524</run_address>
         <size>0x44</size>
         <input_file_ref idref="fl-7"/>
      </object_component>
      <object_component id="oc-94">
         <name>.bss:g_sI2CInst</name>
         <uninitialized>true</uninitialized>
         <run_address>0x20000400</run_address>
         <size>0x124</size>
         <input_file_ref idref="fl-7"/>
      </object_component>
      <object_component id="oc-2d8">
         <name>.common:_lcdInited</name>
         <uninitialized>true</uninitialized>
         <run_address>0x20000580</run_address>
         <size>0x4</size>
      </object_component>
      <object_component id="oc-363">
         <name>.common:_lcdPortControl</name>
         <uninitialized>true</uninitialized>
         <run_address>0x20000584</run_address>
         <size>0x4</size>
      </object_component>
      <object_component id="oc-360">
         <name>.common:_lcdPortDataUpper</name>
         <uninitialized>true</uninitialized>
         <run_address>0x2000058c</run_address>
         <size>0x4</size>
      </object_component>
      <object_component id="oc-361">
         <name>.common:_lcdPortDataLower</name>
         <uninitialized>true</uninitialized>
         <run_address>0x20000588</run_address>
         <size>0x4</size>
      </object_component>
      <object_component id="oc-23f">
         <name>.common:g_ui32Colors</name>
         <uninitialized>true</uninitialized>
         <run_address>0x20000574</run_address>
         <size>0xc</size>
      </object_component>
      <object_component id="oc-9c">
         <name>.common:ulFlags$1</name>
         <uninitialized>true</uninitialized>
         <run_address>0x20000594</run_address>
         <size>0x4</size>
      </object_component>
      <object_component id="oc-1c5">
         <name>.common:g_pui32Colors</name>
         <uninitialized>true</uninitialized>
         <run_address>0x20000568</run_address>
         <size>0xc</size>
      </object_component>
      <object_component id="oc-1c6">
         <name>.common:g_vui8DataFlag</name>
         <uninitialized>true</uninitialized>
         <run_address>0x20000590</run_address>
         <size>0x4</size>
      </object_component>
      <object_component id="oc-23">
         <name>.stack</name>
         <uninitialized>true</uninitialized>
         <run_address>0x20000000</run_address>
         <size>0x0</size>
         <input_file_ref idref="fl-136"/>
      </object_component>
      <object_component id="oc-3ad">
         <name>.stack</name>
         <uninitialized>true</uninitialized>
         <run_address>0x20000000</run_address>
         <size>0x0</size>
      </object_component>
      <object_component id="oc-f">
         <name>.debug_info</name>
         <load_address>0x0</load_address>
         <run_address>0x0</run_address>
         <size>0x10c</size>
         <input_file_ref idref="fl-6"/>
      </object_component>
      <object_component id="oc-12">
         <name>.debug_info</name>
         <load_address>0x10c</load_address>
         <run_address>0x10c</run_address>
         <size>0xf3</size>
         <input_file_ref idref="fl-136"/>
      </object_component>
      <object_component id="oc-18">
         <name>.debug_info</name>
         <load_address>0x1ff</load_address>
         <run_address>0x1ff</run_address>
         <size>0x194</size>
         <input_file_ref idref="fl-137"/>
      </object_component>
      <object_component id="oc-1a">
         <name>.debug_info</name>
         <load_address>0x393</load_address>
         <run_address>0x393</run_address>
         <size>0x16a</size>
         <input_file_ref idref="fl-139"/>
      </object_component>
      <object_component id="oc-20">
         <name>.debug_info</name>
         <load_address>0x4fd</load_address>
         <run_address>0x4fd</run_address>
         <size>0x18e</size>
         <input_file_ref idref="fl-138"/>
      </object_component>
      <object_component id="oc-25">
         <name>.debug_info</name>
         <load_address>0x68b</load_address>
         <run_address>0x68b</run_address>
         <size>0x13c</size>
         <input_file_ref idref="fl-6"/>
      </object_component>
      <object_component id="oc-2a">
         <name>.debug_info</name>
         <load_address>0x7c7</load_address>
         <run_address>0x7c7</run_address>
         <size>0x12d</size>
         <input_file_ref idref="fl-6"/>
      </object_component>
      <object_component id="oc-2f">
         <name>.debug_info</name>
         <load_address>0x8f4</load_address>
         <run_address>0x8f4</run_address>
         <size>0x133</size>
         <input_file_ref idref="fl-6"/>
      </object_component>
      <object_component id="oc-34">
         <name>.debug_info</name>
         <load_address>0xa27</load_address>
         <run_address>0xa27</run_address>
         <size>0x145</size>
         <input_file_ref idref="fl-6"/>
      </object_component>
      <object_component id="oc-39">
         <name>.debug_info</name>
         <load_address>0xb6c</load_address>
         <run_address>0xb6c</run_address>
         <size>0x195</size>
         <input_file_ref idref="fl-7"/>
      </object_component>
      <object_component id="oc-3e">
         <name>.debug_info</name>
         <load_address>0xd01</load_address>
         <run_address>0xd01</run_address>
         <size>0x16e</size>
         <input_file_ref idref="fl-7"/>
      </object_component>
      <object_component id="oc-43">
         <name>.debug_info</name>
         <load_address>0xe6f</load_address>
         <run_address>0xe6f</run_address>
         <size>0x289</size>
         <input_file_ref idref="fl-4"/>
      </object_component>
      <object_component id="oc-49">
         <name>.debug_info</name>
         <load_address>0x10f8</load_address>
         <run_address>0x10f8</run_address>
         <size>0x1ab</size>
         <input_file_ref idref="fl-6"/>
      </object_component>
      <object_component id="oc-4c">
         <name>.debug_info</name>
         <load_address>0x12a3</load_address>
         <run_address>0x12a3</run_address>
         <size>0x13d</size>
         <input_file_ref idref="fl-14d"/>
      </object_component>
      <object_component id="oc-4f">
         <name>.debug_info</name>
         <load_address>0x13e0</load_address>
         <run_address>0x13e0</run_address>
         <size>0x11c</size>
         <input_file_ref idref="fl-14c"/>
      </object_component>
      <object_component id="oc-54">
         <name>.debug_info</name>
         <load_address>0x14fc</load_address>
         <run_address>0x14fc</run_address>
         <size>0x1c2</size>
         <input_file_ref idref="fl-13a"/>
      </object_component>
      <object_component id="oc-59">
         <name>.debug_info</name>
         <load_address>0x16be</load_address>
         <run_address>0x16be</run_address>
         <size>0xbe</size>
         <input_file_ref idref="fl-144"/>
      </object_component>
      <object_component id="oc-5c">
         <name>.debug_info</name>
         <load_address>0x177c</load_address>
         <run_address>0x177c</run_address>
         <size>0xcc</size>
         <input_file_ref idref="fl-142"/>
      </object_component>
      <object_component id="oc-60">
         <name>.debug_info</name>
         <load_address>0x1848</load_address>
         <run_address>0x1848</run_address>
         <size>0x46</size>
         <input_file_ref idref="fl-137"/>
      </object_component>
      <object_component id="oc-65">
         <name>.debug_info</name>
         <load_address>0x188e</load_address>
         <run_address>0x188e</run_address>
         <size>0xf2</size>
         <input_file_ref idref="fl-137"/>
      </object_component>
      <object_component id="oc-67">
         <name>.debug_info</name>
         <load_address>0x1980</load_address>
         <run_address>0x1980</run_address>
         <size>0x46</size>
         <input_file_ref idref="fl-139"/>
      </object_component>
      <object_component id="oc-6c">
         <name>.debug_info</name>
         <load_address>0x19c6</load_address>
         <run_address>0x19c6</run_address>
         <size>0xad</size>
         <input_file_ref idref="fl-139"/>
      </object_component>
      <object_component id="oc-71">
         <name>.debug_info</name>
         <load_address>0x1a73</load_address>
         <run_address>0x1a73</run_address>
         <size>0x1ef</size>
         <input_file_ref idref="fl-138"/>
      </object_component>
      <object_component id="oc-73">
         <name>.debug_info</name>
         <load_address>0x1c62</load_address>
         <run_address>0x1c62</run_address>
         <size>0xb7</size>
         <input_file_ref idref="fl-138"/>
      </object_component>
      <object_component id="oc-74">
         <name>.debug_info</name>
         <load_address>0x1d19</load_address>
         <run_address>0x1d19</run_address>
         <size>0x39</size>
         <input_file_ref idref="fl-138"/>
      </object_component>
      <object_component id="oc-7e">
         <name>.debug_info</name>
         <load_address>0x1d52</load_address>
         <run_address>0x1d52</run_address>
         <size>0x207</size>
         <input_file_ref idref="fl-15d"/>
      </object_component>
      <object_component id="oc-83">
         <name>.debug_info</name>
         <load_address>0x1f59</load_address>
         <run_address>0x1f59</run_address>
         <size>0x24f</size>
         <input_file_ref idref="fl-160"/>
      </object_component>
      <object_component id="oc-88">
         <name>.debug_info</name>
         <load_address>0x21a8</load_address>
         <run_address>0x21a8</run_address>
         <size>0x112</size>
         <input_file_ref idref="fl-7"/>
      </object_component>
      <object_component id="oc-8a">
         <name>.debug_info</name>
         <load_address>0x22ba</load_address>
         <run_address>0x22ba</run_address>
         <size>0x1b5</size>
         <input_file_ref idref="fl-7"/>
      </object_component>
      <object_component id="oc-90">
         <name>.debug_info</name>
         <load_address>0x246f</load_address>
         <run_address>0x246f</run_address>
         <size>0x422</size>
         <input_file_ref idref="fl-15f"/>
      </object_component>
      <object_component id="oc-95">
         <name>.debug_info</name>
         <load_address>0x2891</load_address>
         <run_address>0x2891</run_address>
         <size>0x10c</size>
         <input_file_ref idref="fl-7"/>
      </object_component>
      <object_component id="oc-98">
         <name>.debug_info</name>
         <load_address>0x299d</load_address>
         <run_address>0x299d</run_address>
         <size>0x267</size>
         <input_file_ref idref="fl-4"/>
      </object_component>
      <object_component id="oc-9e">
         <name>.debug_info</name>
         <load_address>0x2c04</load_address>
         <run_address>0x2c04</run_address>
         <size>0x84</size>
         <input_file_ref idref="fl-2"/>
      </object_component>
      <object_component id="oc-a5">
         <name>.debug_info</name>
         <load_address>0x2c88</load_address>
         <run_address>0x2c88</run_address>
         <size>0x18b</size>
         <input_file_ref idref="fl-2"/>
      </object_component>
      <object_component id="oc-ab">
         <name>.debug_info</name>
         <load_address>0x2e13</load_address>
         <run_address>0x2e13</run_address>
         <size>0x14b</size>
         <input_file_ref idref="fl-14e"/>
      </object_component>
      <object_component id="oc-b1">
         <name>.debug_info</name>
         <load_address>0x2f5e</load_address>
         <run_address>0x2f5e</run_address>
         <size>0x60f</size>
         <input_file_ref idref="fl-7"/>
      </object_component>
      <object_component id="oc-b6">
         <name>.debug_info</name>
         <load_address>0x356d</load_address>
         <run_address>0x356d</run_address>
         <size>0x11b</size>
         <input_file_ref idref="fl-14c"/>
      </object_component>
      <object_component id="oc-b8">
         <name>.debug_info</name>
         <load_address>0x3688</load_address>
         <run_address>0x3688</run_address>
         <size>0xc8</size>
         <input_file_ref idref="fl-14b"/>
      </object_component>
      <object_component id="oc-ba">
         <name>.debug_info</name>
         <load_address>0x3750</load_address>
         <run_address>0x3750</run_address>
         <size>0xeb</size>
         <input_file_ref idref="fl-13a"/>
      </object_component>
      <object_component id="oc-bc">
         <name>.debug_info</name>
         <load_address>0x383b</load_address>
         <run_address>0x383b</run_address>
         <size>0x146</size>
         <input_file_ref idref="fl-13a"/>
      </object_component>
      <object_component id="oc-c0">
         <name>.debug_info</name>
         <load_address>0x3981</load_address>
         <run_address>0x3981</run_address>
         <size>0x2c</size>
         <input_file_ref idref="fl-137"/>
      </object_component>
      <object_component id="oc-c7">
         <name>.debug_info</name>
         <load_address>0x39ad</load_address>
         <run_address>0x39ad</run_address>
         <size>0x2c</size>
         <input_file_ref idref="fl-139"/>
      </object_component>
      <object_component id="oc-d2">
         <name>.debug_info</name>
         <load_address>0x39d9</load_address>
         <run_address>0x39d9</run_address>
         <size>0x18b</size>
         <input_file_ref idref="fl-159"/>
      </object_component>
      <object_component id="oc-d7">
         <name>.debug_info</name>
         <load_address>0x3b64</load_address>
         <run_address>0x3b64</run_address>
         <size>0x1d1</size>
         <input_file_ref idref="fl-15d"/>
      </object_component>
      <object_component id="oc-d9">
         <name>.debug_info</name>
         <load_address>0x3d35</load_address>
         <run_address>0x3d35</run_address>
         <size>0x3e8</size>
         <input_file_ref idref="fl-15f"/>
      </object_component>
      <object_component id="oc-de">
         <name>.debug_info</name>
         <load_address>0x411d</load_address>
         <run_address>0x411d</run_address>
         <size>0x244</size>
         <input_file_ref idref="fl-160"/>
      </object_component>
      <object_component id="oc-e3">
         <name>.debug_info</name>
         <load_address>0x4361</load_address>
         <run_address>0x4361</run_address>
         <size>0x18b</size>
         <input_file_ref idref="fl-15f"/>
      </object_component>
      <object_component id="oc-e8">
         <name>.debug_info</name>
         <load_address>0x44ec</load_address>
         <run_address>0x44ec</run_address>
         <size>0x32e</size>
         <input_file_ref idref="fl-160"/>
      </object_component>
      <object_component id="oc-eb">
         <name>.debug_info</name>
         <load_address>0x481a</load_address>
         <run_address>0x481a</run_address>
         <size>0x1f8</size>
         <input_file_ref idref="fl-7"/>
      </object_component>
      <object_component id="oc-f1">
         <name>.debug_info</name>
         <load_address>0x4a12</load_address>
         <run_address>0x4a12</run_address>
         <size>0x97b</size>
         <input_file_ref idref="fl-7"/>
      </object_component>
      <object_component id="oc-f4">
         <name>.debug_info</name>
         <load_address>0x538d</load_address>
         <run_address>0x538d</run_address>
         <size>0x1b6</size>
         <input_file_ref idref="fl-161"/>
      </object_component>
      <object_component id="oc-f9">
         <name>.debug_info</name>
         <load_address>0x5543</load_address>
         <run_address>0x5543</run_address>
         <size>0x1cd</size>
         <input_file_ref idref="fl-161"/>
      </object_component>
      <object_component id="oc-fe">
         <name>.debug_info</name>
         <load_address>0x5710</load_address>
         <run_address>0x5710</run_address>
         <size>0x1e2</size>
         <input_file_ref idref="fl-161"/>
      </object_component>
      <object_component id="oc-103">
         <name>.debug_info</name>
         <load_address>0x58f2</load_address>
         <run_address>0x58f2</run_address>
         <size>0x273</size>
         <input_file_ref idref="fl-15f"/>
      </object_component>
      <object_component id="oc-108">
         <name>.debug_info</name>
         <load_address>0x5b65</load_address>
         <run_address>0x5b65</run_address>
         <size>0x205</size>
         <input_file_ref idref="fl-15f"/>
      </object_component>
      <object_component id="oc-10d">
         <name>.debug_info</name>
         <load_address>0x5d6a</load_address>
         <run_address>0x5d6a</run_address>
         <size>0x21e</size>
         <input_file_ref idref="fl-15f"/>
      </object_component>
      <object_component id="oc-112">
         <name>.debug_info</name>
         <load_address>0x5f88</load_address>
         <run_address>0x5f88</run_address>
         <size>0x22b</size>
         <input_file_ref idref="fl-15f"/>
      </object_component>
      <object_component id="oc-117">
         <name>.debug_info</name>
         <load_address>0x61b3</load_address>
         <run_address>0x61b3</run_address>
         <size>0x229</size>
         <input_file_ref idref="fl-15f"/>
      </object_component>
      <object_component id="oc-11c">
         <name>.debug_info</name>
         <load_address>0x63dc</load_address>
         <run_address>0x63dc</run_address>
         <size>0x223</size>
         <input_file_ref idref="fl-15f"/>
      </object_component>
      <object_component id="oc-121">
         <name>.debug_info</name>
         <load_address>0x65ff</load_address>
         <run_address>0x65ff</run_address>
         <size>0x21f</size>
         <input_file_ref idref="fl-15f"/>
      </object_component>
      <object_component id="oc-126">
         <name>.debug_info</name>
         <load_address>0x681e</load_address>
         <run_address>0x681e</run_address>
         <size>0x24e</size>
         <input_file_ref idref="fl-15f"/>
      </object_component>
      <object_component id="oc-12b">
         <name>.debug_info</name>
         <load_address>0x6a6c</load_address>
         <run_address>0x6a6c</run_address>
         <size>0x244</size>
         <input_file_ref idref="fl-15f"/>
      </object_component>
      <object_component id="oc-130">
         <name>.debug_info</name>
         <load_address>0x6cb0</load_address>
         <run_address>0x6cb0</run_address>
         <size>0x22b</size>
         <input_file_ref idref="fl-15f"/>
      </object_component>
      <object_component id="oc-135">
         <name>.debug_info</name>
         <load_address>0x6edb</load_address>
         <run_address>0x6edb</run_address>
         <size>0x291</size>
         <input_file_ref idref="fl-15f"/>
      </object_component>
      <object_component id="oc-13a">
         <name>.debug_info</name>
         <load_address>0x716c</load_address>
         <run_address>0x716c</run_address>
         <size>0x41e</size>
         <input_file_ref idref="fl-15f"/>
      </object_component>
      <object_component id="oc-13d">
         <name>.debug_info</name>
         <load_address>0x758a</load_address>
         <run_address>0x758a</run_address>
         <size>0x4e6</size>
         <input_file_ref idref="fl-7"/>
      </object_component>
      <object_component id="oc-144">
         <name>.debug_info</name>
         <load_address>0x7a70</load_address>
         <run_address>0x7a70</run_address>
         <size>0x148</size>
         <input_file_ref idref="fl-14e"/>
      </object_component>
      <object_component id="oc-146">
         <name>.debug_info</name>
         <load_address>0x7bb8</load_address>
         <run_address>0x7bb8</run_address>
         <size>0x2d4</size>
         <input_file_ref idref="fl-15b"/>
      </object_component>
      <object_component id="oc-14b">
         <name>.debug_info</name>
         <load_address>0x7e8c</load_address>
         <run_address>0x7e8c</run_address>
         <size>0x2a6</size>
         <input_file_ref idref="fl-4"/>
      </object_component>
      <object_component id="oc-150">
         <name>.debug_info</name>
         <load_address>0x8132</load_address>
         <run_address>0x8132</run_address>
         <size>0x291</size>
         <input_file_ref idref="fl-4"/>
      </object_component>
      <object_component id="oc-155">
         <name>.debug_info</name>
         <load_address>0x83c3</load_address>
         <run_address>0x83c3</run_address>
         <size>0x26a</size>
         <input_file_ref idref="fl-4"/>
      </object_component>
      <object_component id="oc-15a">
         <name>.debug_info</name>
         <load_address>0x862d</load_address>
         <run_address>0x862d</run_address>
         <size>0x177</size>
         <input_file_ref idref="fl-7"/>
      </object_component>
      <object_component id="oc-15f">
         <name>.debug_info</name>
         <load_address>0x87a4</load_address>
         <run_address>0x87a4</run_address>
         <size>0x1e1</size>
         <input_file_ref idref="fl-15b"/>
      </object_component>
      <object_component id="oc-164">
         <name>.debug_info</name>
         <load_address>0x8985</load_address>
         <run_address>0x8985</run_address>
         <size>0x1e4</size>
         <input_file_ref idref="fl-15d"/>
      </object_component>
      <object_component id="oc-169">
         <name>.debug_info</name>
         <load_address>0x8b69</load_address>
         <run_address>0x8b69</run_address>
         <size>0x1e3</size>
         <input_file_ref idref="fl-15d"/>
      </object_component>
      <object_component id="oc-16e">
         <name>.debug_info</name>
         <load_address>0x8d4c</load_address>
         <run_address>0x8d4c</run_address>
         <size>0x1dd</size>
         <input_file_ref idref="fl-15d"/>
      </object_component>
      <object_component id="oc-173">
         <name>.debug_info</name>
         <load_address>0x8f29</load_address>
         <run_address>0x8f29</run_address>
         <size>0x1eb</size>
         <input_file_ref idref="fl-15d"/>
      </object_component>
      <object_component id="oc-178">
         <name>.debug_info</name>
         <load_address>0x9114</load_address>
         <run_address>0x9114</run_address>
         <size>0x1a2</size>
         <input_file_ref idref="fl-15c"/>
      </object_component>
      <object_component id="oc-17d">
         <name>.debug_info</name>
         <load_address>0x92b6</load_address>
         <run_address>0x92b6</run_address>
         <size>0x2b4</size>
         <input_file_ref idref="fl-15f"/>
      </object_component>
      <object_component id="oc-182">
         <name>.debug_info</name>
         <load_address>0x956a</load_address>
         <run_address>0x956a</run_address>
         <size>0x293</size>
         <input_file_ref idref="fl-160"/>
      </object_component>
      <object_component id="oc-187">
         <name>.debug_info</name>
         <load_address>0x97fd</load_address>
         <run_address>0x97fd</run_address>
         <size>0x1c5</size>
         <input_file_ref idref="fl-15a"/>
      </object_component>
      <object_component id="oc-18c">
         <name>.debug_info</name>
         <load_address>0x99c2</load_address>
         <run_address>0x99c2</run_address>
         <size>0x18b</size>
         <input_file_ref idref="fl-15a"/>
      </object_component>
      <object_component id="oc-191">
         <name>.debug_info</name>
         <load_address>0x9b4d</load_address>
         <run_address>0x9b4d</run_address>
         <size>0x185</size>
         <input_file_ref idref="fl-15a"/>
      </object_component>
      <object_component id="oc-196">
         <name>.debug_info</name>
         <load_address>0x9cd2</load_address>
         <run_address>0x9cd2</run_address>
         <size>0x2b1</size>
         <input_file_ref idref="fl-4"/>
      </object_component>
      <object_component id="oc-19b">
         <name>.debug_info</name>
         <load_address>0x9f83</load_address>
         <run_address>0x9f83</run_address>
         <size>0x215</size>
         <input_file_ref idref="fl-160"/>
      </object_component>
      <object_component id="oc-1a0">
         <name>.debug_info</name>
         <load_address>0xa198</load_address>
         <run_address>0xa198</run_address>
         <size>0x221</size>
         <input_file_ref idref="fl-160"/>
      </object_component>
      <object_component id="oc-1a5">
         <name>.debug_info</name>
         <load_address>0xa3b9</load_address>
         <run_address>0xa3b9</run_address>
         <size>0x2b3</size>
         <input_file_ref idref="fl-143"/>
      </object_component>
      <object_component id="oc-1aa">
         <name>.debug_info</name>
         <load_address>0xa66c</load_address>
         <run_address>0xa66c</run_address>
         <size>0x151</size>
         <input_file_ref idref="fl-2"/>
      </object_component>
      <object_component id="oc-1af">
         <name>.debug_info</name>
         <load_address>0xa7bd</load_address>
         <run_address>0xa7bd</run_address>
         <size>0x17a</size>
         <input_file_ref idref="fl-2"/>
      </object_component>
      <object_component id="oc-1b4">
         <name>.debug_info</name>
         <load_address>0xa937</load_address>
         <run_address>0xa937</run_address>
         <size>0xdf</size>
         <input_file_ref idref="fl-13f"/>
      </object_component>
      <object_component id="oc-1b8">
         <name>.debug_info</name>
         <load_address>0xaa16</load_address>
         <run_address>0xaa16</run_address>
         <size>0xed</size>
         <input_file_ref idref="fl-13d"/>
      </object_component>
      <object_component id="oc-1bc">
         <name>.debug_info</name>
         <load_address>0xab03</load_address>
         <run_address>0xab03</run_address>
         <size>0xe1</size>
         <input_file_ref idref="fl-13e"/>
      </object_component>
      <object_component id="oc-1c0">
         <name>.debug_info</name>
         <load_address>0xabe4</load_address>
         <run_address>0xabe4</run_address>
         <size>0x159</size>
         <input_file_ref idref="fl-2"/>
      </object_component>
      <object_component id="oc-1ca">
         <name>.debug_info</name>
         <load_address>0xad3d</load_address>
         <run_address>0xad3d</run_address>
         <size>0x5e</size>
         <input_file_ref idref="fl-14c"/>
      </object_component>
      <object_component id="oc-1d2">
         <name>.debug_info</name>
         <load_address>0xad9b</load_address>
         <run_address>0xad9b</run_address>
         <size>0x1d4</size>
         <input_file_ref idref="fl-14b"/>
      </object_component>
      <object_component id="oc-1d6">
         <name>.debug_info</name>
         <load_address>0xaf6f</load_address>
         <run_address>0xaf6f</run_address>
         <size>0xd9</size>
         <input_file_ref idref="fl-14b"/>
      </object_component>
      <object_component id="oc-1db">
         <name>.debug_info</name>
         <load_address>0xb048</load_address>
         <run_address>0xb048</run_address>
         <size>0x90</size>
         <input_file_ref idref="fl-159"/>
      </object_component>
      <object_component id="oc-1e3">
         <name>.debug_info</name>
         <load_address>0xb0d8</load_address>
         <run_address>0xb0d8</run_address>
         <size>0x205</size>
         <input_file_ref idref="fl-15c"/>
      </object_component>
      <object_component id="oc-1e8">
         <name>.debug_info</name>
         <load_address>0xb2dd</load_address>
         <run_address>0xb2dd</run_address>
         <size>0x1ce</size>
         <input_file_ref idref="fl-15c"/>
      </object_component>
      <object_component id="oc-1ed">
         <name>.debug_info</name>
         <load_address>0xb4ab</load_address>
         <run_address>0xb4ab</run_address>
         <size>0x1ce</size>
         <input_file_ref idref="fl-15c"/>
      </object_component>
      <object_component id="oc-1f2">
         <name>.debug_info</name>
         <load_address>0xb679</load_address>
         <run_address>0xb679</run_address>
         <size>0x1cc</size>
         <input_file_ref idref="fl-15c"/>
      </object_component>
      <object_component id="oc-1f8">
         <name>.debug_info</name>
         <load_address>0xb845</load_address>
         <run_address>0xb845</run_address>
         <size>0x90</size>
         <input_file_ref idref="fl-15f"/>
      </object_component>
      <object_component id="oc-1ff">
         <name>.debug_info</name>
         <load_address>0xb8d5</load_address>
         <run_address>0xb8d5</run_address>
         <size>0x4e6</size>
         <input_file_ref idref="fl-160"/>
      </object_component>
      <object_component id="oc-204">
         <name>.debug_info</name>
         <load_address>0xbdbb</load_address>
         <run_address>0xbdbb</run_address>
         <size>0x1f8</size>
         <input_file_ref idref="fl-160"/>
      </object_component>
      <object_component id="oc-20c">
         <name>.debug_info</name>
         <load_address>0xbfb3</load_address>
         <run_address>0xbfb3</run_address>
         <size>0x1b7</size>
         <input_file_ref idref="fl-161"/>
      </object_component>
      <object_component id="oc-211">
         <name>.debug_info</name>
         <load_address>0xc16a</load_address>
         <run_address>0xc16a</run_address>
         <size>0x1b8</size>
         <input_file_ref idref="fl-161"/>
      </object_component>
      <object_component id="oc-21a">
         <name>.debug_info</name>
         <load_address>0xc322</load_address>
         <run_address>0xc322</run_address>
         <size>0x232</size>
         <input_file_ref idref="fl-161"/>
      </object_component>
      <object_component id="oc-221">
         <name>.debug_info</name>
         <load_address>0xc554</load_address>
         <run_address>0xc554</run_address>
         <size>0x1e2</size>
         <input_file_ref idref="fl-161"/>
      </object_component>
      <object_component id="oc-22b">
         <name>.debug_info</name>
         <load_address>0xc736</load_address>
         <run_address>0xc736</run_address>
         <size>0x4e6</size>
         <input_file_ref idref="fl-15f"/>
      </object_component>
      <object_component id="oc-232">
         <name>.debug_info</name>
         <load_address>0xcc1c</load_address>
         <run_address>0xcc1c</run_address>
         <size>0xcd</size>
         <input_file_ref idref="fl-14e"/>
      </object_component>
      <object_component id="oc-238">
         <name>.debug_info</name>
         <load_address>0xcce9</load_address>
         <run_address>0xcce9</run_address>
         <size>0x1e2</size>
         <input_file_ref idref="fl-15b"/>
      </object_component>
      <object_component id="oc-23a">
         <name>.debug_info</name>
         <load_address>0xcecb</load_address>
         <run_address>0xcecb</run_address>
         <size>0x1ba</size>
         <input_file_ref idref="fl-4"/>
      </object_component>
      <object_component id="oc-23c">
         <name>.debug_info</name>
         <load_address>0xd085</load_address>
         <run_address>0xd085</run_address>
         <size>0x152</size>
         <input_file_ref idref="fl-4"/>
      </object_component>
      <object_component id="oc-242">
         <name>.debug_info</name>
         <load_address>0xd1d7</load_address>
         <run_address>0xd1d7</run_address>
         <size>0x396</size>
         <input_file_ref idref="fl-2"/>
      </object_component>
      <object_component id="oc-247">
         <name>.debug_info</name>
         <load_address>0xd56d</load_address>
         <run_address>0xd56d</run_address>
         <size>0x147</size>
         <input_file_ref idref="fl-2"/>
      </object_component>
      <object_component id="oc-24e">
         <name>.debug_info</name>
         <load_address>0xd6b4</load_address>
         <run_address>0xd6b4</run_address>
         <size>0x10d</size>
         <input_file_ref idref="fl-15d"/>
      </object_component>
      <object_component id="oc-251">
         <name>.debug_info</name>
         <load_address>0xd7c1</load_address>
         <run_address>0xd7c1</run_address>
         <size>0x215</size>
         <input_file_ref idref="fl-15d"/>
      </object_component>
      <object_component id="oc-256">
         <name>.debug_info</name>
         <load_address>0xd9d6</load_address>
         <run_address>0xd9d6</run_address>
         <size>0x265</size>
         <input_file_ref idref="fl-15d"/>
      </object_component>
      <object_component id="oc-25e">
         <name>.debug_info</name>
         <load_address>0xdc3b</load_address>
         <run_address>0xdc3b</run_address>
         <size>0x176</size>
         <input_file_ref idref="fl-15e"/>
      </object_component>
      <object_component id="oc-264">
         <name>.debug_info</name>
         <load_address>0xddb1</load_address>
         <run_address>0xddb1</run_address>
         <size>0x24c</size>
         <input_file_ref idref="fl-161"/>
      </object_component>
      <object_component id="oc-269">
         <name>.debug_info</name>
         <load_address>0xdffd</load_address>
         <run_address>0xdffd</run_address>
         <size>0x1fe</size>
         <input_file_ref idref="fl-161"/>
[...]
         <name>_lcdPortDataLower</name>
         <value>0x20000588</value>
      </symbol>
      <symbol id="sm-89">
         <name>lcdWriteCommit</name>
         <value>0x2975</value>
         <object_component_ref idref="oc-32a"/>
      </symbol>
      <symbol id="sm-8a">
         <name>lcdCursorHome</name>
         <value>0x2bc3</value>
         <object_component_ref idref="oc-1a9"/>
      </symbol>
      <symbol id="sm-8b">
         <name>lcdWriteCommand</name>
         <value>0x2a05</value>
         <object_component_ref idref="oc-29c"/>
      </symbol>
      <symbol id="sm-8c">
         <name>lcdWriteData</name>
         <value>0x299d</value>
         <object_component_ref idref="oc-2a2"/>
      </symbol>
      <symbol id="sm-8d">
         <name>lcdCursorHomeDown</name>
         <value>0x2bc9</value>
         <object_component_ref idref="oc-1bf"/>
      </symbol>
      <symbol id="sm-8e">
         <name>lcdWriteLine</name>
         <value>0x282d</value>
         <object_component_ref idref="oc-2d1"/>
      </symbol>
      <symbol id="sm-8f">
         <name>lcdWriteToPort</name>
         <value>0x2891</value>
         <object_component_ref idref="oc-325"/>
      </symbol>
      <symbol id="sm-90">
         <name>lcdClear</name>
         <value>0x2bbd</value>
         <object_component_ref idref="oc-246"/>
      </symbol>
      <symbol id="sm-91">
         <name>lcdInit</name>
         <value>0x16c5</value>
         <object_component_ref idref="oc-241"/>
      </symbol>
      <symbol id="sm-92">
         <name>lcdWriteLetter</name>
         <value>0x2be1</value>
         <object_component_ref idref="oc-1ae"/>
      </symbol>
      <symbol id="sm-b5">
         <name>gpioSetDigitalEnable</name>
         <value>0x2b01</value>
         <object_component_ref idref="oc-2cc"/>
      </symbol>
      <symbol id="sm-b6">
         <name>gpioSetDirection</name>
         <value>0x2b35</value>
         <object_component_ref idref="oc-2c7"/>
      </symbol>
      <symbol id="sm-b7">
         <name>gpioSetMasterEnable</name>
         <value>0x1fed</value>
         <object_component_ref idref="oc-2c2"/>
      </symbol>
      <symbol id="sm-114">
         <name>RGBBlinkRateSet</name>
         <value>0x1f75</value>
         <object_component_ref idref="oc-195"/>
      </symbol>
      <symbol id="sm-115">
         <name>RGBIntensitySet</name>
         <value>0x2a69</value>
         <object_component_ref idref="oc-154"/>
      </symbol>
      <symbol id="sm-116">
         <name>RGBBlinkIntHandler</name>
         <value>0x1bad</value>
         <object_component_ref idref="oc-42"/>
      </symbol>
      <symbol id="sm-117">
         <name>RGBEnable</name>
         <value>0x178d</value>
         <object_component_ref idref="oc-97"/>
      </symbol>
      <symbol id="sm-118">
         <name>RGBInit</name>
         <value>0x13dd</value>
         <object_component_ref idref="oc-14a"/>
      </symbol>
      <symbol id="sm-119">
         <name>RGBColorSet</name>
         <value>0x1cd5</value>
         <object_component_ref idref="oc-14f"/>
      </symbol>
      <symbol id="sm-146">
         <name>ResetISR</name>
         <value>0x2bab</value>
         <object_component_ref idref="oc-24"/>
      </symbol>
      <symbol id="sm-147">
         <name>g_pfnVectors</name>
         <value>0x0</value>
         <object_component_ref idref="oc-e"/>
      </symbol>
      <symbol id="sm-1a6">
         <name>g_pui32Colors</name>
         <value>0x20000568</value>
      </symbol>
      <symbol id="sm-1a7">
         <name>g_vui8DataFlag</name>
         <value>0x20000590</value>
      </symbol>
      <symbol id="sm-1a8">
         <name>SysTickIntHandler</name>
         <value>0x2861</value>
         <object_component_ref idref="oc-38"/>
      </symbol>
      <symbol id="sm-1a9">
         <name>g_sBMP180Inst</name>
         <value>0x20000524</value>
         <object_component_ref idref="oc-87"/>
      </symbol>
      <symbol id="sm-1aa">
         <name>g_sI2CInst</name>
         <value>0x20000400</value>
         <object_component_ref idref="oc-94"/>
      </symbol>
      <symbol id="sm-1ab">
         <name>main</name>
         <value>0x65d</value>
         <object_component_ref idref="oc-b0"/>
      </symbol>
      <symbol id="sm-1ac">
         <name>BMP180AppCallback</name>
         <value>0x2b15</value>
         <object_component_ref idref="oc-89"/>
      </symbol>
      <symbol id="sm-1ad">
         <name>BMP180I2CIntHandler</name>
         <value>0x2b55</value>
         <object_component_ref idref="oc-3d"/>
      </symbol>
      <symbol id="sm-1ae">
         <name>initLCD</name>
         <value>0x29e5</value>
         <object_component_ref idref="oc-159"/>
      </symbol>
      <symbol id="sm-1bd">
         <name>_c_int00</name>
         <value>0x24fd</value>
         <object_component_ref idref="oc-10"/>
      </symbol>
      <symbol id="sm-1be">
         <name>__stack</name>
         <value>0x20000000</value>
         <object_component_ref idref="oc-23"/>
      </symbol>
      <symbol id="sm-1d4">
         <name>__TI_decompress_none</name>
         <value>0x2b45</value>
         <object_component_ref idref="oc-14"/>
      </symbol>
      <symbol id="sm-1f6">
         <name>__TI_decompress_rle24</name>
         <value>0x2bb7</value>
         <object_component_ref idref="oc-1e"/>
      </symbol>
      <symbol id="sm-20e">
         <name>__TI_zero_init</name>
         <value>0x2aef</value>
         <object_component_ref idref="oc-19"/>
      </symbol>
      <symbol id="sm-22a">
         <name>C$$EXIT</name>
         <value>0x2619</value>
         <object_component_ref idref="oc-53"/>
      </symbol>
      <symbol id="sm-22b">
         <name>abort</name>
         <value>0x261d</value>
         <object_component_ref idref="oc-53"/>
      </symbol>
      <symbol id="sm-22c">
         <name>exit</name>
         <value>0x2625</value>
         <object_component_ref idref="oc-53"/>
      </symbol>
      <symbol id="sm-22d">
         <name>__TI_dtors_ptr</name>
         <value>0x200006bc</value>
         <object_component_ref idref="oc-b9"/>
      </symbol>
      <symbol id="sm-22e">
         <name>__TI_cleanup_ptr</name>
         <value>0x200006b8</value>
         <object_component_ref idref="oc-b9"/>
      </symbol>
      <symbol id="sm-244">
         <name>__aeabi_dsub</name>
         <value>0xced</value>
         <object_component_ref idref="oc-307"/>
      </symbol>
      <symbol id="sm-245">
         <name>__aeabi_dadd</name>
         <value>0xcf7</value>
         <object_component_ref idref="oc-307"/>
      </symbol>
      <symbol id="sm-250">
         <name>__aeabi_dmul</name>
         <value>0x14dd</value>
         <object_component_ref idref="oc-1b7"/>
      </symbol>
      <symbol id="sm-259">
         <name>__aeabi_d2iz</name>
         <value>0x2545</value>
         <object_component_ref idref="oc-1bb"/>
      </symbol>
      <symbol id="sm-263">
         <name>__aeabi_f2d</name>
         <value>0x2759</value>
         <object_component_ref idref="oc-1b3"/>
      </symbol>
      <symbol id="sm-26c">
         <name>__aeabi_f2ulz</name>
         <value>0x233d</value>
         <object_component_ref idref="oc-278"/>
      </symbol>
      <symbol id="sm-287">
         <name>memcpy</name>
         <value>0x1a79</value>
         <object_component_ref idref="oc-5b"/>
      </symbol>
      <symbol id="sm-288">
         <name>__aeabi_memcpy</name>
         <value>0x1a79</value>
         <object_component_ref idref="oc-5b"/>
      </symbol>
      <symbol id="sm-289">
         <name>__aeabi_memcpy8</name>
         <value>0x1a79</value>
         <object_component_ref idref="oc-5b"/>
      </symbol>
      <symbol id="sm-28a">
         <name>__aeabi_memcpy4</name>
         <value>0x1a79</value>
         <object_component_ref idref="oc-5b"/>
      </symbol>
      <symbol id="sm-2c9">
         <name>powf</name>
         <value>0x26d</value>
         <object_component_ref idref="oc-1a4"/>
      </symbol>
      <symbol id="sm-2d0">
         <name>main_func_sp</name>
         <value>0x200006d0</value>
         <object_component_ref idref="oc-58"/>
      </symbol>
      <symbol id="sm-2ea">
         <name>_FDint</name>
         <value>0x1d65</value>
         <object_component_ref idref="oc-284"/>
      </symbol>
      <symbol id="sm-2fd">
         <name>_FDunscale</name>
         <value>0x22e9</value>
         <object_component_ref idref="oc-27f"/>
      </symbol>
      <symbol id="sm-30b">
         <name>_Feraise</name>
         <value>0x28c1</value>
         <object_component_ref idref="oc-289"/>
      </symbol>
      <symbol id="sm-337">
         <name>_FExp</name>
         <value>0xea5</value>
         <object_component_ref idref="oc-293"/>
      </symbol>
      <symbol id="sm-345">
         <name>_FZero</name>
         <value>0x200006ac</value>
         <object_component_ref idref="oc-298"/>
      </symbol>
      <symbol id="sm-346">
         <name>_FRteps</name>
         <value>0x20000698</value>
         <object_component_ref idref="oc-298"/>
      </symbol>
      <symbol id="sm-347">
         <name>_FSnan</name>
         <value>0x20000688</value>
         <object_component_ref idref="oc-298"/>
      </symbol>
      <symbol id="sm-348">
         <name>_FNan</name>
         <value>0x20000678</value>
         <object_component_ref idref="oc-298"/>
      </symbol>
      <symbol id="sm-349">
         <name>_FInf</name>
         <value>0x20000668</value>
         <object_component_ref idref="oc-298"/>
      </symbol>
      <symbol id="sm-34a">
         <name>_FEps</name>
         <value>0x20000658</value>
         <object_component_ref idref="oc-298"/>
      </symbol>
      <symbol id="sm-34b">
         <name>_FXbig</name>
         <value>0x200006a8</value>
         <object_component_ref idref="oc-298"/>
      </symbol>
      <symbol id="sm-34c">
         <name>_FDenorm</name>
         <value>0x20000648</value>
         <object_component_ref idref="oc-298"/>
      </symbol>
      <symbol id="sm-362">
         <name>_nop</name>
         <value>0x2ab3</value>
         <object_component_ref idref="oc-1cf"/>
      </symbol>
      <symbol id="sm-363">
         <name>_lock</name>
         <value>0x200006b0</value>
         <object_component_ref idref="oc-b7"/>
      </symbol>
      <symbol id="sm-364">
         <name>_unlock</name>
         <value>0x200006b4</value>
         <object_component_ref idref="oc-b7"/>
      </symbol>
      <symbol id="sm-365">
         <name>_register_lock</name>
         <value>0x2aab</value>
         <object_component_ref idref="oc-1cf"/>
      </symbol>
      <symbol id="sm-366">
         <name>_register_unlock</name>
         <value>0x2aa5</value>
         <object_component_ref idref="oc-1cf"/>
      </symbol>
      <symbol id="sm-379">
         <name>_args_main</name>
         <value>0x2a39</value>
         <object_component_ref idref="oc-4e"/>
      </symbol>
      <symbol id="sm-395">
         <name>__TI_auto_init</name>
         <value>0x1c41</value>
         <object_component_ref idref="oc-4a"/>
      </symbol>
      <symbol id="sm-3ad">
         <name>copy_in</name>
         <value>0x25d5</value>
         <object_component_ref idref="oc-aa"/>
      </symbol>
      <symbol id="sm-3b4">
         <name>_Errno</name>
         <value>0x200006cc</value>
         <object_component_ref idref="oc-2fd"/>
      </symbol>
      <symbol id="sm-3c7">
         <name>__aeabi_ddiv</name>
         <value>0x11a1</value>
         <object_component_ref idref="oc-30b"/>
      </symbol>
      <symbol id="sm-3d0">
         <name>__aeabi_d2f</name>
         <value>0x23db</value>
         <object_component_ref idref="oc-30f"/>
      </symbol>
      <symbol id="sm-3eb">
         <name>feraiseexcept</name>
         <value>0x27f9</value>
         <object_component_ref idref="oc-2f8"/>
      </symbol>
      <symbol id="sm-3ec">
         <name>_Tls_setup__Fenv</name>
         <value>0x200006c4</value>
         <object_component_ref idref="oc-34c"/>
      </symbol>
      <symbol id="sm-3ed">
         <name>_Fenv</name>
         <value>0x200006c0</value>
         <object_component_ref idref="oc-34c"/>
      </symbol>
      <symbol id="sm-3f9">
         <name>logf</name>
         <value>0x2bcf</value>
         <object_component_ref idref="oc-28e"/>
      </symbol>
      <symbol id="sm-40c">
         <name>raise</name>
         <value>0x28f1</value>
         <object_component_ref idref="oc-347"/>
      </symbol>
      <symbol id="sm-424">
         <name>signal</name>
         <value>0x269d</value>
         <object_component_ref idref="oc-369"/>
      </symbol>
      <symbol id="sm-437">
         <name>_FDnorm</name>
         <value>0x1ef9</value>
         <object_component_ref idref="oc-2ee"/>
      </symbol>
      <symbol id="sm-450">
         <name>_FDscale</name>
         <value>0x184d</value>
         <object_component_ref idref="oc-313"/>
      </symbol>
      <symbol id="sm-490">
         <name>_FLog</name>
         <value>0x1029</value>
         <object_component_ref idref="oc-300"/>
      </symbol>
      <symbol id="sm-4bb">
         <name>SysTickEnable</name>
         <value>0x2a7d</value>
         <object_component_ref idref="oc-190"/>
      </symbol>
      <symbol id="sm-4bc">
         <name>SysTickIntEnable</name>
         <value>0x2a91</value>
         <object_component_ref idref="oc-18b"/>
      </symbol>
      <symbol id="sm-4bd">
         <name>SysTickPeriodSet</name>
         <value>0x2b25</value>
         <object_component_ref idref="oc-186"/>
      </symbol>
      <symbol id="sm-501">
         <name>SysCtlClockSet</name>
         <value>0x12d9</value>
         <object_component_ref idref="oc-145"/>
      </symbol>
      <symbol id="sm-502">
         <name>SysCtlDelay</name>
         <value>0x2bb1</value>
         <object_component_ref idref="oc-1c4"/>
      </symbol>
      <symbol id="sm-503">
         <name>SysCtlPeripheralEnable</name>
         <value>0x27c5</value>
         <object_component_ref idref="oc-15e"/>
      </symbol>
      <symbol id="sm-504">
         <name>SysCtlClockGet</name>
         <value>0x19c5</value>
         <object_component_ref idref="oc-273"/>
      </symbol>
      <symbol id="sm-559">
         <name>IntIsEnabled</name>
         <value>0x2059</value>
         <object_component_ref idref="oc-1e2"/>
      </symbol>
      <symbol id="sm-55a">
         <name>IntEnable</name>
         <value>0x211d</value>
         <object_component_ref idref="oc-1f1"/>
      </symbol>
      <symbol id="sm-55b">
         <name>IntTrigger</name>
         <value>0x2b6d</value>
         <object_component_ref idref="oc-1ec"/>
      </symbol>
      <symbol id="sm-55c">
         <name>IntDisable</name>
         <value>0x20bd</value>
         <object_component_ref idref="oc-1e7"/>
      </symbol>
      <symbol id="sm-55d">
         <name>IntMasterEnable</name>
         <value>0x2b83</value>
         <object_component_ref idref="oc-177"/>
      </symbol>
      <symbol id="sm-59d">
         <name>GPIOPinConfigure</name>
         <value>0x2425</value>
         <object_component_ref idref="oc-163"/>
      </symbol>
      <symbol id="sm-59e">
         <name>GPIOPinTypeI2CSCL</name>
         <value>0x2add</value>
         <object_component_ref idref="oc-168"/>
      </symbol>
      <symbol id="sm-59f">
         <name>GPIOPinTypeI2C</name>
         <value>0x2acb</value>
         <object_component_ref idref="oc-16d"/>
      </symbol>
      <symbol id="sm-5a0">
         <name>GPIOPinTypeGPIOOutput</name>
         <value>0x2ab9</value>
         <object_component_ref idref="oc-172"/>
      </symbol>
      <symbol id="sm-5a1">
         <name>GPIODirModeSet</name>
         <value>0x291f</value>
         <object_component_ref idref="oc-250"/>
      </symbol>
      <symbol id="sm-5a2">
         <name>GPIOPinWrite</name>
         <value>0x2ba5</value>
         <object_component_ref idref="oc-7d"/>
      </symbol>
      <symbol id="sm-5a3">
         <name>GPIOPadConfigSet</name>
         <value>0x190d</value>
         <object_component_ref idref="oc-255"/>
      </symbol>
      <symbol id="sm-5ac">
         <name>CPUcpsie</name>
         <value>0x2b61</value>
         <object_component_ref idref="oc-25d"/>
      </symbol>
      <symbol id="sm-66a">
         <name>I2CMCommand</name>
         <value>0x1df5</value>
         <object_component_ref idref="oc-d8"/>
      </symbol>
      <symbol id="sm-66b">
         <name>I2CMInit</name>
         <value>0x2791</value>
         <object_component_ref idref="oc-17c"/>
      </symbol>
      <symbol id="sm-66c">
         <name>I2CMIntHandler</name>
         <value>0x15d9</value>
         <object_component_ref idref="oc-8f"/>
      </symbol>
      <symbol id="sm-6d2">
         <name>BMP180DataPressureGetFloat</name>
         <value>0x925</value>
         <object_component_ref idref="oc-19f"/>
      </symbol>
      <symbol id="sm-6d3">
         <name>BMP180DataTemperatureGetFloat</name>
         <value>0x1e79</value>
         <object_component_ref idref="oc-19a"/>
      </symbol>
      <symbol id="sm-6d4">
         <name>BMP180DataRead</name>
         <value>0x2239</value>
         <object_component_ref idref="oc-82"/>
      </symbol>
      <symbol id="sm-6d5">
         <name>BMP180Init</name>
         <value>0x2291</value>
         <object_component_ref idref="oc-181"/>
      </symbol>
      <symbol id="sm-71f">
         <name>I2CMasterDataPut</name>
         <value>0x2bdd</value>
         <object_component_ref idref="oc-220"/>
      </symbol>
      <symbol id="sm-720">
         <name>I2CMasterInitExpClk</name>
         <value>0x24b5</value>
         <object_component_ref idref="oc-263"/>
      </symbol>
      <symbol id="sm-721">
         <name>I2CMasterSlaveAddrSet</name>
         <value>0x2b9d</value>
         <object_component_ref idref="oc-219"/>
      </symbol>
      <symbol id="sm-722">
         <name>I2CMasterDataGet</name>
         <value>0x2bd9</value>
         <object_component_ref idref="oc-210"/>
      </symbol>
      <symbol id="sm-723">
         <name>I2CMasterIntEnableEx</name>
         <value>0x2b95</value>
         <object_component_ref idref="oc-268"/>
      </symbol>
      <symbol id="sm-724">
         <name>I2CMasterErr</name>
         <value>0x2a51</value>
         <object_component_ref idref="oc-f8"/>
      </symbol>
      <symbol id="sm-725">
         <name>I2CMasterControl</name>
         <value>0x2bd5</value>
         <object_component_ref idref="oc-fd"/>
      </symbol>
      <symbol id="sm-726">
         <name>I2CMasterEnable</name>
         <value>0x2b79</value>
         <object_component_ref idref="oc-2e1"/>
      </symbol>
      <symbol id="sm-727">
         <name>I2CMasterIntClear</name>
         <value>0x2b8d</value>
         <object_component_ref idref="oc-f3"/>
      </symbol>
      <symbol id="sm-728">
         <name>__TI_static_base__</name>
         <value>0x0</value>
      </symbol>
      <symbol id="sm-729">
         <name>__TI_args_main</name>
         <value>0x1</value>
      </symbol>
      <symbol id="sm-72a">
         <name>SHT$$INIT_ARRAY$$Limit</name>
         <value>0x0</value>
      </symbol>
      <symbol id="sm-72b">
         <name>SHT$$INIT_ARRAY$$Base</name>
         <value>0x0</value>
      </symbol>
   </symbol_table>
   <title>Link successful</title>
</link_info>
