******************************************************************************
                  TI ARM Linker PC v5.1.1                      
******************************************************************************
>> Linked Mon Nov 18 09:37:57 2013

OUTPUT FILE NAME:   <pressure_bmp180.out>
ENTRY POINT SYMBOL: "_c_int00"  address: 000024fd


MEMORY CONFIGURATION

         name            origin    length      used     unused   attr    fill
----------------------  --------  ---------  --------  --------  ----  --------
  FLASH                 00000000   00040000  00002e20  0003d1e0  R  X
  SRAM                  20000000   00008000  000006d4  0000792c  RW X


SEGMENT ALLOCATION MAP

run origin  load origin   length   init length attrs members
----------  ----------- ---------- ----------- ----- -------
00000000    00000000    00002e20   00002e20    r-x
  00000000    00000000    0000026c   0000026c    r-- .intvecs
  0000026c    0000026c    0000297c   0000297c    r-x .text
  00002be8    00002be8    000001d0   000001d0    r-- .const
  00002db8    00002db8    00000068   00000068    r-- .cinit
20000000    20000000    000006d4   00000000    rw-
  20000000    20000000    00000400   00000000    rw- .stack
  20000400    20000400    00000198   00000000    rw- .bss
  20000598    20000598    0000013c   00000000    rw- .data


SECTION ALLOCATION MAP

 output                                  attributes/
section   page    origin      length       input sections
--------  ----  ----------  ----------   ----------------
.intvecs   0    00000000    0000026c     
                  00000000    0000026c     startup_ccs.obj (.intvecs)

.init_array 
*          0    00000000    00000000     UNINITIALIZED

.text      0    0000026c    0000297c     
                  0000026c    000003f0     rtsv7M4_T_le_v4SPD16_eabi.lib : powf.obj (.text)
                  0000065c    000002c8     pressure_bmp180.obj (.text:main)
                  00000924    000001ec     sensorlib.lib : bmp180.obj (.text:BMP180DataPressureGetFloat)
                  00000b10    000001dc                   : bmp180.obj (.text:BMP180Callback)
                  00000cec    000001b6     rtsv7M4_T_le_v4SPD16_eabi.lib : fd_add_t2.obj (.text)
                  00000ea2    00000002     startup_ccs.obj (.text:FaultISR)
                  00000ea4    00000184     rtsv7M4_T_le_v4SPD16_eabi.lib : xfexp.obj (.text)
                  00001028    00000178                                   : xflog.obj (.text)
                  000011a0    00000136                                   : fd_div_t2.obj (.text)
                  000012d6    00000002     startup_ccs.obj (.text:IntDefaultHandler)
                  000012d8    00000104     driverlib.lib : sysctl.obj (.text:SysCtlClockSet)
                  000013dc    00000100     rgb.obj (.text:RGBInit)
                  000014dc    000000fc     rtsv7M4_T_le_v4SPD16_eabi.lib : fd_mul_t2.obj (.text)
                  000015d8    000000ea     sensorlib.lib : i2cm_drv.obj (.text:I2CMIntHandler)
                  000016c2    00000002     startup_ccs.obj (.text:NmiSR)
                  000016c4    000000c8     lcd.obj (.text:lcdInit)
                  0000178c    000000c0     rgb.obj (.text:RGBEnable)
                  0000184c    000000c0     rtsv7M4_T_le_v4SPD16_eabi.lib : xfdscale.obj (.text)
                  0000190c    000000b8     driverlib.lib : gpio.obj (.text:GPIOPadConfigSet)
                  000019c4    000000b4                   : sysctl.obj (.text:SysCtlClockGet)
                  00001a78    0000009c     rtsv7M4_T_le_v4SPD16_eabi.lib : memcpy_t2.obj (.text)
                  00001b14    00000098     sensorlib.lib : i2cm_drv.obj (.text:I2CMStateIdle)
                  00001bac    00000094     rgb.obj (.text:RGBBlinkIntHandler)
                  00001c40    00000094     rtsv7M4_T_le_v4SPD16_eabi.lib : auto_init.obj (.text)
                  00001cd4    00000090     rgb.obj (.text:RGBColorSet)
                  00001d64    00000090     rtsv7M4_T_le_v4SPD16_eabi.lib : xfdint.obj (.text)
                  00001df4    00000084     sensorlib.lib : i2cm_drv.obj (.text:I2CMCommand)
                  00001e78    00000080                   : bmp180.obj (.text:BMP180DataTemperatureGetFloat)
                  00001ef8    0000007a     rtsv7M4_T_le_v4SPD16_eabi.lib : xfdnorm.obj (.text)
                  00001f72    00000002     --HOLE-- [fill = 0]
                  00001f74    00000078     rgb.obj (.text:RGBBlinkRateSet)
                  00001fec    0000006c     gpio.obj (.text:gpioSetMasterEnable)
                  00002058    00000064     driverlib.lib : interrupt.obj (.text:IntIsEnabled)
                  000020bc    00000060                   : interrupt.obj (.text:IntDisable)
                  0000211c    00000060                   : interrupt.obj (.text:IntEnable)
                  0000217c    0000005e     sensorlib.lib : i2cm_drv.obj (.text:I2CMStateWritePause)
                  000021da    0000005e     rtsv7M4_T_le_v4SPD16_eabi.lib : copy_decompress_rle.obj (.text)
                  00002238    00000058     sensorlib.lib : bmp180.obj (.text:BMP180DataRead)
                  00002290    00000058                   : bmp180.obj (.text:BMP180Init)
                  000022e8    00000054     rtsv7M4_T_le_v4SPD16_eabi.lib : xfdunsca.obj (.text)
                  0000233c    00000050                                   : fs_toull_t2.obj (.text)
                  0000238c    0000004e     sensorlib.lib : i2cm_drv.obj (.text:I2CMStateWriteFinal)
                  000023da    0000004a     rtsv7M4_T_le_v4SPD16_eabi.lib : fd_tos_t2.obj (.text)
                  00002424    00000048     driverlib.lib : gpio.obj (.text:GPIOPinConfigure)
                  0000246c    00000048     sensorlib.lib : i2cm_drv.obj (.text:I2CMStateReadNext)
                  000024b4    00000048     driverlib.lib : i2c.obj (.text:I2CMasterInitExpClk)
                  000024fc    00000048     rtsv7M4_T_le_v4SPD16_eabi.lib : boot.obj (.text)
                  00002544    00000048                                   : fd_toi_t2.obj (.text)
                  0000258c    00000046     sensorlib.lib : i2cm_drv.obj (.text:I2CMStateWriteNext)
                  000025d2    00000002     --HOLE-- [fill = 0]
                  000025d4    00000044     rtsv7M4_T_le_v4SPD16_eabi.lib : cpy_tbl.obj (.text)
                  00002618    00000044                                   : exit.obj (.text)
                  0000265c    00000040     sensorlib.lib : i2cm_drv.obj (.text:I2CMStateCallback)
                  0000269c    00000040     rtsv7M4_T_le_v4SPD16_eabi.lib : signal.obj (.text)
                  000026dc    0000003e     sensorlib.lib : i2cm_drv.obj (.text:I2CMStateReadFinal)
                  0000271a    0000003e                   : i2cm_drv.obj (.text:I2CMStateReadPause)
                  00002758    00000038     rtsv7M4_T_le_v4SPD16_eabi.lib : fs_tod_t2.obj (.text)
                  00002790    00000034     sensorlib.lib : i2cm_drv.obj (.text:I2CMInit)
                  000027c4    00000034     driverlib.lib : sysctl.obj (.text:SysCtlPeripheralEnable)
                  000027f8    00000034     rtsv7M4_T_le_v4SPD16_eabi.lib : feraiseexcept.obj (.text)
                  0000282c    00000032     lcd.obj (.text:lcdWriteLine)
                  0000285e    00000002     --HOLE-- [fill = 0]
                  00002860    00000030     pressure_bmp180.obj (.text:SysTickIntHandler)
                  00002890    00000030     lcd.obj (.text:lcdWriteToPort)
                  000028c0    00000030     rtsv7M4_T_le_v4SPD16_eabi.lib : xferaise.obj (.text)
                  000028f0    0000002e                                   : raise.obj (.text)
                  0000291e    0000002a     driverlib.lib : gpio.obj (.text:GPIODirModeSet)
                  00002948    0000002a     sensorlib.lib : i2cm_drv.obj (.text:I2CMStateReadFirst)
                  00002972    00000002     --HOLE-- [fill = 0]
                  00002974    00000028     lcd.obj (.text:lcdWriteCommit)
                  0000299c    00000028     lcd.obj (.text:lcdWriteData)
                  000029c4    00000024     pressure_bmp180.obj (.text:initLCD)
                  000029e8    00000020     sensorlib.lib : i2cm_drv.obj (.text:I2CMStateReadOne)
                  00002a08    0000001c     lcd.obj (.text:lcdWriteCommand)
                  00002a24    00000018     sensorlib.lib : i2cm_drv.obj (.text:I2CMStateReadWait)
                  00002a3c    00000018     rtsv7M4_T_le_v4SPD16_eabi.lib : args_main.obj (.text)
                  00002a54    00000016     driverlib.lib : i2c.obj (.text:I2CMasterErr)
                  00002a6a    00000002     --HOLE-- [fill = 0]
                  00002a6c    00000014     rgb.obj (.text:RGBIntensitySet)
                  00002a80    00000014     driverlib.lib : systick.obj (.text:SysTickEnable)
                  00002a94    00000014                   : systick.obj (.text:SysTickIntEnable)
                  00002aa8    00000014     rtsv7M4_T_le_v4SPD16_eabi.lib : _lock.obj (.text)
                  00002abc    00000012     driverlib.lib : gpio.obj (.text:GPIOPinTypeGPIOOutput)
                  00002ace    00000012                   : gpio.obj (.text:GPIOPinTypeI2C)
                  00002ae0    00000012                   : gpio.obj (.text:GPIOPinTypeI2CSCL)
                  00002af2    00000012     rtsv7M4_T_le_v4SPD16_eabi.lib : copy_zero_init.obj (.text:decompress:ZI)
                  00002b04    00000012     gpio.obj (.text:gpioSetDigitalEnable)
                  00002b16    00000002     --HOLE-- [fill = 0]
                  00002b18    00000010     pressure_bmp180.obj (.text:BMP180AppCallback)
                  00002b28    00000010     driverlib.lib : systick.obj (.text:SysTickPeriodSet)
                  00002b38    00000010     gpio.obj (.text:gpioSetDirection)
                  00002b48    0000000e     rtsv7M4_T_le_v4SPD16_eabi.lib : copy_decompress_none.obj (.text:decompress:none)
                  00002b56    00000002     --HOLE-- [fill = 0]
                  00002b58    0000000c     pressure_bmp180.obj (.text:BMP180I2CIntHandler)
                  00002b64    0000000c     driverlib.lib : cpu.obj (.text:CPUcpsie)
                  00002b70    0000000c                   : interrupt.obj (.text:IntTrigger)
                  00002b7c    0000000a                   : i2c.obj (.text:I2CMasterEnable)
                  00002b86    0000000a                   : interrupt.obj (.text:IntMasterEnable)
                  00002b90    00000008                   : i2c.obj (.text:I2CMasterIntClear)
                  00002b98    00000008                   : i2c.obj (.text:I2CMasterIntEnableEx)
                  00002ba0    00000008                   : i2c.obj (.text:I2CMasterSlaveAddrSet)
                  00002ba8    00000006                   : gpio.obj (.text:GPIOPinWrite)
                  00002bae    00000006     startup_ccs.obj (.text:ResetISR)
                  00002bb4    00000006     driverlib.lib : sysctl.obj (.text:SysCtlDelay)
                  00002bba    00000006     rtsv7M4_T_le_v4SPD16_eabi.lib : copy_decompress_rle.obj (.text:decompress:rle24)
                  00002bc0    00000006     lcd.obj (.text:lcdClear)
                  00002bc6    00000006     lcd.obj (.text:lcdCursorHome)
                  00002bcc    00000006     lcd.obj (.text:lcdCursorHomeDown)
                  00002bd2    00000006     rtsv7M4_T_le_v4SPD16_eabi.lib : logf.obj (.text)
                  00002bd8    00000004     driverlib.lib : i2c.obj (.text:I2CMasterControl)
                  00002bdc    00000004                   : i2c.obj (.text:I2CMasterDataGet)
                  00002be0    00000004                   : i2c.obj (.text:I2CMasterDataPut)
                  00002be4    00000004     lcd.obj (.text:lcdWriteLetter)

.const     0    00002be8    000001d0     
                  00002be8    00000078     driverlib.lib : gpio.obj (.const:g_pui32GPIOBaseAddrs)
                  00002c60    00000070                   : interrupt.obj (.const)
                  00002cd0    0000006c                   : sysctl.obj (.const:g_pui32Xtals)
                  00002d3c    00000038     rtsv7M4_T_le_v4SPD16_eabi.lib : xflog.obj (.const)
                  00002d74    00000028                                   : xfdint.obj (.const)
                  00002d9c    0000001c                                   : xfexp.obj (.const)

.cinit     0    00002db8    00000068     
                  00002db8    0000003f     (.cinit..data.load) [load image, compression = rle]
                  00002df7    00000001     --HOLE-- [fill = 0]
                  00002df8    0000000c     (__TI_handler_table)
                  00002e04    00000004     --HOLE-- [fill = 0]
                  00002e08    00000008     (.cinit..bss.load) [load image, compression = zero_init]
                  00002e10    00000010     (__TI_cinit_table)

.stack     0    20000000    00000400     UNINITIALIZED
                  20000000    00000400     --HOLE--

.bss       0    20000400    00000198     UNINITIALIZED
                  20000400    00000124     pressure_bmp180.obj (.bss:g_sI2CInst)
                  20000524    00000044     pressure_bmp180.obj (.bss:g_sBMP180Inst)
                  20000568    0000000c     (.common:g_pui32Colors)
                  20000574    0000000c     (.common:g_ui32Colors)
                  20000580    00000004     (.common:_lcdInited)
                  20000584    00000004     (.common:_lcdPortControl)
                  20000588    00000004     (.common:_lcdPortDataLower)
                  2000058c    00000004     (.common:_lcdPortDataUpper)
                  20000590    00000004     (.common:g_vui8DataFlag)
                  20000594    00000004     (.common:ulFlags$1)

.data      0    20000598    0000013c     UNINITIALIZED
                  20000598    000000b0     rtsv7M4_T_le_v4SPD16_eabi.lib : signal.obj (.data:sigtable)
                  20000648    00000068                                   : xfvalues.obj (.data)
                  200006b0    00000008                                   : _lock.obj (.data)
                  200006b8    00000008                                   : exit.obj (.data)
                  200006c0    00000008                                   : feraiseexcept.obj (.data)
                  200006c8    00000004     rgb.obj (.data)
                  200006cc    00000004     rtsv7M4_T_le_v4SPD16_eabi.lib : errno.obj (.data)
                  200006d0    00000004                                   : stkdepth_vars.obj (.data)


LINKER GENERATED COPY TABLES

__TI_cinit_table @ 00002e10 records: 2, size/record: 8, table size: 16
	.data: load addr=00002db8, load size=0000003f bytes, run addr=20000598, run size=0000013c bytes, compression=rle
	.bss: load addr=00002e08, load size=00000008 bytes, run addr=20000400, run size=00000198 bytes, compression=zero_init


LINKER GENERATED HANDLER TABLE

__TI_handler_table @ 00002df8 records: 3, size/record: 4, table size: 12
	index: 0, handler: __TI_decompress_rle24
	index: 1, handler: __TI_decompress_none
	index: 2, handler: __TI_zero_init


GLOBAL SYMBOLS: SORTED ALPHABETICALLY BY Name 

address    name
--------   ----
00002b19   BMP180AppCallback
00000925   BMP180DataPressureGetFloat
00002239   BMP180DataRead
00001e79   BMP180DataTemperatureGetFloat
00002b59   BMP180I2CIntHandler
00002291   BMP180Init
00002619   C$$EXIT
00002b65   CPUcpsie
0000291f   GPIODirModeSet
0000190d   GPIOPadConfigSet
00002425   GPIOPinConfigure
00002abd   GPIOPinTypeGPIOOutput
00002acf   GPIOPinTypeI2C
00002ae1   GPIOPinTypeI2CSCL
00002ba9   GPIOPinWrite
00001df5   I2CMCommand
00002791   I2CMInit
000015d9   I2CMIntHandler
00002bd9   I2CMasterControl
00002bdd   I2CMasterDataGet
00002be1   I2CMasterDataPut
00002b7d   I2CMasterEnable
00002a55   I2CMasterErr
000024b5   I2CMasterInitExpClk
00002b91   I2CMasterIntClear
00002b99   I2CMasterIntEnableEx
00002ba1   I2CMasterSlaveAddrSet
000020bd   IntDisable
0000211d   IntEnable
00002059   IntIsEnabled
00002b87   IntMasterEnable
00002b71   IntTrigger
00001bad   RGBBlinkIntHandler
00001f75   RGBBlinkRateSet
00001cd5   RGBColorSet
0000178d   RGBEnable
000013dd   RGBInit
00002a6d   RGBIntensitySet
00002baf   ResetISR
UNDEFED    SHT$$INIT_ARRAY$$Base
UNDEFED    SHT$$INIT_ARRAY$$Limit
000019c5   SysCtlClockGet
000012d9   SysCtlClockSet
00002bb5   SysCtlDelay
000027c5   SysCtlPeripheralEnable
00002a81   SysTickEnable
00002a95   SysTickIntEnable
00002861   SysTickIntHandler
00002b29   SysTickPeriodSet
200006cc   _Errno
20000648   _FDenorm
00001d65   _FDint
00001ef9   _FDnorm
0000184d   _FDscale
000022e9   _FDunscale
20000658   _FEps
00000ea5   _FExp
20000668   _FInf
00001029   _FLog
20000678   _FNan
20000698   _FRteps
20000688   _FSnan
200006a8   _FXbig
200006ac   _FZero
200006c0   _Fenv
000028c1   _Feraise
200006c4   _Tls_setup__Fenv
20000400   __STACK_END
00000400   __STACK_SIZE
20000400   __STACK_TOP
00002e10   __TI_CINIT_Base
00002e20   __TI_CINIT_Limit
00002df8   __TI_Handler_Table_Base
00002e04   __TI_Handler_Table_Limit
00000001   __TI_args_main
00001c41   __TI_auto_init
200006b8   __TI_cleanup_ptr
00002b49   __TI_decompress_none
00002bbb   __TI_decompress_rle24
200006bc   __TI_dtors_ptr
00000000   __TI_static_base__
00002af3   __TI_zero_init
000023db   __aeabi_d2f
00002545   __aeabi_d2iz
00000cf7   __aeabi_dadd
000011a1   __aeabi_ddiv
000014dd   __aeabi_dmul
00000ced   __aeabi_dsub
00002759   __aeabi_f2d
0000233d   __aeabi_f2ulz
00001a79   __aeabi_memcpy
00001a79   __aeabi_memcpy4
00001a79   __aeabi_memcpy8
ffffffff   __binit__
ffffffff   __c_args__
20000000   __stack
00002a3d   _args_main
000024fd   _c_int00
20000580   _lcdInited
20000584   _lcdPortControl
20000588   _lcdPortDataLower
2000058c   _lcdPortDataUpper
200006b0   _lock
00002ab7   _nop
00002aaf   _register_lock
00002aa9   _register_unlock
200006b4   _unlock
0000261d   abort
ffffffff   binit
000025d5   copy_in
00002625   exit
000027f9   feraiseexcept
00000000   g_pfnVectors
20000568   g_pui32Colors
20000524   g_sBMP180Inst
20000400   g_sI2CInst
20000590   g_vui8DataFlag
00002b05   gpioSetDigitalEnable
00002b39   gpioSetDirection
00001fed   gpioSetMasterEnable
000029c5   initLCD
00002bc1   lcdClear
00002bc7   lcdCursorHome
00002bcd   lcdCursorHomeDown
000016c5   lcdInit
00002a09   lcdWriteCommand
00002975   lcdWriteCommit
0000299d   lcdWriteData
00002be5   lcdWriteLetter
0000282d   lcdWriteLine
00002891   lcdWriteToPort
00002bd3   logf
0000065d   main
200006d0   main_func_sp
00001a79   memcpy
0000026d   powf
000028f1   raise
0000269d   signal


GLOBAL SYMBOLS: SORTED BY Symbol Address 

address    name
--------   ----
00000000   __TI_static_base__
00000000   g_pfnVectors
00000001   __TI_args_main
0000026d   powf
00000400   __STACK_SIZE
0000065d   main
00000925   BMP180DataPressureGetFloat
00000ced   __aeabi_dsub
00000cf7   __aeabi_dadd
00000ea5   _FExp
00001029   _FLog
000011a1   __aeabi_ddiv
000012d9   SysCtlClockSet
000013dd   RGBInit
000014dd   __aeabi_dmul
000015d9   I2CMIntHandler
000016c5   lcdInit
0000178d   RGBEnable
0000184d   _FDscale
0000190d   GPIOPadConfigSet
000019c5   SysCtlClockGet
00001a79   __aeabi_memcpy
00001a79   __aeabi_memcpy4
00001a79   __aeabi_memcpy8
00001a79   memcpy
00001bad   RGBBlinkIntHandler
00001c41   __TI_auto_init
00001cd5   RGBColorSet
00001d65   _FDint
00001df5   I2CMCommand
00001e79   BMP180DataTemperatureGetFloat
00001ef9   _FDnorm
00001f75   RGBBlinkRateSet
00001fed   gpioSetMasterEnable
00002059   IntIsEnabled
000020bd   IntDisable
0000211d   IntEnable
00002239   BMP180DataRead
00002291   BMP180Init
000022e9   _FDunscale
0000233d   __aeabi_f2ulz
000023db   __aeabi_d2f
00002425   GPIOPinConfigure
000024b5   I2CMasterInitExpClk
000024fd   _c_int00
00002545   __aeabi_d2iz
000025d5   copy_in
00002619   C$$EXIT
0000261d   abort
00002625   exit
0000269d   signal
00002759   __aeabi_f2d
00002791   I2CMInit
000027c5   SysCtlPeripheralEnable
000027f9   feraiseexcept
0000282d   lcdWriteLine
00002861   SysTickIntHandler
00002891   lcdWriteToPort
000028c1   _Feraise
000028f1   raise
0000291f   GPIODirModeSet
00002975   lcdWriteCommit
0000299d   lcdWriteData
000029c5   initLCD
00002a09   lcdWriteCommand
00002a3d   _args_main
00002a55   I2CMasterErr
00002a6d   RGBIntensitySet
00002a81   SysTickEnable
00002a95   SysTickIntEnable
00002aa9   _register_unlock
00002aaf   _register_lock
00002ab7   _nop
00002abd   GPIOPinTypeGPIOOutput
00002acf   GPIOPinTypeI2C
00002ae1   GPIOPinTypeI2CSCL
00002af3   __TI_zero_init
00002b05   gpioSetDigitalEnable
00002b19   BMP180AppCallback
00002b29   SysTickPeriodSet
00002b39   gpioSetDirection
00002b49   __TI_decompress_none
00002b59   BMP180I2CIntHandler
00002b65   CPUcpsie
00002b71   IntTrigger
00002b7d   I2CMasterEnable
00002b87   IntMasterEnable
00002b91   I2CMasterIntClear
00002b99   I2CMasterIntEnableEx
00002ba1   I2CMasterSlaveAddrSet
00002ba9   GPIOPinWrite
00002baf   ResetISR
00002bb5   SysCtlDelay
00002bbb   __TI_decompress_rle24
00002bc1   lcdClear
00002bc7   lcdCursorHome
00002bcd   lcdCursorHomeDown
00002bd3   logf
00002bd9   I2CMasterControl
00002bdd   I2CMasterDataGet
00002be1   I2CMasterDataPut
00002be5   lcdWriteLetter
00002df8   __TI_Handler_Table_Base
00002e04   __TI_Handler_Table_Limit
00002e10   __TI_CINIT_Base
00002e20   __TI_CINIT_Limit
20000000   __stack
20000400   __STACK_END
20000400   __STACK_TOP
20000400   g_sI2CInst
20000524   g_sBMP180Inst
20000568   g_pui32Colors
20000580   _lcdInited
20000584   _lcdPortControl
20000588   _lcdPortDataLower
2000058c   _lcdPortDataUpper
20000590   g_vui8DataFlag
20000648   _FDenorm
20000658   _FEps
20000668   _FInf
20000678   _FNan
20000688   _FSnan
20000698   _FRteps
200006a8   _FXbig
200006ac   _FZero
200006b0   _lock
200006b4   _unlock
200006b8   __TI_cleanup_ptr
200006bc   __TI_dtors_ptr
200006c0   _Fenv
200006c4   _Tls_setup__Fenv
200006cc   _Errno
200006d0   main_func_sp
ffffffff   __binit__
ffffffff   __c_args__
ffffffff   binit
UNDEFED    SHT$$INIT_ARRAY$$Base
UNDEFED    SHT$$INIT_ARRAY$$Limit

[138 symbols]
